Archive member included because of file (symbol)

libbb/lib.a(appletlib.o)      /home/ssbai/mini2440_buildroot/output/host/usr/arm-buildroot-linux-gnueabi/sysroot/usr/lib/crt1.o (main)
libbb/lib.a(concat_path_file.o)
                              libbb/lib.a(appletlib.o) (concat_path_file)
libbb/lib.a(default_error_retval.o)
                              libbb/lib.a(appletlib.o) (xfunc_error_retval)
libbb/lib.a(get_last_path_component.o)
                              libbb/lib.a(appletlib.o) (bb_get_last_path_component_nostrip)
libbb/lib.a(last_char_is.o)   libbb/lib.a(concat_path_file.o) (last_char_is)
libbb/lib.a(messages.o)       libbb/lib.a(appletlib.o) (bb_banner)
libbb/lib.a(perror_msg.o)     libbb/lib.a(appletlib.o) (bb_simple_perror_msg)
libbb/lib.a(ptr_to_globals.o)
                              libbb/lib.a(appletlib.o) (bb_errno)
libbb/lib.a(verror_msg.o)     libbb/lib.a(perror_msg.o) (bb_verror_msg)
libbb/lib.a(xfunc_die.o)      libbb/lib.a(appletlib.o) (xfunc_die)
libbb/lib.a(xfuncs.o)         libbb/lib.a(appletlib.o) (get_terminal_width_height)
libbb/lib.a(xfuncs_printf.o)  libbb/lib.a(appletlib.o) (xsetuid)
libbb/lib.a(xreadlink.o)      libbb/lib.a(appletlib.o) (xmalloc_readlink)
libbb/lib.a(copyfd.o)         libbb/lib.a(xfuncs_printf.o) (bb_copyfd_eof)
libbb/lib.a(full_write.o)     libbb/lib.a(verror_msg.o) (full_write)
libbb/lib.a(read.o)           libbb/lib.a(copyfd.o) (safe_read)
libbb/lib.a(safe_write.o)     libbb/lib.a(full_write.o) (safe_write)
libbb/lib.a(time.o)           libbb/lib.a(xfuncs_printf.o) (monotonic_us)
libbb/lib.a(bb_strtonum.o)    libbb/lib.a(time.o) (bb_strtol)
loginutils/lib.a(addgroup.o)  libbb/lib.a(appletlib.o) (addgroup_main)
loginutils/lib.a(adduser.o)   libbb/lib.a(appletlib.o) (adduser_main)
loginutils/lib.a(deluser.o)   libbb/lib.a(appletlib.o) (deluser_main)
loginutils/lib.a(getty.o)     libbb/lib.a(appletlib.o) (getty_main)
loginutils/lib.a(login.o)     libbb/lib.a(appletlib.o) (login_main)
loginutils/lib.a(passwd.o)    libbb/lib.a(appletlib.o) (passwd_main)
loginutils/lib.a(su.o)        libbb/lib.a(appletlib.o) (su_main)
loginutils/lib.a(sulogin.o)   libbb/lib.a(appletlib.o) (sulogin_main)
loginutils/lib.a(vlock.o)     libbb/lib.a(appletlib.o) (vlock_main)
miscutils/lib.a(chrt.o)       libbb/lib.a(appletlib.o) (chrt_main)
miscutils/lib.a(crond.o)      libbb/lib.a(appletlib.o) (crond_main)
miscutils/lib.a(crontab.o)    libbb/lib.a(appletlib.o) (crontab_main)
miscutils/lib.a(dc.o)         libbb/lib.a(appletlib.o) (dc_main)
miscutils/lib.a(devmem.o)     libbb/lib.a(appletlib.o) (devmem_main)
miscutils/lib.a(eject.o)      libbb/lib.a(appletlib.o) (eject_main)
miscutils/lib.a(hdparm.o)     libbb/lib.a(appletlib.o) (hdparm_main)
miscutils/lib.a(last.o)       libbb/lib.a(appletlib.o) (last_main)
miscutils/lib.a(less.o)       libbb/lib.a(appletlib.o) (less_main)
miscutils/lib.a(makedevs.o)   libbb/lib.a(appletlib.o) (makedevs_main)
miscutils/lib.a(microcom.o)   libbb/lib.a(appletlib.o) (microcom_main)
miscutils/lib.a(mountpoint.o)
                              libbb/lib.a(appletlib.o) (mountpoint_main)
miscutils/lib.a(mt.o)         libbb/lib.a(appletlib.o) (mt_main)
miscutils/lib.a(runlevel.o)   libbb/lib.a(appletlib.o) (runlevel_main)
miscutils/lib.a(setserial.o)  libbb/lib.a(appletlib.o) (setserial_main)
miscutils/lib.a(setsid.o)     libbb/lib.a(appletlib.o) (setsid_main)
miscutils/lib.a(strings.o)    libbb/lib.a(appletlib.o) (strings_main)
miscutils/lib.a(time.o)       libbb/lib.a(appletlib.o) (time_main)
miscutils/lib.a(watchdog.o)   libbb/lib.a(appletlib.o) (watchdog_main)
modutils/lib.a(insmod.o)      libbb/lib.a(appletlib.o) (insmod_main)
modutils/lib.a(lsmod.o)       libbb/lib.a(appletlib.o) (lsmod_main)
modutils/lib.a(modprobe.o)    libbb/lib.a(appletlib.o) (modprobe_main)
modutils/lib.a(modutils.o)    modutils/lib.a(modprobe.o) (replace)
modutils/lib.a(rmmod.o)       libbb/lib.a(appletlib.o) (rmmod_main)
networking/lib.a(arping.o)    libbb/lib.a(appletlib.o) (arping_main)
networking/lib.a(dnsd.o)      libbb/lib.a(appletlib.o) (dnsd_main)
networking/lib.a(ether-wake.o)
                              libbb/lib.a(appletlib.o) (ether_wake_main)
networking/lib.a(hostname.o)  libbb/lib.a(appletlib.o) (hostname_main)
networking/lib.a(ifconfig.o)  libbb/lib.a(appletlib.o) (ifconfig_main)
networking/lib.a(ifupdown.o)  libbb/lib.a(appletlib.o) (ifupdown_main)
networking/lib.a(inetd.o)     libbb/lib.a(appletlib.o) (inetd_main)
networking/lib.a(interface.o)
                              networking/lib.a(ifconfig.o) (display_interfaces)
networking/lib.a(ip.o)        libbb/lib.a(appletlib.o) (iptunnel_main)
networking/lib.a(nameif.o)    libbb/lib.a(appletlib.o) (nameif_main)
networking/lib.a(netstat.o)   libbb/lib.a(appletlib.o) (netstat_main)
networking/lib.a(nslookup.o)  libbb/lib.a(appletlib.o) (nslookup_main)
networking/lib.a(ping.o)      libbb/lib.a(appletlib.o) (ping_main)
networking/lib.a(route.o)     networking/lib.a(netstat.o) (bb_displayroutes)
[...]
Memory Configuration

Name             Origin             Length             Attributes
*default*        0x00000000         0xffffffff

Linker script and memory map

LOAD /home/ssbai/mini2440_buildroot/output/host/usr/arm-buildroot-linux-gnueabi/sysroot/usr/lib/crt1.o
LOAD /home/ssbai/mini2440_buildroot/output/host/usr/arm-buildroot-linux-gnueabi/sysroot/usr/lib/crti.o
LOAD /home/ssbai/mini2440_buildroot/FriendlyARM/toolschain/4.4.3/bin/../lib/gcc/arm-none-linux-gnueabi/4.4.3/crtbegin.o
START GROUP
LOAD applets/built-in.o
LOAD archival/lib.a
LOAD archival/libarchive/lib.a
LOAD console-tools/lib.a
LOAD coreutils/lib.a
LOAD coreutils/libcoreutils/lib.a
LOAD debianutils/lib.a
LOAD e2fsprogs/lib.a
LOAD editors/lib.a
LOAD findutils/lib.a
LOAD init/lib.a
LOAD libbb/lib.a
LOAD libpwdgrp/lib.a
LOAD loginutils/lib.a
LOAD mailutils/lib.a
LOAD miscutils/lib.a
LOAD modutils/lib.a
LOAD networking/lib.a
LOAD networking/libiproute/lib.a
LOAD networking/udhcp/lib.a
LOAD printutils/lib.a
LOAD procps/lib.a
LOAD runit/lib.a
LOAD selinux/lib.a
LOAD shell/lib.a
LOAD sysklogd/lib.a
LOAD util-linux/lib.a
LOAD util-linux/volume_id/lib.a
LOAD archival/built-in.o
LOAD archival/libarchive/built-in.o
LOAD console-tools/built-in.o
LOAD coreutils/built-in.o
LOAD coreutils/libcoreutils/built-in.o
LOAD debianutils/built-in.o
LOAD e2fsprogs/built-in.o
LOAD editors/built-in.o
LOAD findutils/built-in.o
LOAD init/built-in.o
LOAD libbb/built-in.o
LOAD libpwdgrp/built-in.o
LOAD loginutils/built-in.o
LOAD mailutils/built-in.o
LOAD miscutils/built-in.o
LOAD modutils/built-in.o
LOAD networking/built-in.o
LOAD networking/libiproute/built-in.o
LOAD networking/udhcp/built-in.o
LOAD printutils/built-in.o
LOAD procps/built-in.o
LOAD runit/built-in.o
LOAD selinux/built-in.o
LOAD shell/built-in.o
LOAD sysklogd/built-in.o
LOAD util-linux/built-in.o
LOAD util-linux/volume_id/built-in.o
END GROUP
START GROUP
END GROUP
LOAD /home/ssbai/mini2440_buildroot/FriendlyARM/toolschain/4.4.3/bin/../lib/gcc/arm-none-linux-gnueabi/4.4.3/libgcc.a
LOAD /home/ssbai/mini2440_buildroot/FriendlyARM/toolschain/4.4.3/bin/../lib/gcc/arm-none-linux-gnueabi/4.4.3/libgcc_eh.a
LOAD /home/ssbai/mini2440_buildroot/output/host/usr/arm-buildroot-linux-gnueabi/sysroot/usr/lib/libc.so
START GROUP
LOAD /home/ssbai/mini2440_buildroot/output/host/usr/arm-buildroot-linux-gnueabi/sysroot/lib/libc.so.6
LOAD /home/ssbai/mini2440_buildroot/output/host/usr/arm-buildroot-linux-gnueabi/sysroot/usr/lib/libc_nonshared.a
LOAD /home/ssbai/mini2440_buildroot/output/host/usr/arm-buildroot-linux-gnueabi/sysroot/lib/ld-linux.so.3
END GROUP
LOAD /home/ssbai/mini2440_buildroot/FriendlyARM/toolschain/4.4.3/bin/../lib/gcc/arm-none-linux-gnueabi/4.4.3/libgcc.a
LOAD /home/ssbai/mini2440_buildroot/FriendlyARM/toolschain/4.4.3/bin/../lib/gcc/arm-none-linux-gnueabi/4.4.3/libgcc_eh.a
LOAD /home/ssbai/mini2440_buildroot/FriendlyARM/toolschain/4.4.3/bin/../lib/gcc/arm-none-linux-gnueabi/4.4.3/crtend.o
LOAD /home/ssbai/mini2440_buildroot/output/host/usr/arm-buildroot-linux-gnueabi/sysroot/usr/lib/crtn.o
                0x00008000                PROVIDE (__executable_start, 0x8000)
                0x00008154                . = (0x8000 + SIZEOF_HEADERS)

.interp         0x00008154       0x13
 *(SORT(.interp))
 .interp        0x00008154       0x13 /home/ssbai/mini2440_buildroot/output/host/usr/arm-buildroot-linux-gnueabi/sysroot/usr/lib/crti.o

.note.gnu.build-id
 *(SORT(.note.gnu.build-id))

.hash           0x00008168      0x9a0
 *(SORT(.hash))
 .hash          0x00008168      0x9a0 /home/ssbai/mini2440_buildroot/output/host/usr/arm-buildroot-linux-gnueabi/sysroot/usr/lib/crti.o

.gnu.hash       0x00008b08      0xa8c
 *(SORT(.gnu.hash))
 .gnu.hash      0x00008b08      0xa8c /home/ssbai/mini2440_buildroot/output/host/usr/arm-buildroot-linux-gnueabi/sysroot/usr/lib/crti.o

.dynsym         0x00009594     0x15f0
 *(SORT(.dynsym))
 .dynsym        0x00009594     0x15f0 /home/ssbai/mini2440_buildroot/output/host/usr/arm-buildroot-linux-gnueabi/sysroot/usr/lib/crti.o

.dynstr         0x0000ab84      0xb8f
 *(SORT(.dynstr))
 .dynstr        0x0000ab84      0xb8f /home/ssbai/mini2440_buildroot/output/host/usr/arm-buildroot-linux-gnueabi/sysroot/usr/lib/crti.o

.gnu.version    0x0000b714      0x2be
 *(SORT(.gnu.version))
 .gnu.version   0x0000b714      0x2be /home/ssbai/mini2440_buildroot/output/host/usr/arm-buildroot-linux-gnueabi/sysroot/usr/lib/crti.o

.gnu.version_d  0x0000b9d4        0x0 load address 0x0000b9d2
 *(SORT(.gnu.version_d))
 .gnu.version_d
                0x00000000        0x0 /home/ssbai/mini2440_buildroot/output/host/usr/arm-buildroot-linux-gnueabi/sysroot/usr/lib/crti.o

.gnu.version_r  0x0000b9d4       0x20
 *(SORT(.gnu.version_r))
 .gnu.version_r
                0x0000b9d4       0x20 /home/ssbai/mini2440_buildroot/output/host/usr/arm-buildroot-linux-gnueabi/sysroot/usr/lib/crti.o

.rel.dyn        0x0000b9f4       0x70
 *(SORT(.rel.init))
 *(SORT(.rel.text) SORT(.rel.text.*) SORT(.rel.gnu.linkonce.t.*))
 *(SORT(.rel.fini))
 *(SORT(.rel.rodata) SORT(.rel.rodata.*) SORT(.rel.gnu.linkonce.r.*))
 *(SORT(.rel.data.rel.ro*) SORT(.rel.gnu.linkonce.d.rel.ro.*))
 *(SORT(.rel.data) SORT(.rel.data.*) SORT(.rel.gnu.linkonce.d.*))
 *(SORT(.rel.tdata) SORT(.rel.tdata.*) SORT(.rel.gnu.linkonce.td.*))
 *(SORT(.rel.tbss) SORT(.rel.tbss.*) SORT(.rel.gnu.linkonce.tb.*))
 *(SORT(.rel.ctors))
 *(SORT(.rel.dtors))
 *(SORT(.rel.got))
 .rel.got       0x0000b9f4       0x28 /home/ssbai/mini2440_buildroot/output/host/usr/arm-buildroot-linux-gnueabi/sysroot/usr/lib/crti.o
 *(SORT(.rel.bss) SORT(.rel.bss.*) SORT(.rel.gnu.linkonce.b.*))
 .rel.bss       0x0000ba1c       0x48 /home/ssbai/mini2440_buildroot/output/host/usr/arm-buildroot-linux-gnueabi/sysroot/usr/lib/crti.o
                0x0000ba64                PROVIDE (__rel_iplt_start, .)
 *(SORT(.rel.iplt))
                0x0000ba64                PROVIDE (__rel_iplt_end, .)
                0x0000ba64                PROVIDE (__rela_iplt_start, .)
                0x0000ba64                PROVIDE (__rela_iplt_end, .)

.rela.dyn       0x0000ba64        0x0
 *(SORT(.rela.init))
 *(SORT(.rela.text) SORT(.rela.text.*) SORT(.rela.gnu.linkonce.t.*))
 *(SORT(.rela.fini))
 *(SORT(.rela.rodata) SORT(.rela.rodata.*) SORT(.rela.gnu.linkonce.r.*))
 *(SORT(.rela.data) SORT(.rela.data.*) SORT(.rela.gnu.linkonce.d.*))
 *(SORT(.rela.tdata) SORT(.rela.tdata.*) SORT(.rela.gnu.linkonce.td.*))
 *(SORT(.rela.tbss) SORT(.rela.tbss.*) SORT(.rela.gnu.linkonce.tb.*))
 *(SORT(.rela.ctors))
 *(SORT(.rela.dtors))
 *(SORT(.rela.got))
 *(SORT(.rela.bss) SORT(.rela.bss.*) SORT(.rela.gnu.linkonce.b.*))
                0x0000ba64                PROVIDE (__rel_iplt_start, .)
                0x0000ba64                PROVIDE (__rel_iplt_end, .)
                0x0000ba64                PROVIDE (__rela_iplt_start, .)
 *(SORT(.rela.iplt))
                0x0000ba64                PROVIDE (__rela_iplt_end, .)

.rel.plt        0x0000ba64      0xa60
 *(SORT(.rel.plt))
 .rel.plt       0x0000ba64      0xa60 /home/ssbai/mini2440_buildroot/output/host/usr/arm-buildroot-linux-gnueabi/sysroot/usr/lib/crti.o

.rela.plt
 *(SORT(.rela.plt))

.init           0x0000c4c4       0x10
 *(SORT(.init))
 .init          0x0000c4c4        0x8 /home/ssbai/mini2440_buildroot/output/host/usr/arm-buildroot-linux-gnueabi/sysroot/usr/lib/crti.o
                0x0000c4c4                _init
 .init          0x0000c4cc        0x8 /home/ssbai/mini2440_buildroot/output/host/usr/arm-buildroot-linux-gnueabi/sysroot/usr/lib/crtn.o

.plt            0x0000c4d4      0xfa4
 *(SORT(.plt))
 .plt           0x0000c4d4      0xfa4 /home/ssbai/mini2440_buildroot/output/host/usr/arm-buildroot-linux-gnueabi/sysroot/usr/lib/crti.o
                0x0000c4e8                pututline@@GLIBC_2.4
                0x0000c4f4                getnameinfo@@GLIBC_2.4
                0x0000c500                getpgrp@@GLIBC_2.4
                0x0000c50c                sync@@GLIBC_2.4
                0x0000c518                if_nametoindex@@GLIBC_2.4
                0x0000c524                qsort@@GLIBC_2.4
                0x0000c530                sigemptyset@@GLIBC_2.4
                0x0000c53c                strerror@@GLIBC_2.4
                0x0000c548                updwtmp@@GLIBC_2.4
                0x0000c554                fileno@@GLIBC_2.4
                0x0000c560                inet_ntop@@GLIBC_2.4
                0x0000c56c                regfree@@GLIBC_2.4
                0x0000c578                mkdir@@GLIBC_2.4
                0x0000c584                __sigsetjmp@@GLIBC_2.4
                0x0000c590                unsetenv@@GLIBC_2.4
                0x0000c59c                reboot@@GLIBC_2.4
                0x0000c5a8                hasmntopt@@GLIBC_2.4
                0x0000c5b4                localtime_r@@GLIBC_2.4
                0x0000c5c0                geteuid@@GLIBC_2.4
                0x0000c5cc                abort@@GLIBC_2.4
                0x0000c5d8                connect@@GLIBC_2.4
                0x0000c5e4                getsockname@@GLIBC_2.4
                0x0000c5f0                srand@@GLIBC_2.4
                0x0000c5fc                statfs64@@GLIBC_2.4
                0x0000c608                setgroups@@GLIBC_2.4
                0x0000c614                getchar_unlocked@@GLIBC_2.4
                0x0000c620                vprintf@@GLIBC_2.4
                0x0000c62c                strcasestr@@GLIBC_2.4
                0x0000c638                localtime@@GLIBC_2.4
                0x0000c644                opendir@@GLIBC_2.4
                0x0000c650                memcmp@@GLIBC_2.4
                0x0000c65c                sysconf@@GLIBC_2.4
                0x0000c668                syslog@@GLIBC_2.4
                0x0000c674                mktemp@@GLIBC_2.4
                0x0000c680                __libc_start_main@@GLIBC_2.4
                0x0000c68c                setlinebuf@@GLIBC_2.4
                0x0000c698                setbuf@@GLIBC_2.4
                0x0000c6a4                vasprintf@@GLIBC_2.4
                0x0000c6b0                mkstemp64@@GLIBC_2.4
                0x0000c6bc                inet_ntoa@@GLIBC_2.4
                0x0000c6c8                sigtimedwait@@GLIBC_2.4
                0x0000c6d4                signal@@GLIBC_2.4
                0x0000c6e0                getline@@GLIBC_2.4
                0x0000c6ec                msgget@@GLIBC_2.4
                0x0000c704                sched_yield@@GLIBC_2.4
                0x0000c710                tzset@@GLIBC_2.4
                0x0000c71c                cfgetispeed@@GLIBC_2.4
                0x0000c728                vsnprintf@@GLIBC_2.4
                0x0000c734                clearenv@@GLIBC_2.4
                0x0000c740                __gnu_Unwind_Find_exidx@@GLIBC_2.4
                0x0000c74c                strsep@@GLIBC_2.4
                0x0000c758                inet_addr@@GLIBC_2.4
                0x0000c764                vsprintf@@GLIBC_2.4
                0x0000c770                strptime@@GLIBC_2.4
                0x0000c77c                rename@@GLIBC_2.4
                0x0000c788                strncpy@@GLIBC_2.4
                0x0000c794                fclose@@GLIBC_2.4
                0x0000c7a0                recv@@GLIBC_2.4
                0x0000c7ac                getenv@@GLIBC_2.4
                0x0000c7b8                ftello64@@GLIBC_2.4
                0x0000c7c4                strtod@@GLIBC_2.4
                0x0000c7d0                system@@GLIBC_2.4
                0x0000c7dc                strchr@@GLIBC_2.4
                0x0000c7e8                putchar@@GLIBC_2.4
                0x0000c7f4                strcasecmp@@GLIBC_2.4
                0x0000c800                dirname@@GLIBC_2.4
                0x0000c80c                __cxa_atexit@@GLIBC_2.4
                0x0000c818                getgrnam@@GLIBC_2.4
                0x0000c824                msgctl@@GLIBC_2.4
                0x0000c830                swapon@@GLIBC_2.4
                0x0000c83c                pclose@@GLIBC_2.4
                0x0000c848                fchown@@GLIBC_2.4
                0x0000c854                listen@@GLIBC_2.4
                0x0000c860                dprintf@@GLIBC_2.4
                0x0000c86c                getgrouplist@@GLIBC_2.4
                0x0000c878                sendto@@GLIBC_2.4
                0x0000c884                stpcpy@@GLIBC_2.4
                0x0000c890                hstrerror@@GLIBC_2.4
                0x0000c89c                sched_get_priority_max@@GLIBC_2.4
                0x0000c8a8                mktime@@GLIBC_2.4
                0x0000c8b4                sched_setscheduler@@GLIBC_2.4
                0x0000c8c0                cfsetspeed@@GLIBC_2.4
                0x0000c8cc                setegid@@GLIBC_2.4
                0x0000c8d8                memset@@GLIBC_2.4
                0x0000c8e4                uname@@GLIBC_2.4
                0x0000c8f0                klogctl@@GLIBC_2.4
                0x0000c8fc                freeaddrinfo@@GLIBC_2.4
                0x0000c908                strrchr@@GLIBC_2.4
                0x0000c914                fsync@@GLIBC_2.4
                0x0000c920                setsid@@GLIBC_2.4
                0x0000c92c                getopt_long_only@@GLIBC_2.4
                0x0000c938                execvp@@GLIBC_2.4
                0x0000c944                ungetc@@GLIBC_2.4
                0x0000c95c                wait@@GLIBC_2.4
                0x0000c968                strtoll@@GLIBC_2.4
                0x0000c974                chmod@@GLIBC_2.4
                0x0000c980                execlp@@GLIBC_2.4
                0x0000c98c                __fxstat64@@GLIBC_2.4
                0x0000c998                fgets_unlocked@@GLIBC_2.4
                0x0000c9a4                tcgetpgrp@@GLIBC_2.4
                0x0000c9b0                swapoff@@GLIBC_2.4
                0x0000c9bc                usleep@@GLIBC_2.4
                0x0000c9c8                umount@@GLIBC_2.4
                0x0000c9d4                siglongjmp@@GLIBC_2.4
                0x0000c9e0                execle@@GLIBC_2.4
                0x0000c9ec                cfmakeraw@@GLIBC_2.4
                0x0000c9f8                _exit@@GLIBC_2.4
                0x0000ca04                getuid@@GLIBC_2.4
                0x0000ca10                strtoull@@GLIBC_2.4
                0x0000ca1c                tcdrain@@GLIBC_2.4
                0x0000ca28                __xmknod@@GLIBC_2.4
                0x0000ca34                free@@GLIBC_2.4
                0x0000ca40                sendmsg@@GLIBC_2.4
                0x0000ca4c                setpgid@@GLIBC_2.4
                0x0000ca58                read@@GLIBC_2.4
                0x0000ca64                write@@GLIBC_2.4
                0x0000ca70                getopt_long@@GLIBC_2.4
                0x0000ca7c                access@@GLIBC_2.4
                0x0000ca88                scanf@@GLIBC_2.4
                0x0000ca94                openlog@@GLIBC_2.4
                0x0000caa0                fputs_unlocked@@GLIBC_2.4
                0x0000caac                inet_pton@@GLIBC_2.4
                0x0000cab8                regerror@@GLIBC_2.4
                0x0000cac4                gettimeofday@@GLIBC_2.4
                0x0000cad0                gnu_dev_makedev@@GLIBC_2.4
                0x0000cadc                setpriority@@GLIBC_2.4
                0x0000cae8                accept@@GLIBC_2.4
                0x0000caf4                getrlimit64@@GLIBC_2.4
                0x0000cb00                sched_getscheduler@@GLIBC_2.4
                0x0000cb0c                bsearch@@GLIBC_2.4
                0x0000cb18                __res_init@@GLIBC_2.4
                0x0000cb24                tcgetattr@@GLIBC_2.4
                0x0000cb30                symlink@@GLIBC_2.4
                0x0000cb3c                tcflush@@GLIBC_2.4
                0x0000cb48                strchrnul@@GLIBC_2.4
                0x0000cb54                socket@@GLIBC_2.4
                0x0000cb60                tcsetpgrp@@GLIBC_2.4
                0x0000cb6c                pread64@@GLIBC_2.4
                0x0000cb78                execl@@GLIBC_2.4
                0x0000cb84                vfork@@GLIBC_2.4
                0x0000cb90                umask@@GLIBC_2.4
                0x0000cb9c                getaddrinfo@@GLIBC_2.4
                0x0000cba8                fflush@@GLIBC_2.4
                0x0000cbb4                regcomp@@GLIBC_2.4
                0x0000cbc0                inet_aton@@GLIBC_2.4
                0x0000cbcc                _setjmp@@GLIBC_2.4
                0x0000cbd8                ioctl@@GLIBC_2.4
                0x0000cbe4                setuid@@GLIBC_2.4
                0x0000cbf0                isatty@@GLIBC_2.4
                0x0000cbfc                strsignal@@GLIBC_2.4
                0x0000cc08                getpriority@@GLIBC_2.4
                0x0000cc14                ether_ntoa@@GLIBC_2.4
                0x0000cc20                mempcpy@@GLIBC_2.4
                0x0000cc2c                strlen@@GLIBC_2.4
                0x0000cc38                sscanf@@GLIBC_2.4
                0x0000cc44                getc_unlocked@@GLIBC_2.4
                0x0000cc50                unlink@@GLIBC_2.4
                0x0000cc5c                getopt@@GLIBC_2.4
                0x0000cc68                mallopt@@GLIBC_2.4
                0x0000cc74                strtoul@@GLIBC_2.4
                0x0000cc80                execv@@GLIBC_2.4
                0x0000cc8c                memcpy@@GLIBC_2.4
                0x0000cc98                __h_errno_location@@GLIBC_2.4
                0x0000cca4                fopen64@@GLIBC_2.4
                0x0000ccb0                getpwuid@@GLIBC_2.4
                0x0000ccbc                clearerr@@GLIBC_2.4
                0x0000ccc8                gethostid@@GLIBC_2.4
                0x0000ccd4                __res_state@@GLIBC_2.4
                0x0000cce0                stime@@GLIBC_2.4
                0x0000ccec                feof@@GLIBC_2.4
                0x0000ccf8                getppid@@GLIBC_2.4
                0x0000cd04                alarm@@GLIBC_2.4
                0x0000cd10                strtol@@GLIBC_2.4
                0x0000cd1c                sigaddset@@GLIBC_2.4
                0x0000cd28                strcpy@@GLIBC_2.4
                0x0000cd34                chroot@@GLIBC_2.4
                0x0000cd40                fseeko64@@GLIBC_2.4
                0x0000cd4c                waitpid@@GLIBC_2.4
                0x0000cd58                settimeofday@@GLIBC_2.4
                0x0000cd64                printf@@GLIBC_2.4
                0x0000cd70                ctime@@GLIBC_2.4
                0x0000cd7c                mkfifo@@GLIBC_2.4
                0x0000cd88                open64@@GLIBC_2.4
                0x0000cd94                raise@@GLIBC_2.4
                0x0000cda0                getegid@@GLIBC_2.4
                0x0000cdac                sethostname@@GLIBC_2.4
                0x0000cdb8                atoi@@GLIBC_2.4
                0x0000cdc4                longjmp@@GLIBC_2.4
                0x0000cdd0                gethostbyaddr@@GLIBC_2.4
                0x0000cddc                killpg@@GLIBC_2.4
                0x0000cde8                putenv@@GLIBC_2.4
                0x0000cdf4                getmntent_r@@GLIBC_2.4
                0x0000ce00                bind@@GLIBC_2.4
                0x0000ce0c                fdopen@@GLIBC_2.4
                0x0000ce18                atof@@GLIBC_2.4
                0x0000ce24                umount2@@GLIBC_2.4
                0x0000ce30                strstr@@GLIBC_2.4
                0x0000ce3c                select@@GLIBC_2.4
                0x0000ce48                realpath@@GLIBC_2.4
                0x0000ce54                wait3@@GLIBC_2.4
                0x0000ce60                close@@GLIBC_2.4
                0x0000ce6c                getlogin_r@@GLIBC_2.4
                0x0000ce78                fwrite@@GLIBC_2.4
                0x0000ce84                closedir@@GLIBC_2.4
                0x0000ce90                strncasecmp@@GLIBC_2.4
                0x0000ce9c                semctl@@GLIBC_2.4
                0x0000cea8                initgroups@@GLIBC_2.4
                0x0000ceb4                mount@@GLIBC_2.4
                0x0000cec0                strverscmp@@GLIBC_2.4
                0x0000cecc                time@@GLIBC_2.4
                0x0000ced8                __xstat64@@GLIBC_2.4
                0x0000cee4                fprintf@@GLIBC_2.4
                0x0000cef0                getutent@@GLIBC_2.4
                0x0000cefc                execve@@GLIBC_2.4
                0x0000cf08                strdup@@GLIBC_2.4
                0x0000cf14                lseek64@@GLIBC_2.4
                0x0000cf20                malloc@@GLIBC_2.4
                0x0000cf2c                freopen64@@GLIBC_2.4
                0x0000cf38                mmap64@@GLIBC_2.4
                0x0000cf44                endmntent@@GLIBC_2.4
                0x0000cf50                sigprocmask@@GLIBC_2.4
                0x0000cf5c                munlock@@GLIBC_2.4
                0x0000cf68                cfsetospeed@@GLIBC_2.4
                0x0000cf74                sched_get_priority_min@@GLIBC_2.4
                0x0000cf80                __cmsg_nxthdr@@GLIBC_2.4
                0x0000cf8c                sigaction@@GLIBC_2.4
                0x0000cf98                sigdelset@@GLIBC_2.4
                0x0000cfa4                gmtime_r@@GLIBC_2.4
                0x0000cfb0                chdir@@GLIBC_2.4
                0x0000cfbc                getspnam_r@@GLIBC_2.4
                0x0000cfc8                poll@@GLIBC_2.4
                0x0000cfd4                getmntent@@GLIBC_2.4
                0x0000cfe0                strnlen@@GLIBC_2.4
                0x0000cfec                setpgrp@@GLIBC_2.4
                0x0000cff8                sched_getparam@@GLIBC_2.4
                0x0000d004                strtok@@GLIBC_2.4
                0x0000d010                getcwd@@GLIBC_2.4
                0x0000d01c                rmdir@@GLIBC_2.4
                0x0000d028                getgrgid@@GLIBC_2.4
                0x0000d034                regexec@@GLIBC_2.4
                0x0000d040                sleep@@GLIBC_2.4
                0x0000d04c                strcat@@GLIBC_2.4
                0x0000d058                memmove@@GLIBC_2.4
                0x0000d064                fnmatch@@GLIBC_2.4
                0x0000d070                setmntent@@GLIBC_2.4
                0x0000d07c                sigfillset@@GLIBC_2.4
                0x0000d088                popen@@GLIBC_2.4
                0x0000d094                ether_hostton@@GLIBC_2.4
                0x0000d0a0                endutent@@GLIBC_2.4
                0x0000d0ac                utmpname@@GLIBC_2.4
                0x0000d0b8                dup2@@GLIBC_2.4
                0x0000d0c4                puts@@GLIBC_2.4
                0x0000d0d0                strftime@@GLIBC_2.4
                0x0000d0dc                tcsetattr@@GLIBC_2.4
                0x0000d0e8                ether_aton_r@@GLIBC_2.4
                0x0000d100                getpid@@GLIBC_2.4
                0x0000d10c                closelog@@GLIBC_2.4
                0x0000d118                fcntl@@GLIBC_2.4
                0x0000d124                dup@@GLIBC_2.4
                0x0000d130                getpwent_r@@GLIBC_2.4
                0x0000d13c                readlink@@GLIBC_2.4
                0x0000d148                cfgetospeed@@GLIBC_2.4
                0x0000d154                memrchr@@GLIBC_2.4
                0x0000d160                fork@@GLIBC_2.4
                0x0000d16c                shmctl@@GLIBC_2.4
                0x0000d178                recvmsg@@GLIBC_2.4
                0x0000d184                rand@@GLIBC_2.4
                0x0000d190                munmap@@GLIBC_2.4
                0x0000d19c                strspn@@GLIBC_2.4
                0x0000d1a8                __lxstat64@@GLIBC_2.4
                0x0000d1b4                readdir64@@GLIBC_2.4
                0x0000d1c0                lchown@@GLIBC_2.4
                0x0000d1cc                mlock@@GLIBC_2.4
                0x0000d1d8                seteuid@@GLIBC_2.4
                0x0000d1e4                personality@@GLIBC_2.4
                0x0000d1f0                setutent@@GLIBC_2.4
                0x0000d1fc                vfprintf@@GLIBC_2.4
                0x0000d208                snprintf@@GLIBC_2.4
                0x0000d214                pivot_root@@GLIBC_2.4
                0x0000d220                strcspn@@GLIBC_2.4
                0x0000d22c                fread@@GLIBC_2.4
                0x0000d238                getusershell@@GLIBC_2.4
                0x0000d244                tcsendbreak@@GLIBC_2.4
                0x0000d250                times@@GLIBC_2.4
                0x0000d25c                strncmp@@GLIBC_2.4
                0x0000d268                getservbyport@@GLIBC_2.4
                0x0000d274                gnu_dev_major@@GLIBC_2.4
                0x0000d280                putc_unlocked@@GLIBC_2.4
                0x0000d28c                kill@@GLIBC_2.4
                0x0000d298                link@@GLIBC_2.4
                0x0000d2a4                setgid@@GLIBC_2.4
                0x0000d2b0                ferror@@GLIBC_2.4
                0x0000d2bc                utimes@@GLIBC_2.4
                0x0000d2c8                gethostbyname@@GLIBC_2.4
                0x0000d2d4                realloc@@GLIBC_2.4
                0x0000d2e0                ftruncate64@@GLIBC_2.4
                0x0000d2ec                chown@@GLIBC_2.4
                0x0000d2f8                setrlimit64@@GLIBC_2.4
                0x0000d304                getgroups@@GLIBC_2.4
                0x0000d310                recvfrom@@GLIBC_2.4
                0x0000d31c                sysinfo@@GLIBC_2.4
                0x0000d328                endusershell@@GLIBC_2.4
                0x0000d334                getservbyname@@GLIBC_2.4
                0x0000d340                pipe@@GLIBC_2.4
                0x0000d34c                endgrent@@GLIBC_2.4
                0x0000d358                syscall@@GLIBC_2.4
                0x0000d364                setsockopt@@GLIBC_2.4
                0x0000d370                getsid@@GLIBC_2.4
                0x0000d37c                strpbrk@@GLIBC_2.4
                0x0000d388                memchr@@GLIBC_2.4
                0x0000d394                fchmod@@GLIBC_2.4
                0x0000d3a0                tcgetsid@@GLIBC_2.4
                0x0000d3ac                setenv@@GLIBC_2.4
                0x0000d3b8                strcmp@@GLIBC_2.4
                0x0000d3c4                exit@@GLIBC_2.4
                0x0000d3d0                cfsetispeed@@GLIBC_2.4
                0x0000d3dc                __errno_location@@GLIBC_2.4
                0x0000d3e8                gnu_dev_minor@@GLIBC_2.4
                0x0000d3f4                putchar_unlocked@@GLIBC_2.4
                0x0000d400                ttyname_r@@GLIBC_2.4
                0x0000d40c                sprintf@@GLIBC_2.4
                0x0000d418                getpwnam@@GLIBC_2.4
                0x0000d424                fscanf@@GLIBC_2.4
                0x0000d430                mkdtemp@@GLIBC_2.4
                0x0000d43c                getgid@@GLIBC_2.4
                0x0000d448                getpagesize@@GLIBC_2.4
                0x0000d454                fputs@@GLIBC_2.4
                0x0000d460                semget@@GLIBC_2.4
                0x0000d46c                shmget@@GLIBC_2.4

.iplt
 *(SORT(.iplt))

.text           0x0000d478    0x7af48
 *(SORT(.text.unlikely) SORT(.text.*_unlikely))
 *(SORT(.text) SORT(.stub) SORT(.text.*) SORT(.gnu.linkonce.t.*))
 .text          0x0000d478       0x38 /home/ssbai/mini2440_buildroot/output/host/usr/arm-buildroot-linux-gnueabi/sysroot/usr/lib/crt1.o
                0x0000d478                _start
 .text          0x0000d4b0       0x2c /home/ssbai/mini2440_buildroot/output/host/usr/arm-buildroot-linux-gnueabi/sysroot/usr/lib/crti.o
 .text          0x0000d4dc       0x50 /home/ssbai/mini2440_buildroot/FriendlyARM/toolschain/4.4.3/bin/../lib/gcc/arm-none-linux-gnueabi/4.4.3/crtbegin.o
 .text.applet_name_compare
                0x0000d52c       0x34 libbb/lib.a(appletlib.o)
 .text.lbb_prepare
                0x0000d560       0x2c libbb/lib.a(appletlib.o)
                0x0000d560                lbb_prepare
 .text.find_applet_by_name
                0x0000d58c       0x2c libbb/lib.a(appletlib.o)
                0x0000d58c                find_applet_by_name
 .text.bb_show_usage
                0x0000d5b8       0xa4 libbb/lib.a(appletlib.o)
                0x0000d5b8                bb_show_usage
 .text.run_applet_no_and_exit
                0x0000d65c      0x10c libbb/lib.a(appletlib.o)
                0x0000d65c                run_applet_no_and_exit
 .text.run_applet_and_exit
                0x0000d768      0x390 libbb/lib.a(appletlib.o)
                0x0000d768                run_applet_and_exit
 .text.main     0x0000daf8       0x90 libbb/lib.a(appletlib.o)
                0x0000daf8                main
 .text.concat_path_file
                0x0000db88       0x68 libbb/lib.a(concat_path_file.o)
                0x0000db88                concat_path_file
 .text.bb_get_last_path_component_nostrip
                0x0000dbf0       0x3c libbb/lib.a(get_last_path_component.o)
                0x0000dbf0                bb_get_last_path_component_nostrip
 .text.bb_get_last_path_component_strip
                0x0000dc2c       0x50 libbb/lib.a(get_last_path_component.o)
                0x0000dc2c                bb_get_last_path_component_strip
 .text.bb_basename
                0x0000dc7c       0x24 libbb/lib.a(get_last_path_component.o)
                0x0000dc7c                bb_basename
 .text.last_char_is
                0x0000dca0       0x40 libbb/lib.a(last_char_is.o)
                0x0000dca0                last_char_is
 .text.bb_perror_msg
                0x0000dce0       0x44 libbb/lib.a(perror_msg.o)
                0x0000dce0                bb_perror_msg
 .text.bb_simple_perror_msg
                0x0000dd24       0x10 libbb/lib.a(perror_msg.o)
                0x0000dd24                bb_simple_perror_msg
 .text.bb_perror_msg_and_die
                0x0000dd34       0x3c libbb/lib.a(perror_msg.o)
                0x0000dd34                bb_perror_msg_and_die
 .text.bb_simple_perror_msg_and_die
                0x0000dd70       0x10 libbb/lib.a(perror_msg.o)
                0x0000dd70                bb_simple_perror_msg_and_die
 .text.bb_verror_msg
                0x0000dd80      0x1c8 libbb/lib.a(verror_msg.o)
                0x0000dd80                bb_verror_msg
 .text.bb_error_msg
                0x0000df48       0x2c libbb/lib.a(verror_msg.o)
                0x0000df48                bb_error_msg
 .text.bb_error_msg_and_die
                0x0000df74       0x24 libbb/lib.a(verror_msg.o)
                0x0000df74                bb_error_msg_and_die
 .text.xfunc_die
                0x0000df98       0x24 libbb/lib.a(xfunc_die.o)
                0x0000df98                xfunc_die
 .text.utoa_to_buf
                0x0000dfbc       0x9c libbb/lib.a(xfuncs.o)
                0x0000dfbc                utoa_to_buf
 .text.itoa_to_buf
                0x0000e058       0x28 libbb/lib.a(xfuncs.o)
                0x0000e058                itoa_to_buf
 .text.utoa     0x0000e080       0x2c libbb/lib.a(xfuncs.o)
                0x0000e080                utoa
 .text.itoa     0x0000e0ac       0x2c libbb/lib.a(xfuncs.o)
                0x0000e0ac                itoa
 .text.bin2hex  0x0000e0d8       0x5c libbb/lib.a(xfuncs.o)
                0x0000e0d8                bin2hex
 .text.hex2bin  0x0000e134       0xf0 libbb/lib.a(xfuncs.o)
                0x0000e134                hex2bin
 .text.safe_waitpid
                0x0000e224       0x48 libbb/lib.a(xfuncs.o)
                0x0000e224                safe_waitpid
 .text.wait4pid
                0x0000e26c       0x5c libbb/lib.a(xfuncs.o)
                0x0000e26c                wait4pid
 .text.wait_any_nohang
                0x0000e2c8       0x10 libbb/lib.a(xfuncs.o)
                0x0000e2c8                wait_any_nohang
 .text.tcsetattr_stdin_TCSANOW
                0x0000e2d8       0x1c libbb/lib.a(xfuncs.o)
                0x0000e2d8                tcsetattr_stdin_TCSANOW
 .text.wh_helper
                0x0000e2f4       0x54 libbb/lib.a(xfuncs.o)
 .text.get_terminal_width_height
                0x0000e348       0xa0 libbb/lib.a(xfuncs.o)
                0x0000e348                get_terminal_width_height
 .text.full_write2_str
                0x0000e3e8       0x24 libbb/lib.a(xfuncs.o)
                0x0000e3e8                full_write2_str
 .text.full_write1_str
                0x0000e40c       0x24 libbb/lib.a(xfuncs.o)
                0x0000e40c                full_write1_str
 .text.bb_putchar_stderr
                0x0000e430       0x20 libbb/lib.a(xfuncs.o)
                0x0000e430                bb_putchar_stderr
 .text.strncpy_IFNAMSIZ
                0x0000e450       0x14 libbb/lib.a(xfuncs.o)
                0x0000e450                strncpy_IFNAMSIZ
 .text.close_on_exec_on
                0x0000e464       0x18 libbb/lib.a(xfuncs.o)
                0x0000e464                close_on_exec_on
 .text.ndelay_off
                0x0000e47c       0x30 libbb/lib.a(xfuncs.o)
                0x0000e47c                ndelay_off
 .text.ndelay_on
                0x0000e4ac       0x30 libbb/lib.a(xfuncs.o)
                0x0000e4ac                ndelay_on
 .text.xfork    0x0000e4dc       0x20 libbb/lib.a(xfuncs_printf.o)
                0x0000e4dc                xfork
 .text.xopen3   0x0000e4fc       0x28 libbb/lib.a(xfuncs_printf.o)
                0x0000e4fc                xopen3
 .text.xopen    0x0000e524        0xc libbb/lib.a(xfuncs_printf.o)
                0x0000e524                xopen
 .text.xopen_nonblocking
                0x0000e530        0x8 libbb/lib.a(xfuncs_printf.o)
                0x0000e530                xopen_nonblocking
 .text.xclose   0x0000e538       0x20 libbb/lib.a(xfuncs_printf.o)
                0x0000e538                xclose
 .text.bb_xioctl
                0x0000e558       0x20 libbb/lib.a(xfuncs_printf.o)
                0x0000e558                bb_xioctl
 .text.bb_ioctl_or_warn
                0x0000e578       0x24 libbb/lib.a(xfuncs_printf.o)
                0x0000e578                bb_ioctl_or_warn
 .text.ioctl_or_perror
                0x0000e59c       0x50 libbb/lib.a(xfuncs_printf.o)
                0x0000e59c                ioctl_or_perror
 .text.ioctl_or_perror_and_die
                0x0000e5ec       0x50 libbb/lib.a(xfuncs_printf.o)
                0x0000e5ec                ioctl_or_perror_and_die
 .text.xfstat   0x0000e63c       0x20 libbb/lib.a(xfuncs_printf.o)
                0x0000e63c                xfstat
 .text.xstat    0x0000e65c       0x28 libbb/lib.a(xfuncs_printf.o)
                0x0000e65c                xstat
 .text.xsendto  0x0000e684       0x40 libbb/lib.a(xfuncs_printf.o)
                0x0000e684                xsendto
 .text.xbind    0x0000e6c4       0x20 libbb/lib.a(xfuncs_printf.o)
                0x0000e6c4                xbind
 .text.xsocket  0x0000e6e4       0x20 libbb/lib.a(xfuncs_printf.o)
                0x0000e6e4                xsocket
 .text.xopendir
                0x0000e704       0x28 libbb/lib.a(xfuncs_printf.o)
                0x0000e704                xopendir
 .text.warn_opendir
                0x0000e72c       0x2c libbb/lib.a(xfuncs_printf.o)
                0x0000e72c                warn_opendir
 .text.open3_or_warn
                0x0000e758       0x2c libbb/lib.a(xfuncs_printf.o)
                0x0000e758                open3_or_warn
 .text.open_or_warn
                0x0000e784        0xc libbb/lib.a(xfuncs_printf.o)
                0x0000e784                open_or_warn
 .text.xchdir   0x0000e790       0x28 libbb/lib.a(xfuncs_printf.o)
                0x0000e790                xchdir
 .text.xchroot  0x0000e7b8       0x30 libbb/lib.a(xfuncs_printf.o)
                0x0000e7b8                xchroot
 .text.xseteuid
                0x0000e7e8       0x20 libbb/lib.a(xfuncs_printf.o)
                0x0000e7e8                xseteuid
 .text.xsetegid
                0x0000e808       0x20 libbb/lib.a(xfuncs_printf.o)
                0x0000e808                xsetegid
 .text.xsetuid  0x0000e828       0x20 libbb/lib.a(xfuncs_printf.o)
                0x0000e828                xsetuid
 .text.xsetgid  0x0000e848       0x20 libbb/lib.a(xfuncs_printf.o)
                0x0000e848                xsetgid
 .text.xsetenv  0x0000e868       0x24 libbb/lib.a(xfuncs_printf.o)
                0x0000e868                xsetenv
 .text.xasprintf
                0x0000e88c       0x40 libbb/lib.a(xfuncs_printf.o)
                0x0000e88c                xasprintf
 .text.bb_putchar
                0x0000e8cc       0x10 libbb/lib.a(xfuncs_printf.o)
                0x0000e8cc                bb_putchar
 .text.fflush_all
                0x0000e8dc       0x14 libbb/lib.a(xfuncs_printf.o)
                0x0000e8dc                fflush_all
 .text.xprint_and_close_file
                0x0000e8f0       0x3c libbb/lib.a(xfuncs_printf.o)
                0x0000e8f0                xprint_and_close_file
 .text.die_if_ferror
                0x0000e92c       0x28 libbb/lib.a(xfuncs_printf.o)
                0x0000e92c                die_if_ferror
 .text.die_if_ferror_stdout
                0x0000e954       0x18 libbb/lib.a(xfuncs_printf.o)
                0x0000e954                die_if_ferror_stdout
 .text.xmkstemp
                0x0000e96c       0x28 libbb/lib.a(xfuncs_printf.o)
                0x0000e96c                xmkstemp
 .text.xlseek   0x0000e994       0x54 libbb/lib.a(xfuncs_printf.o)
                0x0000e994                xlseek
 .text.xwrite   0x0000e9e8       0x28 libbb/lib.a(xfuncs_printf.o)
                0x0000e9e8                xwrite
 .text.xwrite_str
                0x0000ea10       0x28 libbb/lib.a(xfuncs_printf.o)
                0x0000ea10                xwrite_str
 .text.xdup2    0x0000ea38       0x24 libbb/lib.a(xfuncs_printf.o)
                0x0000ea38                xdup2
 .text.xmove_fd
                0x0000ea5c       0x24 libbb/lib.a(xfuncs_printf.o)
                0x0000ea5c                xmove_fd
 .text.xpipe    0x0000ea80       0x20 libbb/lib.a(xfuncs_printf.o)
                0x0000ea80                xpipe
 .text.xrename  0x0000eaa0       0x30 libbb/lib.a(xfuncs_printf.o)
                0x0000eaa0                xrename
 .text.xunlink  0x0000ead0       0x28 libbb/lib.a(xfuncs_printf.o)
                0x0000ead0                xunlink
 .text.xopen_as_uid_gid
                0x0000eaf8       0x60 libbb/lib.a(xfuncs_printf.o)
                0x0000eaf8                xopen_as_uid_gid
 .text.xfopen   0x0000eb58       0x28 libbb/lib.a(xfuncs_printf.o)
                0x0000eb58                xfopen
 .text.xstrdup  0x0000eb80       0x30 libbb/lib.a(xfuncs_printf.o)
                0x0000eb80                xstrdup
 .text.xmalloc_ttyname
                0x0000ebb0       0x34 libbb/lib.a(xfuncs_printf.o)
                0x0000ebb0                xmalloc_ttyname
 .text.xrealloc
                0x0000ebe4       0x34 libbb/lib.a(xfuncs_printf.o)
                0x0000ebe4                xrealloc
 .text.xmalloc  0x0000ec18       0x34 libbb/lib.a(xfuncs_printf.o)
                0x0000ec18                xmalloc
 .text.xstrndup
                0x0000ec4c       0x58 libbb/lib.a(xfuncs_printf.o)
                0x0000ec4c                xstrndup
 .text.bb_unsetenv
                0x0000eca4       0x48 libbb/lib.a(xfuncs_printf.o)
                0x0000eca4                bb_unsetenv
 .text.bb_unsetenv_and_free
                0x0000ecec       0x1c libbb/lib.a(xfuncs_printf.o)
                0x0000ecec                bb_unsetenv_and_free
 .text.xzalloc  0x0000ed08       0x28 libbb/lib.a(xfuncs_printf.o)
                0x0000ed08                xzalloc
 .text.malloc_or_warn
                0x0000ed30       0x3c libbb/lib.a(xfuncs_printf.o)
                0x0000ed30                malloc_or_warn
 .text.xmalloc_realpath
                0x0000ed6c       0x14 libbb/lib.a(xreadlink.o)
                0x0000ed6c                xmalloc_realpath
 .text.xmalloc_readlink
                0x0000ed80       0x68 libbb/lib.a(xreadlink.o)
                0x0000ed80                xmalloc_readlink
 .text.xmalloc_readlink_or_warn
                0x0000ede8       0x58 libbb/lib.a(xreadlink.o)
                0x0000ede8                xmalloc_readlink_or_warn
 .text.xmalloc_follow_symlinks
                0x0000ee40       0xc4 libbb/lib.a(xreadlink.o)
                0x0000ee40                xmalloc_follow_symlinks
 .text.bb_full_fd_action
                0x0000ef04      0x12c libbb/lib.a(copyfd.o)
 .text.bb_copyfd_eof
                0x0000f030        0xc libbb/lib.a(copyfd.o)
                0x0000f030                bb_copyfd_eof
 .text.bb_copyfd_size
                0x0000f03c       0x18 libbb/lib.a(copyfd.o)
                0x0000f03c                bb_copyfd_size
 .text.bb_copyfd_exact_size
                0x0000f054       0x60 libbb/lib.a(copyfd.o)
                0x0000f054                bb_copyfd_exact_size
 .text.full_write
                0x0000f0b4       0x5c libbb/lib.a(full_write.o)
                0x0000f0b4                full_write
 .text.safe_read
                0x0000f110       0x48 libbb/lib.a(read.o)
                0x0000f110                safe_read
 .text.full_read
                0x0000f158       0x60 libbb/lib.a(read.o)
                0x0000f158                full_read
 .text.read_close
                0x0000f1b8       0x24 libbb/lib.a(read.o)
                0x0000f1b8                read_close
 .text.open_read_close
                0x0000f1dc       0x34 libbb/lib.a(read.o)
                0x0000f1dc                open_read_close
 .text.safe_write
                0x0000f210       0x48 libbb/lib.a(safe_write.o)
                0x0000f210                safe_write
 .text.get_mono
                0x0000f258       0x30 libbb/lib.a(time.o)
 .text.monotonic_sec
                0x0000f288       0x18 libbb/lib.a(time.o)
                0x0000f288                monotonic_sec
 .text.monotonic_ms
                0x0000f2a0       0x40 libbb/lib.a(time.o)
                0x0000f2a0                monotonic_ms
 .text.monotonic_us
                0x0000f2e0       0x40 libbb/lib.a(time.o)
                0x0000f2e0                monotonic_us
 .text.strftime_fmt
                0x0000f320       0x50 libbb/lib.a(time.o)
 .text.strftime_YYYYMMDDHHMMSS
                0x0000f370        0xc libbb/lib.a(time.o)
                0x0000f370                strftime_YYYYMMDDHHMMSS
 .text.strftime_HHMMSS
                0x0000f37c        0xc libbb/lib.a(time.o)
                0x0000f37c                strftime_HHMMSS
 .text.validate_tm_time
                0x0000f388       0x2c libbb/lib.a(time.o)
                0x0000f388                validate_tm_time
 .text.parse_datestr
                0x0000f3b4      0x4ac libbb/lib.a(time.o)
                0x0000f3b4                parse_datestr
 .text.ret_ERANGE
                0x0000f860       0x20 libbb/lib.a(bb_strtonum.o)
 .text.handle_errors
                0x0000f880       0x54 libbb/lib.a(bb_strtonum.o)
 .text.bb_strtol
                0x0000f8d4       0x74 libbb/lib.a(bb_strtonum.o)
                0x0000f8d4                bb_strtol
 .text.bb_strtoul
                0x0000f948       0x68 libbb/lib.a(bb_strtonum.o)
                0x0000f948                bb_strtoul
 .text.bb_strtoll
                0x0000f9b0       0x70 libbb/lib.a(bb_strtonum.o)
                0x0000f9b0                bb_strtoll
 .text.bb_strtoull
                0x0000fa20       0x64 libbb/lib.a(bb_strtonum.o)
                0x0000fa20                bb_strtoull
 .text.addgroup_main
                0x0000fa84      0x178 loginutils/lib.a(addgroup.o)
                0x0000fa84                addgroup_main
 .text.addgroup_wrapper
                0x0000fbfc       0x80 loginutils/lib.a(adduser.o)
 .text.adduser_main
                0x0000fc7c      0x420 loginutils/lib.a(adduser.o)
                0x0000fc7c                adduser_main
 .text.deluser_main
                0x0001009c      0x138 loginutils/lib.a(deluser.o)
                0x0001009c                deluser_main
 .text.bcode    0x000101d4       0x2c loginutils/lib.a(getty.o)
 .text.set_tty_attrs
                0x00010200       0x30 loginutils/lib.a(getty.o)
 .text.finalize_tty_attrs
                0x00010230       0x8c loginutils/lib.a(getty.o)
 .text.getty_main
                0x000102bc      0x834 loginutils/lib.a(getty.o)
                0x000102bc                getty_main
 .text.alarm_handler
                0x00010af0       0x10 loginutils/lib.a(getty.o)
 .text.alarm_handler
                0x00010b00       0x3c loginutils/lib.a(login.o)
 .text.login_main
                0x00010b3c      0x49c loginutils/lib.a(login.o)
                0x00010b3c                login_main
 .text.passwd_main
                0x00010fd8      0x494 loginutils/lib.a(passwd.o)
                0x00010fd8                passwd_main
 .text.su_main  0x0001146c      0x254 loginutils/lib.a(su.o)
                0x0001146c                su_main
 .text.sulogin_main
                0x000116c0      0x1a8 loginutils/lib.a(sulogin.o)
                0x000116c0                sulogin_main
 .text.acquire_vt
                0x00011868       0x20 loginutils/lib.a(vlock.o)
 .text.release_vt
                0x00011888       0x34 loginutils/lib.a(vlock.o)
 .text.vlock_main
                0x000118bc      0x1d4 loginutils/lib.a(vlock.o)
                0x000118bc                vlock_main
 .text.show_min_max
                0x00011a90       0x54 miscutils/lib.a(chrt.o)
 .text.chrt_main
                0x00011ae4      0x1c4 miscutils/lib.a(chrt.o)
                0x00011ae4                chrt_main
 .text.delete_cronfile
                0x00011ca8       0xb4 miscutils/lib.a(crond.o)
 .text.crondlog
                0x00011d5c       0xcc miscutils/lib.a(crond.o)
 .text.ParseField
                0x00011e28      0x1e8 miscutils/lib.a(crond.o)
 .text.load_crontab
                0x00012010      0x278 miscutils/lib.a(crond.o)
 .text.rescan_crontab_dir
                0x00012288       0xc4 miscutils/lib.a(crond.o)
 .text.start_one_job
                0x0001234c      0x134 miscutils/lib.a(crond.o)
 .text.crond_main
                0x00012480      0x410 miscutils/lib.a(crond.o)
                0x00012480                crond_main
 .text.edit_file
                0x00012890       0x98 miscutils/lib.a(crontab.o)
 .text.crontab_main
                0x00012928      0x2c4 miscutils/lib.a(crontab.o)
                0x00012928                crontab_main
 .text.pop      0x00012bec       0x38 miscutils/lib.a(dc.o)
 .text.push     0x00012c24       0x48 miscutils/lib.a(dc.o)
 .text.eor      0x00012c6c       0x40 miscutils/lib.a(dc.o)
 .text.not      0x00012cac       0x20 miscutils/lib.a(dc.o)
 .text.or       0x00012ccc       0x40 miscutils/lib.a(dc.o)
 .text.and      0x00012d0c       0x40 miscutils/lib.a(dc.o)
 .text.mod      0x00012d4c       0x54 miscutils/lib.a(dc.o)
 .text.divide   0x00012da0       0x28 miscutils/lib.a(dc.o)
 .text.mul      0x00012dc8       0x30 miscutils/lib.a(dc.o)
 .text.sub      0x00012df8       0x28 miscutils/lib.a(dc.o)
 .text.add      0x00012e20       0x30 miscutils/lib.a(dc.o)
 .text.stack_machine
                0x00012e50       0x8c miscutils/lib.a(dc.o)
 .text.dc_main  0x00012edc       0xb0 miscutils/lib.a(dc.o)
                0x00012edc                dc_main
 .text.set_output_base
                0x00012f8c       0x58 miscutils/lib.a(dc.o)
 .text.print_base
                0x00012fe4      0x110 miscutils/lib.a(dc.o)
 .text.print_stack_no_pop
                0x000130f4       0x3c miscutils/lib.a(dc.o)
 .text.print_no_pop
                0x00013130       0x18 miscutils/lib.a(dc.o)
 .text.devmem_main
                0x00013148      0x288 miscutils/lib.a(devmem.o)
                0x00013148                devmem_main
 .text.eject_main
                0x000133d0       0xc8 miscutils/lib.a(eject.o)
                0x000133d0                eject_main
 .text.parse_opts
                0x00013498       0x34 miscutils/lib.a(hdparm.o)
 .text.parse_opts_0_1
                0x000134cc        0xc miscutils/lib.a(hdparm.o)
 .text.parse_opts_0_INTMAX
                0x000134d8        0xc miscutils/lib.a(hdparm.o)
 .text.parse_xfermode
                0x000134e4       0xc0 miscutils/lib.a(hdparm.o)
 .text.read_big_block
                0x000135a4       0x3c miscutils/lib.a(hdparm.o)
 .text.xprint_ascii
                0x000135e0       0x94 miscutils/lib.a(hdparm.o)
 .text.mode_loop
                0x00013674       0x88 miscutils/lib.a(hdparm.o)
 .text.print_flag
                0x000136fc       0x1c miscutils/lib.a(hdparm.o)
 .text.on_off   0x00013718       0x2c miscutils/lib.a(hdparm.o)
 .text.print_flag_on_off
                0x00013744       0x30 miscutils/lib.a(hdparm.o)
 .text.print_value_on_off
                0x00013774       0x2c miscutils/lib.a(hdparm.o)
 .text.identify
                0x000137a0     0x1238 miscutils/lib.a(hdparm.o)
 .text.identify_from_stdin
                0x000149d8       0xb0 miscutils/lib.a(hdparm.o)
 .text.dump_identity
                0x00014a88      0x488 miscutils/lib.a(hdparm.o)
 .text.seek_to_zero
                0x00014f10       0x24 miscutils/lib.a(hdparm.o)
 .text.flush_buffer_cache
                0x00014f34       0x74 miscutils/lib.a(hdparm.o)
 .text.do_time  0x00014fa8      0x1f0 miscutils/lib.a(hdparm.o)
 .text.T.76     0x00015198       0x4c miscutils/lib.a(hdparm.o)
 .text.process_dev
                0x000151e4      0xc04 miscutils/lib.a(hdparm.o)
 .text.hdparm_main
                0x00015de8      0x35c miscutils/lib.a(hdparm.o)
                0x00015de8                hdparm_main
 .text.last_main
                0x00016144      0x264 miscutils/lib.a(last.o)
                0x00016144                last_main
 .text.opp_bracket
                0x000163a8       0x5c miscutils/lib.a(less.o)
 .text.clear_line
                0x00016404       0x2c miscutils/lib.a(less.o)
 .text.print_statusline
                0x00016430       0x38 miscutils/lib.a(less.o)
 .text.move_cursor
                0x00016468       0x20 miscutils/lib.a(less.o)
 .text.print_hilite
                0x00016488       0x1c miscutils/lib.a(less.o)
 .text.m_status_print
                0x000164a4       0xfc miscutils/lib.a(less.o)
 .text.fill_match_lines
                0x000165a0       0xb4 miscutils/lib.a(less.o)
 .text.read_lines
                0x00016654      0x36c miscutils/lib.a(less.o)
 .text.lineno_str
                0x000169c0       0x9c miscutils/lib.a(less.o)
 .text.print_found
                0x00016a5c      0x1b4 miscutils/lib.a(less.o)
 .text.print_ascii
                0x00016c10      0x12c miscutils/lib.a(less.o)
 .text.status_print
                0x00016d3c       0xa8 miscutils/lib.a(less.o)
 .text.buffer_print
                0x00016de4       0x68 miscutils/lib.a(less.o)
 .text.buffer_fill_and_print
                0x00016e4c       0x80 miscutils/lib.a(less.o)
 .text.reinitialize
                0x00016ecc       0xbc miscutils/lib.a(less.o)
 .text.change_file
                0x00016f88       0x80 miscutils/lib.a(less.o)
 .text.buffer_down
                0x00017008       0x90 miscutils/lib.a(less.o)
 .text.buffer_up
                0x00017098       0x34 miscutils/lib.a(less.o)
 .text.buffer_line
                0x000170cc       0x44 miscutils/lib.a(less.o)
 .text.goto_match
                0x00017110       0x80 miscutils/lib.a(less.o)
 .text.set_tty_cooked
                0x00017190       0x2c miscutils/lib.a(less.o)
 .text.less_exit
                0x000171bc       0x24 miscutils/lib.a(less.o)
 .text.getch_nowait
                0x000171e0      0x108 miscutils/lib.a(less.o)
 .text.less_getch
                0x000172e8       0x50 miscutils/lib.a(less.o)
 .text.less_gets
                0x00017338       0xd0 miscutils/lib.a(less.o)
 .text.sig_catcher
                0x00017408        0x8 miscutils/lib.a(less.o)
 .text.examine_file
                0x00017410       0x90 miscutils/lib.a(less.o)
 .text.regex_process
                0x000174a0      0x12c miscutils/lib.a(less.o)
 .text.less_main
                0x000175cc      0x8c8 miscutils/lib.a(less.o)
                0x000175cc                less_main
 .text.makedevs_main
                0x00017e94      0x458 miscutils/lib.a(makedevs.o)
                0x00017e94                makedevs_main
 .text.xget1    0x000182ec       0x4c miscutils/lib.a(microcom.o)
 .text.xset1    0x00018338       0x34 miscutils/lib.a(microcom.o)
 .text.microcom_main
                0x0001836c      0x324 miscutils/lib.a(microcom.o)
                0x0001836c                microcom_main
 .text.mountpoint_main
                0x00018690      0x230 miscutils/lib.a(mountpoint.o)
                0x00018690                mountpoint_main
 .text.mt_main  0x000188c0      0x138 miscutils/lib.a(mt.o)
                0x000188c0                mt_main
 .text.runlevel_main
                0x000189f8       0xa0 miscutils/lib.a(runlevel.o)
                0x000189f8                runlevel_main
 .text.serial_open
                0x00018a98       0x38 miscutils/lib.a(setserial.o)
 .text.index_in_strings_case_insensitive
                0x00018ad0       0x58 miscutils/lib.a(setserial.o)
 .text.get_numeric
                0x00018b28       0x18 miscutils/lib.a(setserial.o)
 .text.serial_ctl
                0x00018b40       0xb8 miscutils/lib.a(setserial.o)
 .text.print_flag
                0x00018bf8       0x30 miscutils/lib.a(setserial.o)
 .text.setserial_main
                0x00018c28      0x580 miscutils/lib.a(setserial.o)
                0x00018c28                setserial_main
 .text.setsid_main
                0x000191a8       0x44 miscutils/lib.a(setsid.o)
                0x000191a8                setsid_main
 .text.strings_main
                0x000191ec      0x1c8 miscutils/lib.a(strings.o)
                0x000191ec                strings_main
 .text.ptok     0x000193b4       0x34 miscutils/lib.a(time.o)
 .text.run_command
                0x000193e8       0xe0 miscutils/lib.a(time.o)
 .text.time_main
                0x000194c8      0x604 miscutils/lib.a(time.o)
                0x000194c8                time_main
 .text.watchdog_main
                0x00019acc      0x134 miscutils/lib.a(watchdog.o)
                0x00019acc                watchdog_main
 .text.watchdog_shutdown
                0x00019c00       0x28 miscutils/lib.a(watchdog.o)
 .text.insmod_main
                0x00019c28       0x54 modutils/lib.a(insmod.o)
                0x00019c28                insmod_main
 .text.lsmod_main
                0x00019c7c      0x120 modutils/lib.a(lsmod.o)
                0x00019c7c                lsmod_main
 .text.humanly_readable_name
                0x00019d9c       0x14 modutils/lib.a(modprobe.o)
 .text.read_config
                0x00019db0       0x2c modutils/lib.a(modprobe.o)
 .text.helper_get_module
                0x00019ddc       0xc4 modutils/lib.a(modprobe.o)
 .text.add_probe
                0x00019ea0       0x90 modutils/lib.a(modprobe.o)
 .text.gather_options_str
                0x00019f30       0x6c modutils/lib.a(modprobe.o)
 .text.config_file_action
                0x00019f9c      0x1b4 modutils/lib.a(modprobe.o)
 .text.load_modules_dep
                0x0001a150      0x11c modutils/lib.a(modprobe.o)
 .text.do_modprobe
                0x0001a26c      0x2d4 modutils/lib.a(modprobe.o)
 .text.modprobe_main
                0x0001a540      0x35c modutils/lib.a(modprobe.o)
                0x0001a540                modprobe_main
 .text.replace  0x0001a89c       0x24 modutils/lib.a(modutils.o)
                0x0001a89c                replace
 .text.moderror
                0x0001a8c0       0x68 modutils/lib.a(modutils.o)
                0x0001a8c0                moderror
 .text.bb_delete_module
                0x0001a928       0x34 modutils/lib.a(modutils.o)
                0x0001a928                bb_delete_module
 .text.bb_init_module
                0x0001a95c       0x84 modutils/lib.a(modutils.o)
                0x0001a95c                bb_init_module
 .text.parse_cmdline_module_options
                0x0001a9e0       0xc8 modutils/lib.a(modutils.o)
                0x0001a9e0                parse_cmdline_module_options
 .text.filename2modname
                0x0001aaa8       0x78 modutils/lib.a(modutils.o)
                0x0001aaa8                filename2modname
 .text.string_to_llist
                0x0001ab20       0x64 modutils/lib.a(modutils.o)
                0x0001ab20                string_to_llist
 .text.rmmod_main
                0x0001ab84       0xf8 modutils/lib.a(rmmod.o)
                0x0001ab84                rmmod_main
 .text.finish   0x0001ac7c       0x98 networking/lib.a(arping.o)
 .text.catcher  0x0001ad14      0x190 networking/lib.a(arping.o)
 .text.arping_main
                0x0001aea4      0x7b0 networking/lib.a(arping.o)
                0x0001aea4                arping_main
 .text.undot    0x0001b654       0x4c networking/lib.a(dnsd.o)
 .text.dnsd_main
                0x0001b6a0      0x60c networking/lib.a(dnsd.o)
                0x0001b6a0                dnsd_main
 .text.ether_wake_main
                0x0001bcac      0x2f4 networking/lib.a(ether-wake.o)
                0x0001bcac                ether_wake_main
 .text.do_sethostname
                0x0001bfa0       0x90 networking/lib.a(hostname.o)
 .text.hostname_main
                0x0001c030      0x174 networking/lib.a(hostname.o)
                0x0001c030                hostname_main
 .text.ifconfig_main
                0x0001c1a4      0x488 networking/lib.a(ifconfig.o)
                0x0001c1a4                ifconfig_main
 .text.manual_up_down6
                0x0001c62c        0x8 networking/lib.a(ifupdown.o)
 .text.manual_up_down
                0x0001c634        0x8 networking/lib.a(ifupdown.o)
 .text.check    0x0001c63c        0xc networking/lib.a(ifupdown.o)
 .text.strncmpz
                0x0001c648       0x24 networking/lib.a(ifupdown.o)
 .text.get_var  0x0001c66c       0x90 networking/lib.a(ifupdown.o)
 .text.find_iface_state
                0x0001c6fc       0x5c networking/lib.a(ifupdown.o)
 .text.addstr   0x0001c758       0x5c networking/lib.a(ifupdown.o)
 .text.execute  0x0001c7b4      0x2fc networking/lib.a(ifupdown.o)
 .text.loopback_down6
                0x0001cab0       0x14 networking/lib.a(ifupdown.o)
 .text.loopback_up6
                0x0001cac4       0x50 networking/lib.a(ifupdown.o)
 .text.static_down6
                0x0001cb14       0x14 networking/lib.a(ifupdown.o)
 .text.static_up6
                0x0001cb28       0x68 networking/lib.a(ifupdown.o)
 .text.v4tunnel_down
                0x0001cb90       0x14 networking/lib.a(ifupdown.o)
 .text.v4tunnel_up
                0x0001cba4       0x80 networking/lib.a(ifupdown.o)
 .text.loopback_down
                0x0001cc24       0x50 networking/lib.a(ifupdown.o)
 .text.loopback_up
                0x0001cc74       0x50 networking/lib.a(ifupdown.o)
 .text.dhcp_up  0x0001ccc4       0x48 networking/lib.a(ifupdown.o)
 .text.bootp_up
                0x0001cd0c       0x14 networking/lib.a(ifupdown.o)
 .text.static_down
                0x0001cd20       0x50 networking/lib.a(ifupdown.o)
 .text.static_up
                0x0001cd70       0x68 networking/lib.a(ifupdown.o)
 .text.ppp_down
                0x0001cdd8       0x14 networking/lib.a(ifupdown.o)
 .text.ppp_up   0x0001cdec       0x14 networking/lib.a(ifupdown.o)
 .text.wvdial_down
                0x0001ce00       0x14 networking/lib.a(ifupdown.o)
 .text.wvdial_up
                0x0001ce14       0x14 networking/lib.a(ifupdown.o)
 .text.dhcp_down
                0x0001ce28       0x54 networking/lib.a(ifupdown.o)
 .text.next_word
                0x0001ce7c       0x5c networking/lib.a(ifupdown.o)
 .text.popen2   0x0001ced8       0xbc networking/lib.a(ifupdown.o)
 .text.read_iface_state
                0x0001cf94       0x6c networking/lib.a(ifupdown.o)
 .text.setlocalenv
                0x0001d000       0x88 networking/lib.a(ifupdown.o)
 .text.set_environ
                0x0001d088      0x174 networking/lib.a(ifupdown.o)
 .text.doit     0x0001d1fc       0xac networking/lib.a(ifupdown.o)
 .text.execute_all
                0x0001d2a8       0x70 networking/lib.a(ifupdown.o)
 .text.iface_up
                0x0001d318       0xb8 networking/lib.a(ifupdown.o)
 .text.iface_down
                0x0001d3d0       0xb8 networking/lib.a(ifupdown.o)
 .text.read_interfaces
                0x0001d488      0x5c0 networking/lib.a(ifupdown.o)
 .text.ifupdown_main
                0x0001da48      0x4e0 networking/lib.a(ifupdown.o)
                0x0001da48                ifupdown_main
 .text.remove_fd_from_set
                0x0001df28       0x3c networking/lib.a(inetd.o)
 .text.init_ring
                0x0001df64       0x30 networking/lib.a(inetd.o)
 .text.discard_dg
                0x0001df94       0x24 networking/lib.a(inetd.o)
 .text.maybe_close
                0x0001dfb8       0x14 networking/lib.a(inetd.o)
 .text.free_servtab_strings
                0x0001dfcc       0x64 networking/lib.a(inetd.o)
 .text.bump_nofile
                0x0001e030       0xdc networking/lib.a(inetd.o)
 .text.add_fd_to_set
                0x0001e10c       0x90 networking/lib.a(inetd.o)
 .text.block_CHLD_HUP_ALRM
                0x0001e19c       0x48 networking/lib.a(inetd.o)
 .text.restore_sigmask
                0x0001e1e4       0x1c networking/lib.a(inetd.o)
 .text.rearm_alarm
                0x0001e200       0x2c networking/lib.a(inetd.o)
 .text.xzalloc_lsa
                0x0001e22c       0x38 networking/lib.a(inetd.o)
 .text.new_servtab
                0x0001e264       0x1c networking/lib.a(inetd.o)
 .text.clean_up_and_exit
                0x0001e280       0x4c networking/lib.a(inetd.o)
 .text.reap_child
                0x0001e2cc       0xc0 networking/lib.a(inetd.o)
 .text.daytime_dg
                0x0001e38c       0xb4 networking/lib.a(inetd.o)
 .text.daytime_stream
                0x0001e440       0x3c networking/lib.a(inetd.o)
 .text.machtime
                0x0001e47c       0x40 networking/lib.a(inetd.o)
 .text.machtime_dg
                0x0001e4bc       0x88 networking/lib.a(inetd.o)
 .text.machtime_stream
                0x0001e544       0x28 networking/lib.a(inetd.o)
 .text.chargen_dg
                0x0001e56c      0x104 networking/lib.a(inetd.o)
 .text.chargen_stream
                0x0001e670       0xa0 networking/lib.a(inetd.o)
 .text.discard_stream
                0x0001e710       0x30 networking/lib.a(inetd.o)
 .text.echo_stream
                0x0001e740       0x40 networking/lib.a(inetd.o)
 .text.echo_dg  0x0001e780       0x90 networking/lib.a(inetd.o)
 .text.prepare_socket_fd
                0x0001e810       0xb8 networking/lib.a(inetd.o)
 .text.reread_config_file
                0x0001e8c8      0x880 networking/lib.a(inetd.o)
 .text.inetd_main
                0x0001f148      0x908 networking/lib.a(inetd.o)
                0x0001f148                inetd_main
 .text.retry_network_setup
                0x0001fa50       0x54 networking/lib.a(inetd.o)
 .text.get_afntype
                0x0001faa4       0x34 networking/lib.a(interface.o)
 .text.get_hwntype
                0x0001fad8       0x34 networking/lib.a(interface.o)
                0x0001fad8                get_hwntype
 .text.add_interface
                0x0001fb0c       0x94 networking/lib.a(interface.o)
 .text.if_readconf
                0x0001fba0       0xd4 networking/lib.a(interface.o)
 .text.if_readlist_proc
                0x0001fc74      0x2ac networking/lib.a(interface.o)
 .text.do_if_fetch
                0x0001ff20      0x31c networking/lib.a(interface.o)
 .text.print_bytes_scaled
                0x0002023c       0x9c networking/lib.a(interface.o)
 .text.UNSPEC_print
                0x000202d8       0x78 networking/lib.a(interface.o)
 .text.UNSPEC_sprint
                0x00020350       0x28 networking/lib.a(interface.o)
 .text.INET6_input
                0x00020378       0x10 networking/lib.a(interface.o)
 .text.INET6_sprint
                0x00020388       0x50 networking/lib.a(interface.o)
 .text.INET_input
                0x000203d8       0x14 networking/lib.a(interface.o)
 .text.INET_sprint
                0x000203ec       0x54 networking/lib.a(interface.o)
 .text.ife_print
                0x00020440      0x5c8 networking/lib.a(interface.o)
 .text.display_interfaces
                0x00020a08       0xd4 networking/lib.a(interface.o)
                0x00020a08                display_interfaces
 .text.in_ib    0x00020adc       0x2c networking/lib.a(interface.o)
                0x00020adc                in_ib
 .text.ether_print
                0x00020b08       0x54 networking/lib.a(interface.o)
 .text.ip_do    0x00020b5c       0x20 networking/lib.a(ip.o)
 .text.iptunnel_main
                0x00020b7c        0xc networking/lib.a(ip.o)
                0x00020b7c                iptunnel_main
 .text.iprule_main
                0x00020b88        0xc networking/lib.a(ip.o)
                0x00020b88                iprule_main
 .text.iproute_main
                0x00020b94        0xc networking/lib.a(ip.o)
                0x00020b94                iproute_main
 .text.iplink_main
                0x00020ba0        0xc networking/lib.a(ip.o)
                0x00020ba0                iplink_main
 .text.ipaddr_main
                0x00020bac        0xc networking/lib.a(ip.o)
                0x00020bac                ipaddr_main
 .text.ip_main  0x00020bb8       0x50 networking/lib.a(ip.o)
                0x00020bb8                ip_main
 .text.ip_print_help
                0x00020c08        0x8 networking/lib.a(ip.o)
 .text.prepend_new_eth_table
                0x00020c10       0xc0 networking/lib.a(nameif.o)
 .text.delete_eth_table
                0x00020cd0       0x28 networking/lib.a(nameif.o)
 .text.nameif_main
                0x00020cf8      0x290 networking/lib.a(nameif.o)
                0x00020cf8                nameif_main
 .text.do_info  0x00020f88       0x7c networking/lib.a(netstat.o)
 .text.netstat_main
                0x00021004      0x20c networking/lib.a(netstat.o)
                0x00021004                netstat_main
 .text.build_ipv4_addr
                0x00021210       0x28 networking/lib.a(netstat.o)
 .text.unix_do_one
                0x00021238      0x25c networking/lib.a(netstat.o)
 .text.build_ipv6_addr
                0x00021494       0x70 networking/lib.a(netstat.o)
 .text.scan_inet_proc_line
                0x00021504       0xbc networking/lib.a(netstat.o)
 .text.ip_port_str
                0x000215c0       0xa8 networking/lib.a(netstat.o)
 .text.print_inet_line
                0x00021668       0xd0 networking/lib.a(netstat.o)
 .text.raw_do_one
                0x00021738       0x98 networking/lib.a(netstat.o)
 .text.udp_do_one
                0x000217d0       0xc4 networking/lib.a(netstat.o)
 .text.tcp_do_one
                0x00021894       0x6c networking/lib.a(netstat.o)
 .text.set_default_dns
                0x00021900       0x6c networking/lib.a(nslookup.o)
 .text.print_host
                0x0002196c      0x10c networking/lib.a(nslookup.o)
 .text.nslookup_main
                0x00021a78       0x98 networking/lib.a(nslookup.o)
                0x00021a78                nslookup_main
 .text.print_stats_and_exit
                0x00021b10      0x148 networking/lib.a(ping.o)
 .text.sendping4
                0x00021c58      0x164 networking/lib.a(ping.o)
 .text.ping_main
                0x00021dbc      0x524 networking/lib.a(ping.o)
                0x00021dbc                ping_main
 .text.set_flags
                0x000222e0       0x4c networking/lib.a(route.o)
 .text.kw_lookup
                0x0002232c       0x80 networking/lib.a(route.o)
 .text.INET6_displayroutes
                0x000223ac      0x210 networking/lib.a(route.o)
 .text.INET6_setroute
                0x000225bc      0x27c networking/lib.a(route.o)
 .text.INET_setroute
                0x00022838      0x3e8 networking/lib.a(route.o)
 .text.bb_displayroutes
                0x00022c20      0x1f8 networking/lib.a(route.o)
                0x00022c20                bb_displayroutes
 .text.route_main
                0x00022e18      0x150 networking/lib.a(route.o)
                0x00022e18                route_main
 .text.put_iac  0x00022f68       0x20 networking/lib.a(telnet.o)
 .text.iac_flush
                0x00022f88       0x2c networking/lib.a(telnet.o)
 .text.put_iac2
                0x00022fb4       0x3c networking/lib.a(telnet.o)
 .text.rawmode  0x00022ff0       0x2c networking/lib.a(telnet.o)
 .text.cookmode
                0x0002301c       0x2c networking/lib.a(telnet.o)
 .text.setConMode
                0x00023048       0x80 networking/lib.a(telnet.o)
 .text.doexit   0x000230c8       0x10 networking/lib.a(telnet.o)
 .text.con_escape
                0x000230d8      0x144 networking/lib.a(telnet.o)
 .text.handle_net_output
                0x0002321c       0x8c networking/lib.a(telnet.o)
 .text.telnet_main
                0x000232a8      0x690 networking/lib.a(telnet.o)
                0x000232a8                telnet_main
 .text.tftp_blksize_check
                0x00023938       0x64 networking/lib.a(tftp.o)
 .text.tftp_main
                0x0002399c      0x7a0 networking/lib.a(tftp.o)
                0x0002399c                tftp_main
 .text.traceroute_main
                0x0002413c      0x9a0 networking/lib.a(traceroute.o)
                0x0002413c                traceroute_main
 .text.xfind_str
                0x00024adc       0x40 networking/lib.a(vconfig.o)
 .text.vconfig_main
                0x00024b1c      0x13c networking/lib.a(vconfig.o)
                0x00024b1c                vconfig_main
 .text.sanitize_string
                0x00024c58       0x24 networking/lib.a(wget.o)
 .text.alarm_handler
                0x00024c7c       0x2c networking/lib.a(wget.o)
 .text.open_socket
                0x00024ca8       0x58 networking/lib.a(wget.o)
 .text.base64enc
                0x00024d00       0x4c networking/lib.a(wget.o)
 .text.fgets_and_trim
                0x00024d4c       0x70 networking/lib.a(wget.o)
 .text.reset_beg_range_to_zero
                0x00024dbc       0x44 networking/lib.a(wget.o)
 .text.parse_url
                0x00024e00      0x1c0 networking/lib.a(wget.o)
 .text.gethdr   0x00024fc0       0xd0 networking/lib.a(wget.o)
 .text.progress_meter
                0x00025090       0xc8 networking/lib.a(wget.o)
 .text.retrieve_file_data
                0x00025158      0x238 networking/lib.a(wget.o)
 .text.ftpcmd   0x00025390       0x88 networking/lib.a(wget.o)
 .text.wget_main
                0x00025418      0xbe8 networking/lib.a(wget.o)
                0x00025418                wget_main
 .text.ip_parse_common_args
                0x00026000       0xf8 networking/libiproute/lib.a(ip_parse_common_args.o)
                0x00026000                ip_parse_common_args
 .text.ipaddr_modify
                0x000260f8      0x530 networking/libiproute/lib.a(ipaddress.o)
 .text.flush_update
                0x00026628       0x44 networking/libiproute/lib.a(ipaddress.o)
 .text.print_linkinfo
                0x0002666c      0x3b0 networking/libiproute/lib.a(ipaddress.o)
 .text.print_addrinfo
                0x00026a1c      0x52c networking/libiproute/lib.a(ipaddress.o)
 .text.ipaddr_list_or_flush
                0x00026f48      0x55c networking/libiproute/lib.a(ipaddress.o)
                0x00026f48                ipaddr_list_or_flush
 .text.do_ipaddr
                0x000274a4       0x78 networking/libiproute/lib.a(ipaddress.o)
                0x000274a4                do_ipaddr
 .text.store_nlmsg
                0x0002751c       0x60 networking/libiproute/lib.a(ipaddress.o)
 .text.die_must_be_on_off
                0x0002757c       0x10 networking/libiproute/lib.a(iplink.o)
 .text.get_ctl_fd
                0x0002758c       0x48 networking/libiproute/lib.a(iplink.o)
 .text.do_add_or_delete
                0x000275d4      0x510 networking/libiproute/lib.a(iplink.o)
 .text.do_iplink
                0x00027ae4      0x544 networking/libiproute/lib.a(iplink.o)
                0x00027ae4                do_iplink
 .text.iproute_reset_filter
                0x00028028       0x30 networking/libiproute/lib.a(iproute.o)
 .text.flush_update
                0x00028058       0x44 networking/libiproute/lib.a(iproute.o)
 .text.print_route
                0x0002809c      0x750 networking/libiproute/lib.a(iproute.o)
 .text.iproute_get
                0x000287ec      0x404 networking/libiproute/lib.a(iproute.o)
 .text.iproute_list_or_flush
                0x00028bf0      0x534 networking/libiproute/lib.a(iproute.o)
 .text.iproute_modify
                0x00029124      0x498 networking/libiproute/lib.a(iproute.o)
 .text.do_iproute
                0x000295bc       0xf0 networking/libiproute/lib.a(iproute.o)
                0x000295bc                do_iproute
 .text.iprule_modify
                0x000296ac      0x3c4 networking/libiproute/lib.a(iprule.o)
 .text.do_iprule
                0x00029a70       0xd0 networking/libiproute/lib.a(iprule.o)
                0x00029a70                do_iprule
 .text.print_rule
                0x00029b40      0x2e0 networking/libiproute/lib.a(iprule.o)
 .text.do_get_ioctl
                0x00029e20       0x64 networking/libiproute/lib.a(iptunnel.o)
 .text.parse_args
                0x00029e84      0x68c networking/libiproute/lib.a(iptunnel.o)
 .text.do_add_ioctl
                0x0002a510       0x9c networking/libiproute/lib.a(iptunnel.o)
 .text.do_add   0x0002a5ac       0xa8 networking/libiproute/lib.a(iptunnel.o)
 .text.do_del_ioctl
                0x0002a654       0x70 networking/libiproute/lib.a(iptunnel.o)
 .text.print_tunnel
                0x0002a6c4      0x2e0 networking/libiproute/lib.a(iptunnel.o)
 .text.do_tunnels_list
                0x0002a9a4      0x2b4 networking/libiproute/lib.a(iptunnel.o)
 .text.do_iptunnel
                0x0002ac58      0x198 networking/libiproute/lib.a(iptunnel.o)
                0x0002ac58                do_iptunnel
 .text.parse_rtattr
                0x0002adf0       0x68 networking/libiproute/lib.a(libnetlink.o)
                0x0002adf0                parse_rtattr
 .text.rta_addattr32
                0x0002ae58       0x68 networking/libiproute/lib.a(libnetlink.o)
                0x0002ae58                rta_addattr32
 .text.addattr_l
                0x0002aec0       0x68 networking/libiproute/lib.a(libnetlink.o)
                0x0002aec0                addattr_l
 .text.addattr32
                0x0002af28       0x68 networking/libiproute/lib.a(libnetlink.o)
                0x0002af28                addattr32
 .text.rtnl_talk
                0x0002af90      0x28c networking/libiproute/lib.a(libnetlink.o)
                0x0002af90                rtnl_talk
 .text.xrtnl_dump_filter
                0x0002b21c      0x1ec networking/libiproute/lib.a(libnetlink.o)
                0x0002b21c                xrtnl_dump_filter
 .text.rtnl_send
                0x0002b408       0x58 networking/libiproute/lib.a(libnetlink.o)
                0x0002b408                rtnl_send
 .text.xrtnl_wilddump_request
                0x0002b460       0x54 networking/libiproute/lib.a(libnetlink.o)
                0x0002b460                xrtnl_wilddump_request
 .text.xrtnl_open
                0x0002b4b4       0x6c networking/libiproute/lib.a(libnetlink.o)
                0x0002b4b4                xrtnl_open
 .text.ll_addr_a2n
                0x0002b520       0xec networking/libiproute/lib.a(ll_addr.o)
                0x0002b520                ll_addr_a2n
 .text.ll_addr_n2a
                0x0002b60c       0xc0 networking/libiproute/lib.a(ll_addr.o)
                0x0002b60c                ll_addr_n2a
 .text.find_by_index
                0x0002b6cc       0x44 networking/libiproute/lib.a(ll_map.o)
 .text.ll_index_to_flags
                0x0002b710       0x28 networking/libiproute/lib.a(ll_map.o)
                0x0002b710                ll_index_to_flags
 .text.ll_init_map
                0x0002b738       0x34 networking/libiproute/lib.a(ll_map.o)
                0x0002b738                ll_init_map
 .text.xll_name_to_index
                0x0002b76c       0x88 networking/libiproute/lib.a(ll_map.o)
                0x0002b76c                xll_name_to_index
 .text.ll_idx_n2a
                0x0002b7f4       0x48 networking/libiproute/lib.a(ll_map.o)
                0x0002b7f4                ll_idx_n2a
 .text.ll_index_to_name
                0x0002b83c        0xc networking/libiproute/lib.a(ll_map.o)
                0x0002b83c                ll_index_to_name
 .text.ll_remember_index
                0x0002b848      0x140 networking/libiproute/lib.a(ll_map.o)
                0x0002b848                ll_remember_index
 .text.ll_type_n2a
                0x0002b988       0x6c networking/libiproute/lib.a(ll_types.o)
                0x0002b988                ll_type_n2a
 .text.rtnl_tab_initialize
                0x0002b9f4       0x98 networking/libiproute/lib.a(rt_names.o)
 .text.rtnl_rttable_initialize
                0x0002ba8c       0x80 networking/libiproute/lib.a(rt_names.o)
 .text.rtnl_rtdsfield_initialize
                0x0002bb0c       0x54 networking/libiproute/lib.a(rt_names.o)
 .text.rtnl_rtrealm_initialize
                0x0002bb60       0x54 networking/libiproute/lib.a(rt_names.o)
 .text.rtnl_rtscope_initialize
                0x0002bbb4       0x84 networking/libiproute/lib.a(rt_names.o)
 .text.rtnl_a2n
                0x0002bc38       0xa4 networking/libiproute/lib.a(rt_names.o)
 .text.rtnl_rttable_a2n
                0x0002bcdc       0x30 networking/libiproute/lib.a(rt_names.o)
                0x0002bcdc                rtnl_rttable_a2n
 .text.rtnl_dsfield_a2n
                0x0002bd0c       0x30 networking/libiproute/lib.a(rt_names.o)
                0x0002bd0c                rtnl_dsfield_a2n
 .text.rtnl_rtrealm_a2n
                0x0002bd3c       0x30 networking/libiproute/lib.a(rt_names.o)
                0x0002bd3c                rtnl_rtrealm_a2n
 .text.rtnl_rtscope_a2n
                0x0002bd6c       0x30 networking/libiproute/lib.a(rt_names.o)
                0x0002bd6c                rtnl_rtscope_a2n
 .text.rtnl_rttable_n2a
                0x0002bd9c       0x54 networking/libiproute/lib.a(rt_names.o)
                0x0002bd9c                rtnl_rttable_n2a
 .text.rtnl_dsfield_n2a
                0x0002bdf0       0x64 networking/libiproute/lib.a(rt_names.o)
                0x0002bdf0                rtnl_dsfield_n2a
 .text.rtnl_rtrealm_n2a
                0x0002be54       0x54 networking/libiproute/lib.a(rt_names.o)
                0x0002be54                rtnl_rtrealm_n2a
 .text.rtnl_rtscope_n2a
                0x0002bea8       0x54 networking/libiproute/lib.a(rt_names.o)
                0x0002bea8                rtnl_rtscope_n2a
 .text.rtnl_rtprot_initialize
                0x0002befc       0x78 networking/libiproute/lib.a(rt_names.o)
 .text.rtnl_rtprot_a2n
                0x0002bf74       0x30 networking/libiproute/lib.a(rt_names.o)
                0x0002bf74                rtnl_rtprot_a2n
 .text.get_rt_realms
                0x0002bfa4       0xa8 networking/libiproute/lib.a(rtm_map.o)
                0x0002bfa4                get_rt_realms
 .text.rtnl_rtntype_a2n
                0x0002c04c       0xe8 networking/libiproute/lib.a(rtm_map.o)
                0x0002c04c                rtnl_rtntype_a2n
 .text.rtnl_rtntype_n2a
                0x0002c134       0xf4 networking/libiproute/lib.a(rtm_map.o)
                0x0002c134                rtnl_rtntype_n2a
 .text.rt_addr_n2a
                0x0002c228       0x28 networking/libiproute/lib.a(utils.o)
                0x0002c228                rt_addr_n2a
 .text.inet_addr_match
                0x0002c250       0x8c networking/libiproute/lib.a(utils.o)
                0x0002c250                inet_addr_match
 .text.duparg2  0x0002c2dc       0x14 networking/libiproute/lib.a(utils.o)
                0x0002c2dc                duparg2
 .text.duparg   0x0002c2f0       0x14 networking/libiproute/lib.a(utils.o)
                0x0002c2f0                duparg
 .text.invarg   0x0002c304       0x14 networking/libiproute/lib.a(utils.o)
                0x0002c304                invarg
 .text.incomplete_command
                0x0002c318        0xc networking/libiproute/lib.a(utils.o)
                0x0002c318                incomplete_command
 .text.get_addr_1
                0x0002c324      0x180 networking/libiproute/lib.a(utils.o)
                0x0002c324                get_addr_1
 .text.get_addr32
                0x0002c4a4       0x50 networking/libiproute/lib.a(utils.o)
                0x0002c4a4                get_addr32
 .text.get_prefix
                0x0002c4f4      0x1c4 networking/libiproute/lib.a(utils.o)
                0x0002c4f4                get_prefix
 .text.get_addr
                0x0002c6b8       0x4c networking/libiproute/lib.a(utils.o)
                0x0002c6b8                get_addr
 .text.get_u16  0x0002c704       0x64 networking/libiproute/lib.a(utils.o)
                0x0002c704                get_u16
 .text.get_u32  0x0002c768       0x48 networking/libiproute/lib.a(utils.o)
                0x0002c768                get_u32
 .text.get_unsigned
                0x0002c7b0       0x48 networking/libiproute/lib.a(utils.o)
                0x0002c7b0                get_unsigned
 .text.alloc_dhcp_option
                0x0002c7f8       0x58 networking/udhcp/lib.a(dhcpc.o)
 .text.init_packet
                0x0002c850       0xa4 networking/udhcp/lib.a(dhcpc.o)
 .text.add_client_options
                0x0002c8f4      0x134 networking/udhcp/lib.a(dhcpc.o)
 .text.raw_bcast_from_client_config_ifindex
                0x0002ca28       0x44 networking/udhcp/lib.a(dhcpc.o)
 .text.send_discover
                0x0002ca6c       0x64 networking/udhcp/lib.a(dhcpc.o)
 .text.send_select
                0x0002cad0       0x7c networking/udhcp/lib.a(dhcpc.o)
 .text.send_decline
                0x0002cb4c       0x60 networking/udhcp/lib.a(dhcpc.o)
 .text.bcast_or_ucast
                0x0002cbac       0x34 networking/udhcp/lib.a(dhcpc.o)
 .text.send_renew
                0x0002cbe0       0x5c networking/udhcp/lib.a(dhcpc.o)
 .text.send_release
                0x0002cc3c       0x5c networking/udhcp/lib.a(dhcpc.o)
 .text.udhcp_recv_raw_packet
                0x0002cc98      0x240 networking/udhcp/lib.a(dhcpc.o)
 .text.client_background
                0x0002ced8       0x38 networking/udhcp/lib.a(dhcpc.o)
 .text.sprint_nip
                0x0002cf10       0x38 networking/udhcp/lib.a(dhcpc.o)
 .text.xmalloc_optname_optval
                0x0002cf48      0x3d8 networking/udhcp/lib.a(dhcpc.o)
 .text.udhcp_run_script
                0x0002d320      0x36c networking/udhcp/lib.a(dhcpc.o)
 .text.change_listen_mode
                0x0002d68c       0xfc networking/udhcp/lib.a(dhcpc.o)
 .text.perform_release
                0x0002d788       0x98 networking/udhcp/lib.a(dhcpc.o)
 .text.udhcpc_main
                0x0002d820      0xac0 networking/udhcp/lib.a(dhcpc.o)
                0x0002d820                udhcpc_main
 .text.udhcp_send_kernel_packet
                0x0002e2e0      0x15c networking/udhcp/lib.a(packet.o)
                0x0002e2e0                udhcp_send_kernel_packet
 .text.udhcp_send_raw_packet
                0x0002e43c      0x25c networking/udhcp/lib.a(packet.o)
                0x0002e43c                udhcp_send_raw_packet
 .text.udhcp_recv_kernel_packet
                0x0002e698       0x7c networking/udhcp/lib.a(packet.o)
                0x0002e698                udhcp_recv_kernel_packet
 .text.udhcp_init_header
                0x0002e714       0x8c networking/udhcp/lib.a(packet.o)
                0x0002e714                udhcp_init_header
 .text.udhcp_sp_read
                0x0002e7a0       0x4c networking/udhcp/lib.a(signalpipe.o)
                0x0002e7a0                udhcp_sp_read
 .text.udhcp_sp_fd_set
                0x0002e7ec       0x88 networking/udhcp/lib.a(signalpipe.o)
                0x0002e7ec                udhcp_sp_fd_set
 .text.udhcp_sp_setup
                0x0002e874       0x44 networking/udhcp/lib.a(signalpipe.o)
                0x0002e874                udhcp_sp_setup
 .text.signal_handler
                0x0002e8b8       0x38 networking/udhcp/lib.a(signalpipe.o)
 .text.udhcp_listen_socket
                0x0002e8f0       0xcc networking/udhcp/lib.a(socket.o)
                0x0002e8f0                udhcp_listen_socket
 .text.udhcp_read_interface
                0x0002e9bc      0x124 networking/udhcp/lib.a(socket.o)
                0x0002e9bc                udhcp_read_interface
 .text.arpping  0x0002eae0      0x208 networking/udhcp/lib.a(arpping.o)
                0x0002eae0                arpping
 .text.udhcp_end_option
                0x0002ece8       0x34 networking/udhcp/lib.a(common.o)
                0x0002ece8                udhcp_end_option
 .text.udhcp_find_option
                0x0002ed1c       0x28 networking/udhcp/lib.a(common.o)
                0x0002ed1c                udhcp_find_option
 .text.sprint_nip6
                0x0002ed44       0x70 networking/udhcp/lib.a(common.o)
                0x0002ed44                sprint_nip6
 .text.attach_option
                0x0002edb4      0x178 networking/udhcp/lib.a(common.o)
 .text.udhcp_str2nip
                0x0002ef2c       0x4c networking/udhcp/lib.a(common.o)
                0x0002ef2c                udhcp_str2nip
 .text.udhcp_add_binary_option
                0x0002ef78       0x64 networking/udhcp/lib.a(common.o)
                0x0002ef78                udhcp_add_binary_option
 .text.udhcp_add_simple_option
                0x0002efdc       0x98 networking/udhcp/lib.a(common.o)
                0x0002efdc                udhcp_add_simple_option
 .text.udhcp_get_option
                0x0002f074       0xd8 networking/udhcp/lib.a(common.o)
                0x0002f074                udhcp_get_option
 .text.udhcp_option_idx
                0x0002f14c       0x70 networking/udhcp/lib.a(common.o)
                0x0002f14c                udhcp_option_idx
 .text.udhcp_str2optset
                0x0002f1bc      0x2d4 networking/udhcp/lib.a(common.o)
                0x0002f1bc                udhcp_str2optset
 .text.scale    0x0002f490       0x2c procps/lib.a(free.o)
 .text.free_main
                0x0002f4bc      0x22c procps/lib.a(free.o)
                0x0002f4bc                free_main
 .text.search_dev_inode
                0x0002f6e8       0x84 procps/lib.a(fuser.o)
 .text.add_inode
                0x0002f76c       0x94 procps/lib.a(fuser.o)
 .text.scan_proc_net_or_maps
                0x0002f800      0x198 procps/lib.a(fuser.o)
 .text.scan_recursive
                0x0002f998      0x1f8 procps/lib.a(fuser.o)
 .text.fuser_main
                0x0002fb90      0x1a0 procps/lib.a(fuser.o)
                0x0002fb90                fuser_main
 .text.kill_main
                0x0002fd30      0x47c procps/lib.a(kill.o)
                0x0002fd30                kill_main
 .text.lsof_main
                0x000301ac       0xdc procps/lib.a(lsof.o)
                0x000301ac                lsof_main
 .text.pidof_main
                0x00030288      0x14c procps/lib.a(pidof.o)
                0x00030288                pidof_main
 .text.new_out_t
                0x000303d4       0x40 procps/lib.a(ps.o)
 .text.func_pgid
                0x00030414       0x20 procps/lib.a(ps.o)
 .text.func_ppid
                0x00030434       0x20 procps/lib.a(ps.o)
 .text.func_pid
                0x00030454       0x20 procps/lib.a(ps.o)
 .text.find_out_spec
                0x00030474       0x90 procps/lib.a(ps.o)
 .text.parse_o  0x00030504       0xfc procps/lib.a(ps.o)
 .text.put_lu   0x00030600       0x50 procps/lib.a(ps.o)
 .text.func_rss
                0x00030650        0x8 procps/lib.a(ps.o)
 .text.func_vsz
                0x00030658        0x8 procps/lib.a(ps.o)
 .text.func_state
                0x00030660       0x1c procps/lib.a(ps.o)
 .text.func_comm
                0x0003067c       0x1c procps/lib.a(ps.o)
 .text.func_tty
                0x00030698       0x3c procps/lib.a(ps.o)
 .text.func_args
                0x000306d4       0x1c procps/lib.a(ps.o)
 .text.func_group
                0x000306f0       0x2c procps/lib.a(ps.o)
 .text.func_user
                0x0003071c       0x2c procps/lib.a(ps.o)
 .text.ps_main  0x00030748      0x298 procps/lib.a(ps.o)
                0x00030748                ps_main
 .text.renice_main
                0x000309e0      0x18c procps/lib.a(renice.o)
                0x000309e0                renice_main
 .text.sysctl_dots_to_slashes
                0x00030b6c       0x7c procps/lib.a(sysctl.o)
 .text.sysctl_act_recursive
                0x00030be8      0x2f0 procps/lib.a(sysctl.o)
 .text.sysctl_main
                0x00030ed8      0x128 procps/lib.a(sysctl.o)
                0x00030ed8                sysctl_main
 .text.pid_sort
                0x00031000       0x10 procps/lib.a(top.o)
 .text.mem_sort
                0x00031010       0x20 procps/lib.a(top.o)
 .text.pcpu_sort
                0x00031030       0x10 procps/lib.a(top.o)
 .text.time_sort
                0x00031040       0x20 procps/lib.a(top.o)
 .text.mult_lvl_cmp
                0x00031060       0x58 procps/lib.a(top.o)
 .text.read_cpu_jiffy
                0x000310b8      0x140 procps/lib.a(top.o)
 .text.do_stats
                0x000311f8      0x148 procps/lib.a(top.o)
 .text.display_process_list
                0x00031340      0x5ac procps/lib.a(top.o)
 .text.clearmems
                0x000318ec       0x28 procps/lib.a(top.o)
 .text.reset_term
                0x00031914       0x3c procps/lib.a(top.o)
 .text.handle_input
                0x00031950      0x1cc procps/lib.a(top.o)
 .text.top_main
                0x00031b1c      0x320 procps/lib.a(top.o)
                0x00031b1c                top_main
 .text.sig_catcher
                0x00031e3c       0x14 procps/lib.a(top.o)
 .text.uptime_main
                0x00031e50      0x144 procps/lib.a(uptime.o)
                0x00031e50                uptime_main
 .text.watch_main
                0x00031f94      0x11c procps/lib.a(watch.o)
                0x00031f94                watch_main
 .text.isdigit_str9
                0x000320b0       0x34 shell/lib.a(ash.o)
 .text.var_end  0x000320e4       0x20 shell/lib.a(ash.o)
 .text.stunalloc
                0x00032104       0x28 shell/lib.a(ash.o)
 .text.setstackmark
                0x0003212c       0x38 shell/lib.a(ash.o)
 .text.prefix   0x00032164       0x38 shell/lib.a(ash.o)
 .text.is_number
                0x0003219c       0x2c shell/lib.a(ash.o)
 .text.varcmp   0x000321c8       0x44 shell/lib.a(ash.o)
 .text.hashvar  0x0003220c       0x54 shell/lib.a(ash.o)
 .text.vpcmp    0x00032260        0xc shell/lib.a(ash.o)
 .text.findvar  0x0003226c       0x40 shell/lib.a(ash.o)
 .text.lookupvar
                0x000322ac       0x5c shell/lib.a(ash.o)
 .text.bltinlookup
                0x00032308       0x50 shell/lib.a(ash.o)
 .text.set_curjob
                0x00032358       0x70 shell/lib.a(ash.o)
 .text.jobno    0x000323c8       0x28 shell/lib.a(ash.o)
 .text.getstatus
                0x000323f0       0x8c shell/lib.a(ash.o)
 .text.need_to_remember
                0x0003247c       0x44 shell/lib.a(ash.o)
 .text.is_hidden_fd
                0x000324c0       0x78 shell/lib.a(ash.o)
 .text.esclen   0x00032538       0x28 shell/lib.a(ash.o)
 .text.falsecmd
                0x00032560        0x8 shell/lib.a(ash.o)
 .text.truecmd  0x00032568        0x8 shell/lib.a(ash.o)
 .text.bltincmd
                0x00032570       0x10 shell/lib.a(ash.o)
 .text.pungetc  0x00032580       0x28 shell/lib.a(ash.o)
 .text.raise_exception
                0x000325a8       0x28 shell/lib.a(ash.o)
 .text.calcsize
                0x000325d0      0x130 shell/lib.a(ash.o)
 .text.sizenodelist
                0x00032700       0x3c shell/lib.a(ash.o)
 .text.SIT      0x0003273c       0x94 shell/lib.a(ash.o)
 .text.pushfile
                0x000327d0       0x30 shell/lib.a(ash.o)
 .text.goodname
                0x00032800       0x1c shell/lib.a(ash.o)
 .text.isassignment
                0x0003281c       0x30 shell/lib.a(ash.o)
 .text.freealias
                0x0003284c       0x48 shell/lib.a(ash.o)
 .text.freefunc
                0x00032894       0x28 shell/lib.a(ash.o)
 .text.freeparam
                0x000328bc       0x40 shell/lib.a(ash.o)
 .text.setparam
                0x000328fc       0x8c shell/lib.a(ash.o)
 .text.scanright
                0x00032988       0xa8 shell/lib.a(ash.o)
 .text.scanleft
                0x00032a30       0x80 shell/lib.a(ash.o)
 .text.__lookupalias
                0x00032ab0       0x78 shell/lib.a(ash.o)
 .text.lookupalias
                0x00032b28       0x30 shell/lib.a(ash.o)
 .text.msort    0x00032b58       0xc0 shell/lib.a(ash.o)
 .text.pstrcmp  0x00032c18       0x18 shell/lib.a(ash.o)
 .text.ignoresig
                0x00032c30       0x40 shell/lib.a(ash.o)
 .text.setsignal
                0x00032c70      0x194 shell/lib.a(ash.o)
 .text.nodeckstrdup
                0x00032e04       0x44 shell/lib.a(ash.o)
 .text.copynode
                0x00032e48      0x168 shell/lib.a(ash.o)
 .text.copynodelist
                0x00032fb0       0x54 shell/lib.a(ash.o)
 .text.cmdlookup
                0x00033004       0xd8 shell/lib.a(ash.o)
 .text.errmsg   0x000330dc       0x24 shell/lib.a(ash.o)
 .text.tokname  0x00033100       0x3c shell/lib.a(ash.o)
 .text.findkwd  0x0003313c       0x2c shell/lib.a(ash.o)
 .text.find_builtin
                0x00033168       0x2c shell/lib.a(ash.o)
 .text.ulimitcmd
                0x00033194       0x14 shell/lib.a(ash.o)
 .text.printfcmd
                0x000331a8       0x10 shell/lib.a(ash.o)
 .text.historycmd
                0x000331b8       0x20 shell/lib.a(ash.o)