Archive member included because of file (symbol)

libbb/lib.a(appletlib.o)      /home/ssbai/mini2440_buildroot/output/host/usr/arm-buildroot-linux-uclibcgnueabi/sysroot/usr/lib/crt1.o (main)
libbb/lib.a(concat_path_file.o)
                              libbb/lib.a(appletlib.o) (concat_path_file)
libbb/lib.a(default_error_retval.o)
                              libbb/lib.a(appletlib.o) (xfunc_error_retval)
libbb/lib.a(get_last_path_component.o)
                              libbb/lib.a(appletlib.o) (bb_basename)
libbb/lib.a(last_char_is.o)   libbb/lib.a(concat_path_file.o) (last_char_is)
libbb/lib.a(messages.o)       libbb/lib.a(appletlib.o) (bb_busybox_exec_path)
libbb/lib.a(perror_msg.o)     libbb/lib.a(appletlib.o) (bb_simple_perror_msg)
libbb/lib.a(ptr_to_globals.o)
                              libbb/lib.a(appletlib.o) (bb_errno)
libbb/lib.a(verror_msg.o)     libbb/lib.a(perror_msg.o) (bb_verror_msg)
libbb/lib.a(xfunc_die.o)      libbb/lib.a(appletlib.o) (xfunc_die)
libbb/lib.a(xfuncs.o)         libbb/lib.a(appletlib.o) (full_write2_str)
libbb/lib.a(xfuncs_printf.o)  libbb/lib.a(verror_msg.o) (fflush_all)
libbb/lib.a(xreadlink.o)      libbb/lib.a(appletlib.o) (xmalloc_readlink)
libbb/lib.a(copyfd.o)         libbb/lib.a(xfuncs_printf.o) (bb_copyfd_eof)
libbb/lib.a(full_write.o)     libbb/lib.a(verror_msg.o) (full_write)
libbb/lib.a(read.o)           libbb/lib.a(copyfd.o) (safe_read)
libbb/lib.a(safe_write.o)     libbb/lib.a(full_write.o) (safe_write)
libbb/lib.a(time.o)           libbb/lib.a(xfuncs_printf.o) (monotonic_us)
libbb/lib.a(bb_strtonum.o)    libbb/lib.a(time.o) (bb_strtol)
loginutils/lib.a(addgroup.o)  libbb/lib.a(appletlib.o) (addgroup_main)
loginutils/lib.a(adduser.o)   libbb/lib.a(appletlib.o) (adduser_main)
loginutils/lib.a(deluser.o)   libbb/lib.a(appletlib.o) (deluser_main)
loginutils/lib.a(getty.o)     libbb/lib.a(appletlib.o) (getty_main)
loginutils/lib.a(login.o)     libbb/lib.a(appletlib.o) (login_main)
loginutils/lib.a(passwd.o)    libbb/lib.a(appletlib.o) (passwd_main)
loginutils/lib.a(su.o)        libbb/lib.a(appletlib.o) (su_main)
loginutils/lib.a(sulogin.o)   libbb/lib.a(appletlib.o) (sulogin_main)
loginutils/lib.a(vlock.o)     libbb/lib.a(appletlib.o) (vlock_main)
miscutils/lib.a(chrt.o)       libbb/lib.a(appletlib.o) (chrt_main)
miscutils/lib.a(crond.o)      libbb/lib.a(appletlib.o) (crond_main)
miscutils/lib.a(crontab.o)    libbb/lib.a(appletlib.o) (crontab_main)
miscutils/lib.a(dc.o)         libbb/lib.a(appletlib.o) (dc_main)
miscutils/lib.a(devmem.o)     libbb/lib.a(appletlib.o) (devmem_main)
miscutils/lib.a(eject.o)      libbb/lib.a(appletlib.o) (eject_main)
miscutils/lib.a(hdparm.o)     libbb/lib.a(appletlib.o) (hdparm_main)
miscutils/lib.a(last.o)       libbb/lib.a(appletlib.o) (last_main)
miscutils/lib.a(less.o)       libbb/lib.a(appletlib.o) (less_main)
miscutils/lib.a(makedevs.o)   libbb/lib.a(appletlib.o) (makedevs_main)
miscutils/lib.a(microcom.o)   libbb/lib.a(appletlib.o) (microcom_main)
miscutils/lib.a(mountpoint.o)
                              libbb/lib.a(appletlib.o) (mountpoint_main)
miscutils/lib.a(mt.o)         libbb/lib.a(appletlib.o) (mt_main)
miscutils/lib.a(runlevel.o)   libbb/lib.a(appletlib.o) (runlevel_main)
miscutils/lib.a(setserial.o)  libbb/lib.a(appletlib.o) (setserial_main)
miscutils/lib.a(setsid.o)     libbb/lib.a(appletlib.o) (setsid_main)
miscutils/lib.a(strings.o)    libbb/lib.a(appletlib.o) (strings_main)
miscutils/lib.a(time.o)       libbb/lib.a(appletlib.o) (time_main)
miscutils/lib.a(watchdog.o)   libbb/lib.a(appletlib.o) (watchdog_main)
modutils/lib.a(insmod.o)      libbb/lib.a(appletlib.o) (insmod_main)
modutils/lib.a(lsmod.o)       libbb/lib.a(appletlib.o) (lsmod_main)
modutils/lib.a(modprobe.o)    libbb/lib.a(appletlib.o) (modprobe_main)
modutils/lib.a(modutils.o)    modutils/lib.a(modprobe.o) (replace)
modutils/lib.a(rmmod.o)       libbb/lib.a(appletlib.o) (rmmod_main)
networking/lib.a(arping.o)    libbb/lib.a(appletlib.o) (arping_main)
networking/lib.a(dnsd.o)      libbb/lib.a(appletlib.o) (dnsd_main)
networking/lib.a(ether-wake.o)
                              libbb/lib.a(appletlib.o) (ether_wake_main)
networking/lib.a(hostname.o)  libbb/lib.a(appletlib.o) (hostname_main)
networking/lib.a(ifconfig.o)  libbb/lib.a(appletlib.o) (ifconfig_main)
networking/lib.a(ifupdown.o)  libbb/lib.a(appletlib.o) (ifupdown_main)
networking/lib.a(inetd.o)     libbb/lib.a(appletlib.o) (inetd_main)
networking/lib.a(interface.o)
                              networking/lib.a(ifconfig.o) (in_ib)
networking/lib.a(ip.o)        libbb/lib.a(appletlib.o) (ipaddr_main)
networking/lib.a(nameif.o)    libbb/lib.a(appletlib.o) (nameif_main)
networking/lib.a(netstat.o)   libbb/lib.a(appletlib.o) (netstat_main)
networking/lib.a(nslookup.o)  libbb/lib.a(appletlib.o) (nslookup_main)
networking/lib.a(ping.o)      libbb/lib.a(appletlib.o) (ping_main)
networking/lib.a(route.o)     networking/lib.a(netstat.o) (bb_displayroutes)
[...]
Memory Configuration

Name             Origin             Length             Attributes
*default*        0x0000000000000000 0xffffffffffffffff

Linker script and memory map

LOAD /home/ssbai/mini2440_buildroot/output/host/usr/arm-buildroot-linux-uclibcgnueabi/sysroot/usr/lib/crt1.o
LOAD /home/ssbai/mini2440_buildroot/output/host/usr/arm-buildroot-linux-uclibcgnueabi/sysroot/usr/lib/crti.o
LOAD /home/ssbai/mini2440_buildroot/output/host/usr/lib/gcc/arm-buildroot-linux-uclibcgnueabi/4.8.3/crtbegin.o
START GROUP
LOAD applets/built-in.o
LOAD archival/lib.a
LOAD archival/libarchive/lib.a
LOAD console-tools/lib.a
LOAD coreutils/lib.a
LOAD coreutils/libcoreutils/lib.a
LOAD debianutils/lib.a
LOAD e2fsprogs/lib.a
LOAD editors/lib.a
LOAD findutils/lib.a
LOAD init/lib.a
LOAD libbb/lib.a
LOAD libpwdgrp/lib.a
LOAD loginutils/lib.a
LOAD mailutils/lib.a
LOAD miscutils/lib.a
LOAD modutils/lib.a
LOAD networking/lib.a
LOAD networking/libiproute/lib.a
LOAD networking/udhcp/lib.a
LOAD printutils/lib.a
LOAD procps/lib.a
LOAD runit/lib.a
LOAD selinux/lib.a
LOAD shell/lib.a
LOAD sysklogd/lib.a
LOAD util-linux/lib.a
LOAD util-linux/volume_id/lib.a
LOAD archival/built-in.o
LOAD archival/libarchive/built-in.o
LOAD console-tools/built-in.o
LOAD coreutils/built-in.o
LOAD coreutils/libcoreutils/built-in.o
LOAD debianutils/built-in.o
LOAD e2fsprogs/built-in.o
LOAD editors/built-in.o
LOAD findutils/built-in.o
LOAD init/built-in.o
LOAD libbb/built-in.o
LOAD libpwdgrp/built-in.o
LOAD loginutils/built-in.o
LOAD mailutils/built-in.o
LOAD miscutils/built-in.o
LOAD modutils/built-in.o
LOAD networking/built-in.o
LOAD networking/libiproute/built-in.o
LOAD networking/udhcp/built-in.o
LOAD printutils/built-in.o
LOAD procps/built-in.o
LOAD runit/built-in.o
LOAD selinux/built-in.o
LOAD shell/built-in.o
LOAD sysklogd/built-in.o
LOAD util-linux/built-in.o
LOAD util-linux/volume_id/built-in.o
END GROUP
START GROUP
END GROUP
LOAD /home/ssbai/mini2440_buildroot/output/host/usr/lib/gcc/arm-buildroot-linux-uclibcgnueabi/4.8.3/libgcc.a
LOAD /home/ssbai/mini2440_buildroot/output/host/usr/lib/gcc/arm-buildroot-linux-uclibcgnueabi/4.8.3/libgcc_eh.a
LOAD /home/ssbai/mini2440_buildroot/output/host/usr/arm-buildroot-linux-uclibcgnueabi/sysroot/usr/lib/libc.so
START GROUP
LOAD /home/ssbai/mini2440_buildroot/output/host/usr/arm-buildroot-linux-uclibcgnueabi/sysroot/lib/libc.so.0
LOAD /home/ssbai/mini2440_buildroot/output/host/usr/arm-buildroot-linux-uclibcgnueabi/sysroot/usr/lib/uclibc_nonshared.a
LOAD /home/ssbai/mini2440_buildroot/output/host/usr/arm-buildroot-linux-uclibcgnueabi/sysroot/lib/ld-uClibc.so.0
END GROUP
LOAD /home/ssbai/mini2440_buildroot/output/host/usr/lib/gcc/arm-buildroot-linux-uclibcgnueabi/4.8.3/libgcc.a
LOAD /home/ssbai/mini2440_buildroot/output/host/usr/lib/gcc/arm-buildroot-linux-uclibcgnueabi/4.8.3/libgcc_eh.a
LOAD /home/ssbai/mini2440_buildroot/output/host/usr/lib/gcc/arm-buildroot-linux-uclibcgnueabi/4.8.3/crtend.o
LOAD /home/ssbai/mini2440_buildroot/output/host/usr/arm-buildroot-linux-uclibcgnueabi/sysroot/usr/lib/crtn.o
                0x0000000000008000                PROVIDE (__executable_start, 0x8000)
                0x0000000000008114                . = (0x8000 + SIZEOF_HEADERS)

.interp         0x0000000000008114       0x14
 *(SORT(.interp))
 .interp        0x0000000000008114       0x14 /home/ssbai/mini2440_buildroot/output/host/usr/arm-buildroot-linux-uclibcgnueabi/sysroot/usr/lib/crt1.o

.note.gnu.build-id
 *(SORT(.note.gnu.build-id))

.hash           0x0000000000008128      0x98c
 *(SORT(.hash))
 .hash          0x0000000000008128      0x98c /home/ssbai/mini2440_buildroot/output/host/usr/arm-buildroot-linux-uclibcgnueabi/sysroot/usr/lib/crt1.o

.gnu.hash
 *(SORT(.gnu.hash))

.dynsym         0x0000000000008ab4     0x15a0
 *(SORT(.dynsym))
 .dynsym        0x0000000000008ab4     0x15a0 /home/ssbai/mini2440_buildroot/output/host/usr/arm-buildroot-linux-uclibcgnueabi/sysroot/usr/lib/crt1.o

.dynstr         0x000000000000a054      0xb13
 *(SORT(.dynstr))
 .dynstr        0x000000000000a054      0xb13 /home/ssbai/mini2440_buildroot/output/host/usr/arm-buildroot-linux-uclibcgnueabi/sysroot/usr/lib/crt1.o

.gnu.version    0x000000000000ab68        0x0
 *(SORT(.gnu.version))
 .gnu.version   0x0000000000000000        0x0 /home/ssbai/mini2440_buildroot/output/host/usr/arm-buildroot-linux-uclibcgnueabi/sysroot/usr/lib/crt1.o

.gnu.version_d  0x000000000000ab68        0x0
 *(SORT(.gnu.version_d))
 .gnu.version_d
                0x0000000000000000        0x0 /home/ssbai/mini2440_buildroot/output/host/usr/arm-buildroot-linux-uclibcgnueabi/sysroot/usr/lib/crt1.o

.gnu.version_r  0x000000000000ab68        0x0
 *(SORT(.gnu.version_r))
 .gnu.version_r
                0x0000000000000000        0x0 /home/ssbai/mini2440_buildroot/output/host/usr/arm-buildroot-linux-uclibcgnueabi/sysroot/usr/lib/crt1.o

.rel.dyn        0x000000000000ab68       0x48
 *(SORT(.rel.init))
 *(SORT(.rel.text) SORT(.rel.text.*) SORT(.rel.gnu.linkonce.t.*))
 *(SORT(.rel.fini))
 *(SORT(.rel.rodata) SORT(.rel.rodata.*) SORT(.rel.gnu.linkonce.r.*))
 *(SORT(.rel.data.rel.ro*) SORT(.rel.gnu.linkonce.d.rel.ro.*))
 *(SORT(.rel.data) SORT(.rel.data.*) SORT(.rel.gnu.linkonce.d.*))
 *(SORT(.rel.tdata) SORT(.rel.tdata.*) SORT(.rel.gnu.linkonce.td.*))
 *(SORT(.rel.tbss) SORT(.rel.tbss.*) SORT(.rel.gnu.linkonce.tb.*))
 *(SORT(.rel.ctors))
 *(SORT(.rel.dtors))
 *(SORT(.rel.got))
 .rel.got       0x0000000000000000        0x0 /home/ssbai/mini2440_buildroot/output/host/usr/arm-buildroot-linux-uclibcgnueabi/sysroot/usr/lib/crt1.o
 *(SORT(.rel.bss) SORT(.rel.bss.*) SORT(.rel.gnu.linkonce.b.*))
 .rel.bss       0x000000000000ab68       0x48 /home/ssbai/mini2440_buildroot/output/host/usr/arm-buildroot-linux-uclibcgnueabi/sysroot/usr/lib/crt1.o
                0x000000000000abb0                PROVIDE (__rel_iplt_start, .)
 *(SORT(.rel.iplt))
 .rel.iplt      0x0000000000000000        0x0 /home/ssbai/mini2440_buildroot/output/host/usr/arm-buildroot-linux-uclibcgnueabi/sysroot/usr/lib/crt1.o
                0x000000000000abb0                PROVIDE (__rel_iplt_end, .)
                0x000000000000abb0                PROVIDE (__rela_iplt_start, .)
                0x000000000000abb0                PROVIDE (__rela_iplt_end, .)

.rela.dyn       0x000000000000abb0        0x0
 *(SORT(.rela.init))
 *(SORT(.rela.text) SORT(.rela.text.*) SORT(.rela.gnu.linkonce.t.*))
 *(SORT(.rela.fini))
 *(SORT(.rela.rodata) SORT(.rela.rodata.*) SORT(.rela.gnu.linkonce.r.*))
 *(SORT(.rela.data) SORT(.rela.data.*) SORT(.rela.gnu.linkonce.d.*))
 *(SORT(.rela.tdata) SORT(.rela.tdata.*) SORT(.rela.gnu.linkonce.td.*))
 *(SORT(.rela.tbss) SORT(.rela.tbss.*) SORT(.rela.gnu.linkonce.tb.*))
 *(SORT(.rela.ctors))
 *(SORT(.rela.dtors))
 *(SORT(.rela.got))
 *(SORT(.rela.bss) SORT(.rela.bss.*) SORT(.rela.gnu.linkonce.b.*))
                0x000000000000abb0                PROVIDE (__rel_iplt_start, .)
                0x000000000000abb0                PROVIDE (__rel_iplt_end, .)
                0x000000000000abb0                PROVIDE (__rela_iplt_start, .)
 *(SORT(.rela.iplt))
                0x000000000000abb0                PROVIDE (__rela_iplt_end, .)

.rel.plt        0x000000000000abb0      0xa28
 *(SORT(.rel.plt))
 .rel.plt       0x000000000000abb0      0xa28 /home/ssbai/mini2440_buildroot/output/host/usr/arm-buildroot-linux-uclibcgnueabi/sysroot/usr/lib/crt1.o

.rela.plt
 *(SORT(.rela.plt))

.init           0x000000000000b5d8       0x10
 *(SORT(.init))
 .init          0x000000000000b5d8        0xc /home/ssbai/mini2440_buildroot/output/host/usr/arm-buildroot-linux-uclibcgnueabi/sysroot/usr/lib/crti.o
                0x000000000000b5d8                _init
 .init          0x000000000000b5e4        0x4 /home/ssbai/mini2440_buildroot/output/host/usr/arm-buildroot-linux-uclibcgnueabi/sysroot/usr/lib/crtn.o

.plt            0x000000000000b5e8      0xf50
 *(SORT(.plt))
 .plt           0x000000000000b5e8      0xf50 /home/ssbai/mini2440_buildroot/output/host/usr/arm-buildroot-linux-uclibcgnueabi/sysroot/usr/lib/crt1.o
                0x000000000000b5fc                longjmp
                0x000000000000b608                stpcpy
                0x000000000000b614                putchar
                0x000000000000b620                chroot
                0x000000000000b62c                strcpy
                0x000000000000b638                setrlimit64
                0x000000000000b644                unsetenv
                0x000000000000b650                mkstemp64
                0x000000000000b65c                waitpid
                0x000000000000b668                ioctl
                0x000000000000b674                getgid
                0x000000000000b680                popen
                0x000000000000b68c                sysconf
                0x000000000000b698                printf
                0x000000000000b6a4                vsprintf
                0x000000000000b6b0                getspnam_r
                0x000000000000b6bc                cfgetospeed
                0x000000000000b6c8                recv
                0x000000000000b6d4                connect
                0x000000000000b6e0                ungetc
                0x000000000000b6ec                tcgetsid
                0x000000000000b6f8                utimes
                0x000000000000b704                shmctl
                0x000000000000b710                strerror
                0x000000000000b71c                memrchr
                0x000000000000b728                geteuid
                0x000000000000b734                inet_pton
                0x000000000000b740                stat64
                0x000000000000b74c                memmove
                0x000000000000b758                pclose
                0x000000000000b764                getopt_long
                0x000000000000b770                snprintf
                0x000000000000b77c                syscall
                0x000000000000b788                munmap
                0x000000000000b794                sched_getparam
                0x000000000000b7a0                mknod
                0x000000000000b7ac                ftello64
                0x000000000000b7b8                getgrgid
                0x000000000000b7c4                times
                0x000000000000b7d0                statfs64
                0x000000000000b7dc                getenv
                0x000000000000b7e8                fchmod
                0x000000000000b7f4                getegid
                0x000000000000b800                setlinebuf
                0x000000000000b80c                setpriority
                0x000000000000b818                getpriority
                0x000000000000b824                personality
                0x000000000000b830                bsearch
                0x000000000000b83c                usleep
                0x000000000000b848                execve
                0x000000000000b854                semget
                0x000000000000b860                getpagesize
                0x000000000000b86c                getpid
                0x000000000000b878                qsort
                0x000000000000b884                fchown
                0x000000000000b890                fscanf
                0x000000000000b89c                dirname
                0x000000000000b8a8                fcntl64
                0x000000000000b8b4                getrlimit64
                0x000000000000b8c0                memcpy
                0x000000000000b8cc                execl
                0x000000000000b8d8                readlink
                0x000000000000b8e4                puts
                0x000000000000b8f0                dup2
                0x000000000000b8fc                tcflush
                0x000000000000b908                execle
                0x000000000000b914                getuid
                0x000000000000b920                tcsendbreak
                0x000000000000b92c                semctl
                0x000000000000b938                system
                0x000000000000b944                feof
                0x000000000000b950                hasmntopt
                0x000000000000b95c                malloc
                0x000000000000b968                isatty
                0x000000000000b974                cfgetispeed
                0x000000000000b980                siglongjmp
                0x000000000000b98c                sleep
                0x000000000000b998                sched_setscheduler
                0x000000000000b9a4                sysinfo
                0x000000000000b9b0                vsnprintf
                0x000000000000b9bc                strtoll
                0x000000000000b9c8                recvfrom
                0x000000000000b9d4                tcdrain
                0x000000000000b9e0                pivot_root
                0x000000000000b9ec                strtoul
                0x000000000000b9f8                getutent
                0x000000000000ba04                sched_getscheduler
                0x000000000000ba10                mktemp
                0x000000000000ba1c                gethostbyaddr
                0x000000000000ba28                settimeofday
                0x000000000000ba34                rmdir
                0x000000000000ba40                socket
                0x000000000000ba4c                select
                0x000000000000ba58                init_module
                0x000000000000ba64                lchown
                0x000000000000ba70                setgroups
                0x000000000000ba7c                delete_module
                0x000000000000ba88                mempcpy
                0x000000000000ba94                fflush
                0x000000000000baa0                realpath
                0x000000000000baac                putenv
                0x000000000000bab8                sigaddset
                0x000000000000bac4                clearenv
                0x000000000000bad0                chown
                0x000000000000badc                strncasecmp
                0x000000000000bae8                setpgid
                0x000000000000baf4                freeaddrinfo
                0x000000000000bb00                __fgetc_unlocked
                0x000000000000bb0c                abort
                0x000000000000bb18                gmtime_r
                0x000000000000bb24                chmod
                0x000000000000bb30                getnameinfo
                0x000000000000bb3c                fstat64
                0x000000000000bb48                alarm
                0x000000000000bb54                mlock
                0x000000000000bb60                strtol
                0x000000000000bb6c                __sigsetjmp
                0x000000000000bb78                pipe
                0x000000000000bb84                ether_hostton
                0x000000000000bb90                getpgrp
                0x000000000000bb9c                strnlen
                0x000000000000bba8                uname
                0x000000000000bbb4                accept
                0x000000000000bbc0                cfsetispeed
                0x000000000000bbcc                utmpname
                0x000000000000bbd8                rename
                0x000000000000bbe4                strrchr
                0x000000000000bbf0                strtod
                0x000000000000bbfc                write
                0x000000000000bc08                atof
                0x000000000000bc14                fprintf
                0x000000000000bc20                kill
                0x000000000000bc2c                fputs_unlocked
                0x000000000000bc38                ctime
                0x000000000000bc44                strcat
                0x000000000000bc50                bind
                0x000000000000bc5c                getmntent_r
                0x000000000000bc68                inet_addr
                0x000000000000bc74                vprintf
                0x000000000000bc80                umount2
                0x000000000000bc8c                mkfifo
                0x000000000000bc98                if_nametoindex
                0x000000000000bcb0                reboot
                0x000000000000bcbc                chdir
                0x000000000000bcc8                initgroups
                0x000000000000bcd4                endgrent
                0x000000000000bce0                setsockopt
                0x000000000000bcec                wait3
                0x000000000000bcf8                shmget
                0x000000000000bd04                cfsetospeed
                0x000000000000bd10                memchr
                0x000000000000bd1c                swapoff
                0x000000000000bd28                wait
                0x000000000000bd34                umask
                0x000000000000bd40                dprintf
                0x000000000000bd4c                mktime
                0x000000000000bd58                strcasestr
                0x000000000000bd64                ferror
                0x000000000000bd70                strstr
                0x000000000000bd7c                rand
                0x000000000000bd88                setgid
                0x000000000000bd94                signal
                0x000000000000bda0                read
                0x000000000000bdac                endutent
                0x000000000000bdb8                openlog
                0x000000000000bdc4                pread64
                0x000000000000bdd0                sendmsg
                0x000000000000bddc                closelog
                0x000000000000bde8                strncmp
                0x000000000000bdf4                getusershell
                0x000000000000be00                sethostname
                0x000000000000be0c                __cmsg_nxthdr
                0x000000000000be18                setpgrp
                0x000000000000be24                strncpy
                0x000000000000be30                unlink
                0x000000000000be3c                sync
                0x000000000000be48                setenv
                0x000000000000be54                freopen64
                0x000000000000be60                strcasecmp
                0x000000000000be6c                sendto
                0x000000000000be78                sched_get_priority_max
                0x000000000000be84                realloc
                0x000000000000be90                __cxa_atexit
                0x000000000000be9c                readdir64
                0x000000000000bea8                strtok
                0x000000000000beb4                memcmp
                0x000000000000bec0                listen
                0x000000000000becc                sched_get_priority_min
                0x000000000000bed8                fdopen
                0x000000000000bee4                fork
                0x000000000000bef0                sscanf
                0x000000000000befc                execv
                0x000000000000bf08                setmntent
                0x000000000000bf14                lstat64
                0x000000000000bf20                execlp
                0x000000000000bf2c                sigaction
                0x000000000000bf38                endmntent
                0x000000000000bf44                __res_init
                0x000000000000bf50                killpg
                0x000000000000bf5c                fread
                0x000000000000bf68                ttyname_r
                0x000000000000bf74                __uClibc_main
                0x000000000000bf80                getlogin_r
                0x000000000000bf8c                strdup
                0x000000000000bf98                inet_aton
                0x000000000000bfa4                strtoull
                0x000000000000bfb0                regcomp
                0x000000000000bfbc                symlink
                0x000000000000bfc8                gettimeofday
                0x000000000000bfd4                getopt
                0x000000000000bfe0                localtime
                0x000000000000bfec                memset
                0x000000000000bff8                fnmatch
                0x000000000000c004                cfmakeraw
                0x000000000000c010                getsid
                0x000000000000c01c                srand
                0x000000000000c028                clearerr
                0x000000000000c034                mallopt
                0x000000000000c040                fclose
                0x000000000000c04c                open64
                0x000000000000c058                inet_ntoa
                0x000000000000c064                getppid
                0x000000000000c070                tcgetattr
                0x000000000000c07c                getservbyport
                0x000000000000c088                regexec
                0x000000000000c094                endusershell
                0x000000000000c0a0                time
                0x000000000000c0ac                opendir
                0x000000000000c0b8                getgroups
                0x000000000000c0c4                msgctl
                0x000000000000c0d0                poll
                0x000000000000c0dc                sigtimedwait
                0x000000000000c0e8                getgrouplist
                0x000000000000c0f4                syslog
                0x000000000000c100                seteuid
                0x000000000000c10c                getopt_long_only
                0x000000000000c118                getpwent_r
                0x000000000000c124                mount
                0x000000000000c130                strcmp
                0x000000000000c13c                getpwuid
                0x000000000000c148                __h_errno_location
                0x000000000000c154                dup
                0x000000000000c160                swapon
                0x000000000000c16c                getcwd
                0x000000000000c178                __res_state
                0x000000000000c184                gethostbyname
                0x000000000000c190                strsignal
                0x000000000000c19c                getpwnam
                0x000000000000c1a8                getservbyname
                0x000000000000c1b4                sprintf
                0x000000000000c1c0                ether_aton_r
                0x000000000000c1cc                strcspn
                0x000000000000c1d8                cfsetspeed
                0x000000000000c1e4                scanf
                0x000000000000c1f0                regerror
                0x000000000000c1fc                umount
                0x000000000000c208                pututline
                0x000000000000c214                mmap64
                0x000000000000c220                vfork
                0x000000000000c22c                strsep
                0x000000000000c238                fsync
                0x000000000000c244                hstrerror
                0x000000000000c250                localtime_r
                0x000000000000c25c                getaddrinfo
                0x000000000000c268                strftime
                0x000000000000c274                mkdtemp
                0x000000000000c280                getmntent
                0x000000000000c28c                fwrite
                0x000000000000c298                access
                0x000000000000c2a4                strptime
                0x000000000000c2b0                tcgetpgrp
                0x000000000000c2bc                __errno_location
                0x000000000000c2c8                link
                0x000000000000c2d4                exit
                0x000000000000c2e0                ether_ntoa
                0x000000000000c2ec                stime
                0x000000000000c2f8                klogctl
                0x000000000000c304                sigdelset
                0x000000000000c310                setbuf
                0x000000000000c31c                inet_ntop
                0x000000000000c328                getgrnam
                0x000000000000c334                atoi
                0x000000000000c340                fileno
                0x000000000000c34c                _setjmp
                0x000000000000c358                fgets_unlocked
                0x000000000000c364                getline
                0x000000000000c370                _exit
                0x000000000000c37c                strverscmp
                0x000000000000c388                strspn
                0x000000000000c394                munlock
                0x000000000000c3a0                strlen
                0x000000000000c3ac                lseek64
                0x000000000000c3b8                regfree
                0x000000000000c3c4                updwtmp
                0x000000000000c3d0                strchr
                0x000000000000c3dc                setutent
                0x000000000000c3e8                fputs
                0x000000000000c3f4                execvp
                0x000000000000c400                setsid
                0x000000000000c40c                setegid
                0x000000000000c418                closedir
                0x000000000000c424                vasprintf
                0x000000000000c430                recvmsg
                0x000000000000c43c                strchrnul
                0x000000000000c448                tzset
                0x000000000000c454                sched_yield
                0x000000000000c460                setuid
                0x000000000000c46c                gethostid
                0x000000000000c478                fseeko64
                0x000000000000c484                tcsetattr
                0x000000000000c490                mkdir
                0x000000000000c4a8                msgget
                0x000000000000c4b4                close
                0x000000000000c4c0                vfprintf
                0x000000000000c4cc                strpbrk
                0x000000000000c4d8                tcsetpgrp
                0x000000000000c4e4                raise
                0x000000000000c4f0                free
                0x000000000000c4fc                sigprocmask
                0x000000000000c508                __fputc_unlocked
                0x000000000000c514                getsockname
                0x000000000000c520                fopen64
                0x000000000000c52c                ftruncate64

.iplt           0x000000000000c538        0x0
 *(SORT(.iplt))
 .iplt          0x0000000000000000        0x0 /home/ssbai/mini2440_buildroot/output/host/usr/arm-buildroot-linux-uclibcgnueabi/sysroot/usr/lib/crt1.o

.text           0x000000000000c538    0x7d1f8
 *(SORT(.text.unlikely) SORT(.text.*_unlikely))
 *(SORT(.text.exit) SORT(.text.exit.*))
 *(SORT(.text.startup) SORT(.text.startup.*))
 *(SORT(.text.hot) SORT(.text.hot.*))
 *(SORT(.text) SORT(.stub) SORT(.text.*) SORT(.gnu.linkonce.t.*))
 .text          0x000000000000c538       0x3c /home/ssbai/mini2440_buildroot/output/host/usr/arm-buildroot-linux-uclibcgnueabi/sysroot/usr/lib/crt1.o
                0x000000000000c538                _start
 .text          0x000000000000c574      0x11c /home/ssbai/mini2440_buildroot/output/host/usr/lib/gcc/arm-buildroot-linux-uclibcgnueabi/4.8.3/crtbegin.o
 .text.applet_name_compare
                0x000000000000c690       0x30 libbb/lib.a(appletlib.o)
 .text.find_applet_by_name
                0x000000000000c6c0       0x30 libbb/lib.a(appletlib.o)
                0x000000000000c6c0                find_applet_by_name
 .text.bb_show_usage
                0x000000000000c6f0       0xa8 libbb/lib.a(appletlib.o)
                0x000000000000c6f0                bb_show_usage
 .text.lbb_prepare
                0x000000000000c798       0x2c libbb/lib.a(appletlib.o)
                0x000000000000c798                lbb_prepare
 .text.run_applet_no_and_exit
                0x000000000000c7c4      0x10c libbb/lib.a(appletlib.o)
                0x000000000000c7c4                run_applet_no_and_exit
 .text.run_applet_and_exit
                0x000000000000c8d0      0x384 libbb/lib.a(appletlib.o)
                0x000000000000c8d0                run_applet_and_exit
 .text.main     0x000000000000cc54       0x8c libbb/lib.a(appletlib.o)
                0x000000000000cc54                main
 .text.concat_path_file
                0x000000000000cce0       0x6c libbb/lib.a(concat_path_file.o)
                0x000000000000cce0                concat_path_file
 .text.bb_basename
                0x000000000000cd4c       0x24 libbb/lib.a(get_last_path_component.o)
                0x000000000000cd4c                bb_basename
 .text.bb_get_last_path_component_nostrip
                0x000000000000cd70       0x3c libbb/lib.a(get_last_path_component.o)
                0x000000000000cd70                bb_get_last_path_component_nostrip
 .text.bb_get_last_path_component_strip
                0x000000000000cdac       0x44 libbb/lib.a(get_last_path_component.o)
                0x000000000000cdac                bb_get_last_path_component_strip
 .text.last_char_is
                0x000000000000cdf0       0x44 libbb/lib.a(last_char_is.o)
                0x000000000000cdf0                last_char_is
 .text.bb_perror_msg
                0x000000000000ce34       0x48 libbb/lib.a(perror_msg.o)
                0x000000000000ce34                bb_perror_msg
 .text.bb_perror_msg_and_die
                0x000000000000ce7c       0x3c libbb/lib.a(perror_msg.o)
                0x000000000000ce7c                bb_perror_msg_and_die
 .text.bb_simple_perror_msg
                0x000000000000ceb8       0x10 libbb/lib.a(perror_msg.o)
                0x000000000000ceb8                bb_simple_perror_msg
 .text.bb_simple_perror_msg_and_die
                0x000000000000cec8       0x14 libbb/lib.a(perror_msg.o)
                0x000000000000cec8                bb_simple_perror_msg_and_die
 .text.bb_verror_msg
                0x000000000000cedc      0x1c8 libbb/lib.a(verror_msg.o)
                0x000000000000cedc                bb_verror_msg
 .text.bb_error_msg_and_die
                0x000000000000d0a4       0x20 libbb/lib.a(verror_msg.o)
                0x000000000000d0a4                bb_error_msg_and_die
 .text.bb_error_msg
                0x000000000000d0c4       0x2c libbb/lib.a(verror_msg.o)
                0x000000000000d0c4                bb_error_msg
 .text.xfunc_die
                0x000000000000d0f0       0x28 libbb/lib.a(xfunc_die.o)
                0x000000000000d0f0                xfunc_die
 .text.ndelay_on
                0x000000000000d118       0x30 libbb/lib.a(xfuncs.o)
                0x000000000000d118                ndelay_on
 .text.ndelay_off
                0x000000000000d148       0x30 libbb/lib.a(xfuncs.o)
                0x000000000000d148                ndelay_off
 .text.close_on_exec_on
                0x000000000000d178       0x18 libbb/lib.a(xfuncs.o)
                0x000000000000d178                close_on_exec_on
 .text.strncpy_IFNAMSIZ
                0x000000000000d190       0x14 libbb/lib.a(xfuncs.o)
                0x000000000000d190                strncpy_IFNAMSIZ
 .text.utoa_to_buf
                0x000000000000d1a4       0x98 libbb/lib.a(xfuncs.o)
                0x000000000000d1a4                utoa_to_buf
 .text.itoa_to_buf
                0x000000000000d23c       0x2c libbb/lib.a(xfuncs.o)
                0x000000000000d23c                itoa_to_buf
 .text.utoa     0x000000000000d268       0x2c libbb/lib.a(xfuncs.o)
                0x000000000000d268                utoa
 .text.itoa     0x000000000000d294       0x2c libbb/lib.a(xfuncs.o)
                0x000000000000d294                itoa
 .text.bin2hex  0x000000000000d2c0       0x50 libbb/lib.a(xfuncs.o)
                0x000000000000d2c0                bin2hex
 .text.hex2bin  0x000000000000d310       0xf0 libbb/lib.a(xfuncs.o)
                0x000000000000d310                hex2bin
 .text.bb_putchar_stderr
                0x000000000000d400       0x24 libbb/lib.a(xfuncs.o)
                0x000000000000d400                bb_putchar_stderr
 .text.full_write1_str
                0x000000000000d424       0x24 libbb/lib.a(xfuncs.o)
                0x000000000000d424                full_write1_str
 .text.full_write2_str
                0x000000000000d448       0x24 libbb/lib.a(xfuncs.o)
                0x000000000000d448                full_write2_str
 .text.get_terminal_width_height
                0x000000000000d46c       0xe4 libbb/lib.a(xfuncs.o)
                0x000000000000d46c                get_terminal_width_height
 .text.tcsetattr_stdin_TCSANOW
                0x000000000000d550       0x1c libbb/lib.a(xfuncs.o)
                0x000000000000d550                tcsetattr_stdin_TCSANOW
 .text.safe_waitpid
                0x000000000000d56c       0x48 libbb/lib.a(xfuncs.o)
                0x000000000000d56c                safe_waitpid
 .text.wait_any_nohang
                0x000000000000d5b4       0x10 libbb/lib.a(xfuncs.o)
                0x000000000000d5b4                wait_any_nohang
 .text.wait4pid
                0x000000000000d5c4       0x60 libbb/lib.a(xfuncs.o)
                0x000000000000d5c4                wait4pid
 .text.malloc_or_warn
                0x000000000000d624       0x3c libbb/lib.a(xfuncs_printf.o)
                0x000000000000d624                malloc_or_warn
 .text.xmalloc  0x000000000000d660       0x34 libbb/lib.a(xfuncs_printf.o)
                0x000000000000d660                xmalloc
 .text.xrealloc
                0x000000000000d694       0x34 libbb/lib.a(xfuncs_printf.o)
                0x000000000000d694                xrealloc
 .text.xzalloc  0x000000000000d6c8       0x28 libbb/lib.a(xfuncs_printf.o)
                0x000000000000d6c8                xzalloc
 .text.xstrdup  0x000000000000d6f0       0x30 libbb/lib.a(xfuncs_printf.o)
                0x000000000000d6f0                xstrdup
 .text.xstrndup
                0x000000000000d720       0x50 libbb/lib.a(xfuncs_printf.o)
                0x000000000000d720                xstrndup
 .text.xfopen   0x000000000000d770       0x28 libbb/lib.a(xfuncs_printf.o)
                0x000000000000d770                xfopen
 .text.xopen3   0x000000000000d798       0x28 libbb/lib.a(xfuncs_printf.o)
                0x000000000000d798                xopen3
 .text.xopen    0x000000000000d7c0        0xc libbb/lib.a(xfuncs_printf.o)
                0x000000000000d7c0                xopen
 .text.open3_or_warn
                0x000000000000d7cc       0x2c libbb/lib.a(xfuncs_printf.o)
                0x000000000000d7cc                open3_or_warn
 .text.open_or_warn
                0x000000000000d7f8        0xc libbb/lib.a(xfuncs_printf.o)
                0x000000000000d7f8                open_or_warn
 .text.xopen_nonblocking
                0x000000000000d804        0x8 libbb/lib.a(xfuncs_printf.o)
                0x000000000000d804                xopen_nonblocking
 .text.xunlink  0x000000000000d80c       0x28 libbb/lib.a(xfuncs_printf.o)
                0x000000000000d80c                xunlink
 .text.xrename  0x000000000000d834       0x30 libbb/lib.a(xfuncs_printf.o)
                0x000000000000d834                xrename
 .text.xpipe    0x000000000000d864       0x20 libbb/lib.a(xfuncs_printf.o)
                0x000000000000d864                xpipe
 .text.xdup2    0x000000000000d884       0x24 libbb/lib.a(xfuncs_printf.o)
                0x000000000000d884                xdup2
 .text.xmove_fd
                0x000000000000d8a8       0x24 libbb/lib.a(xfuncs_printf.o)
                0x000000000000d8a8                xmove_fd
 .text.xwrite   0x000000000000d8cc       0x28 libbb/lib.a(xfuncs_printf.o)
                0x000000000000d8cc                xwrite
 .text.xwrite_str
                0x000000000000d8f4       0x28 libbb/lib.a(xfuncs_printf.o)
                0x000000000000d8f4                xwrite_str
 .text.xclose   0x000000000000d91c       0x20 libbb/lib.a(xfuncs_printf.o)
                0x000000000000d91c                xclose
 .text.xlseek   0x000000000000d93c       0x5c libbb/lib.a(xfuncs_printf.o)
                0x000000000000d93c                xlseek
 .text.xmkstemp
                0x000000000000d998       0x28 libbb/lib.a(xfuncs_printf.o)
                0x000000000000d998                xmkstemp
 .text.die_if_ferror
                0x000000000000d9c0       0x28 libbb/lib.a(xfuncs_printf.o)
                0x000000000000d9c0                die_if_ferror
 .text.die_if_ferror_stdout
                0x000000000000d9e8       0x18 libbb/lib.a(xfuncs_printf.o)
                0x000000000000d9e8                die_if_ferror_stdout
 .text.fflush_all
                0x000000000000da00       0x14 libbb/lib.a(xfuncs_printf.o)
                0x000000000000da00                fflush_all
 .text.bb_putchar
                0x000000000000da14       0x1c libbb/lib.a(xfuncs_printf.o)
                0x000000000000da14                bb_putchar
 .text.xprint_and_close_file
                0x000000000000da30       0x40 libbb/lib.a(xfuncs_printf.o)
                0x000000000000da30                xprint_and_close_file
 .text.xasprintf
                0x000000000000da70       0x40 libbb/lib.a(xfuncs_printf.o)
                0x000000000000da70                xasprintf
 .text.xsetenv  0x000000000000dab0       0x24 libbb/lib.a(xfuncs_printf.o)
                0x000000000000dab0                xsetenv
 .text.bb_unsetenv
                0x000000000000dad4       0x44 libbb/lib.a(xfuncs_printf.o)
                0x000000000000dad4                bb_unsetenv
 .text.bb_unsetenv_and_free
                0x000000000000db18       0x1c libbb/lib.a(xfuncs_printf.o)
                0x000000000000db18                bb_unsetenv_and_free
 .text.xsetgid  0x000000000000db34       0x20 libbb/lib.a(xfuncs_printf.o)
                0x000000000000db34                xsetgid
 .text.xsetuid  0x000000000000db54       0x20 libbb/lib.a(xfuncs_printf.o)
                0x000000000000db54                xsetuid
 .text.xsetegid
                0x000000000000db74       0x20 libbb/lib.a(xfuncs_printf.o)
                0x000000000000db74                xsetegid
 .text.xseteuid
                0x000000000000db94       0x20 libbb/lib.a(xfuncs_printf.o)
                0x000000000000db94                xseteuid
 .text.xopen_as_uid_gid
                0x000000000000dbb4       0x60 libbb/lib.a(xfuncs_printf.o)
                0x000000000000dbb4                xopen_as_uid_gid
 .text.xchdir   0x000000000000dc14       0x28 libbb/lib.a(xfuncs_printf.o)
                0x000000000000dc14                xchdir
 .text.xchroot  0x000000000000dc3c       0x30 libbb/lib.a(xfuncs_printf.o)
                0x000000000000dc3c                xchroot
 .text.warn_opendir
                0x000000000000dc6c       0x2c libbb/lib.a(xfuncs_printf.o)
                0x000000000000dc6c                warn_opendir
 .text.xopendir
                0x000000000000dc98       0x28 libbb/lib.a(xfuncs_printf.o)
                0x000000000000dc98                xopendir
 .text.xsocket  0x000000000000dcc0       0x20 libbb/lib.a(xfuncs_printf.o)
                0x000000000000dcc0                xsocket
 .text.xbind    0x000000000000dce0       0x20 libbb/lib.a(xfuncs_printf.o)
                0x000000000000dce0                xbind
 .text.xsendto  0x000000000000dd00       0x44 libbb/lib.a(xfuncs_printf.o)
                0x000000000000dd00                xsendto
 .text.xstat    0x000000000000dd44       0x28 libbb/lib.a(xfuncs_printf.o)
                0x000000000000dd44                xstat
 .text.xfstat   0x000000000000dd6c       0x20 libbb/lib.a(xfuncs_printf.o)
                0x000000000000dd6c                xfstat
 .text.ioctl_or_perror_and_die
                0x000000000000dd8c       0x54 libbb/lib.a(xfuncs_printf.o)
                0x000000000000dd8c                ioctl_or_perror_and_die
 .text.ioctl_or_perror
                0x000000000000dde0       0x54 libbb/lib.a(xfuncs_printf.o)
                0x000000000000dde0                ioctl_or_perror
 .text.bb_ioctl_or_warn
                0x000000000000de34       0x24 libbb/lib.a(xfuncs_printf.o)
                0x000000000000de34                bb_ioctl_or_warn
 .text.bb_xioctl
                0x000000000000de58       0x20 libbb/lib.a(xfuncs_printf.o)
                0x000000000000de58                bb_xioctl
 .text.xmalloc_ttyname
                0x000000000000de78       0x30 libbb/lib.a(xfuncs_printf.o)
                0x000000000000de78                xmalloc_ttyname
 .text.xfork    0x000000000000dea8       0x20 libbb/lib.a(xfuncs_printf.o)
                0x000000000000dea8                xfork
 .text.xmalloc_readlink
                0x000000000000dec8       0x68 libbb/lib.a(xreadlink.o)
                0x000000000000dec8                xmalloc_readlink
 .text.xmalloc_follow_symlinks
                0x000000000000df30       0xc0 libbb/lib.a(xreadlink.o)
                0x000000000000df30                xmalloc_follow_symlinks
 .text.xmalloc_readlink_or_warn
                0x000000000000dff0       0x58 libbb/lib.a(xreadlink.o)
                0x000000000000dff0                xmalloc_readlink_or_warn
 .text.xmalloc_realpath
                0x000000000000e048       0x14 libbb/lib.a(xreadlink.o)
                0x000000000000e048                xmalloc_realpath
 .text.bb_full_fd_action
                0x000000000000e05c      0x128 libbb/lib.a(copyfd.o)
 .text.bb_copyfd_size
                0x000000000000e184       0x28 libbb/lib.a(copyfd.o)
                0x000000000000e184                bb_copyfd_size
 .text.bb_copyfd_exact_size
                0x000000000000e1ac       0x5c libbb/lib.a(copyfd.o)
                0x000000000000e1ac                bb_copyfd_exact_size
 .text.bb_copyfd_eof
                0x000000000000e208        0xc libbb/lib.a(copyfd.o)
                0x000000000000e208                bb_copyfd_eof
 .text.full_write
                0x000000000000e214       0x5c libbb/lib.a(full_write.o)
                0x000000000000e214                full_write
 .text.safe_read
                0x000000000000e270       0x48 libbb/lib.a(read.o)
                0x000000000000e270                safe_read
 .text.full_read
                0x000000000000e2b8       0x5c libbb/lib.a(read.o)
                0x000000000000e2b8                full_read
 .text.read_close
                0x000000000000e314       0x24 libbb/lib.a(read.o)
                0x000000000000e314                read_close
 .text.open_read_close
                0x000000000000e338       0x30 libbb/lib.a(read.o)
                0x000000000000e338                open_read_close
 .text.safe_write
                0x000000000000e368       0x48 libbb/lib.a(safe_write.o)
                0x000000000000e368                safe_write
 .text.get_mono
                0x000000000000e3b0       0x30 libbb/lib.a(time.o)
 .text.parse_datestr
                0x000000000000e3e0      0x478 libbb/lib.a(time.o)
                0x000000000000e3e0                parse_datestr
 .text.validate_tm_time
                0x000000000000e858       0x2c libbb/lib.a(time.o)
                0x000000000000e858                validate_tm_time
 .text.strftime_HHMMSS
                0x000000000000e884       0x4c libbb/lib.a(time.o)
                0x000000000000e884                strftime_HHMMSS
 .text.strftime_YYYYMMDDHHMMSS
                0x000000000000e8d0       0x4c libbb/lib.a(time.o)
                0x000000000000e8d0                strftime_YYYYMMDDHHMMSS
 .text.monotonic_us
                0x000000000000e91c       0x38 libbb/lib.a(time.o)
                0x000000000000e91c                monotonic_us
 .text.monotonic_ms
                0x000000000000e954       0x38 libbb/lib.a(time.o)
                0x000000000000e954                monotonic_ms
 .text.monotonic_sec
                0x000000000000e98c       0x1c libbb/lib.a(time.o)
                0x000000000000e98c                monotonic_sec
 .text.handle_errors.isra.0
                0x000000000000e9a8       0x64 libbb/lib.a(bb_strtonum.o)
 .text.bb_strtoull
                0x000000000000ea0c       0x70 libbb/lib.a(bb_strtonum.o)
                0x000000000000ea0c                bb_strtoull
 .text.bb_strtoll
                0x000000000000ea7c       0x84 libbb/lib.a(bb_strtonum.o)
                0x000000000000ea7c                bb_strtoll
 .text.bb_strtoul
                0x000000000000eb00       0x70 libbb/lib.a(bb_strtonum.o)
                0x000000000000eb00                bb_strtoul
 .text.bb_strtol
                0x000000000000eb70       0x80 libbb/lib.a(bb_strtonum.o)
                0x000000000000eb70                bb_strtol
 .text.addgroup_main
                0x000000000000ebf0      0x17c loginutils/lib.a(addgroup.o)
                0x000000000000ebf0                addgroup_main
 .text.addgroup_wrapper
                0x000000000000ed6c       0x80 loginutils/lib.a(adduser.o)
 .text.adduser_main
                0x000000000000edec      0x420 loginutils/lib.a(adduser.o)
                0x000000000000edec                adduser_main
 .text.deluser_main
                0x000000000000f20c      0x12c loginutils/lib.a(deluser.o)
                0x000000000000f20c                deluser_main
 .text.bcode    0x000000000000f338       0x24 loginutils/lib.a(getty.o)
 .text.set_tty_attrs
                0x000000000000f35c       0x30 loginutils/lib.a(getty.o)
 .text.finalize_tty_attrs
                0x000000000000f38c       0x8c loginutils/lib.a(getty.o)
 .text.alarm_handler
                0x000000000000f418       0x10 loginutils/lib.a(getty.o)
 .text.getty_main
                0x000000000000f428      0x788 loginutils/lib.a(getty.o)
                0x000000000000f428                getty_main
 .text.alarm_handler
                0x000000000000fbb0       0x3c loginutils/lib.a(login.o)
 .text.login_main
                0x000000000000fbec      0x4ac loginutils/lib.a(login.o)
                0x000000000000fbec                login_main
 .text.passwd_main
                0x0000000000010098      0x4a0 loginutils/lib.a(passwd.o)
                0x0000000000010098                passwd_main
 .text.su_main  0x0000000000010538      0x25c loginutils/lib.a(su.o)
                0x0000000000010538                su_main
 .text.sulogin_main
                0x0000000000010794      0x1a8 loginutils/lib.a(sulogin.o)
                0x0000000000010794                sulogin_main
 .text.acquire_vt
                0x000000000001093c       0x20 loginutils/lib.a(vlock.o)
 .text.release_vt
                0x000000000001095c       0x34 loginutils/lib.a(vlock.o)
 .text.vlock_main
                0x0000000000010990      0x1cc loginutils/lib.a(vlock.o)
                0x0000000000010990                vlock_main
 .text.show_min_max
                0x0000000000010b5c       0x54 miscutils/lib.a(chrt.o)
 .text.chrt_main
                0x0000000000010bb0      0x1c0 miscutils/lib.a(chrt.o)
                0x0000000000010bb0                chrt_main
 .text.delete_cronfile
                0x0000000000010d70       0xb4 miscutils/lib.a(crond.o)
 .text.crondlog
                0x0000000000010e24       0xf8 miscutils/lib.a(crond.o)
 .text.ParseField
                0x0000000000010f1c      0x1c8 miscutils/lib.a(crond.o)
 .text.load_crontab
                0x00000000000110e4      0x2d0 miscutils/lib.a(crond.o)
 .text.rescan_crontab_dir
                0x00000000000113b4      0x114 miscutils/lib.a(crond.o)
 .text.start_one_job
                0x00000000000114c8      0x1d8 miscutils/lib.a(crond.o)
 .text.crond_main
                0x00000000000116a0      0x514 miscutils/lib.a(crond.o)
                0x00000000000116a0                crond_main
 .text.edit_file
                0x0000000000011bb4       0xa0 miscutils/lib.a(crontab.o)
 .text.crontab_main
                0x0000000000011c54      0x2bc miscutils/lib.a(crontab.o)
                0x0000000000011c54                crontab_main
 .text.pop      0x0000000000011f10       0x98 miscutils/lib.a(dc.o)
 .text.push     0x0000000000011fa8       0xa4 miscutils/lib.a(dc.o)
 .text.eor      0x000000000001204c       0x40 miscutils/lib.a(dc.o)
 .text.not      0x000000000001208c       0x20 miscutils/lib.a(dc.o)
 .text.or       0x00000000000120ac       0x40 miscutils/lib.a(dc.o)
 .text.and      0x00000000000120ec       0x40 miscutils/lib.a(dc.o)
 .text.mod      0x000000000001212c       0x54 miscutils/lib.a(dc.o)
 .text.divide   0x0000000000012180       0x28 miscutils/lib.a(dc.o)
 .text.mul      0x00000000000121a8       0x30 miscutils/lib.a(dc.o)
 .text.sub      0x00000000000121d8       0x28 miscutils/lib.a(dc.o)
 .text.add      0x0000000000012200       0x30 miscutils/lib.a(dc.o)
 .text.stack_machine
                0x0000000000012230       0x8c miscutils/lib.a(dc.o)
 .text.set_output_base
                0x00000000000122bc       0x78 miscutils/lib.a(dc.o)
 .text.print_base
                0x0000000000012334      0x114 miscutils/lib.a(dc.o)
 .text.print_stack_no_pop
                0x0000000000012448       0x88 miscutils/lib.a(dc.o)
 .text.print_no_pop
                0x00000000000124d0       0x6c miscutils/lib.a(dc.o)
 .text.dc_main  0x000000000001253c       0xbc miscutils/lib.a(dc.o)
                0x000000000001253c                dc_main
 .text.devmem_main
                0x00000000000125f8      0x260 miscutils/lib.a(devmem.o)
                0x00000000000125f8                devmem_main
 .text.eject_main
                0x0000000000012858       0xcc miscutils/lib.a(eject.o)
                0x0000000000012858                eject_main
 .text.parse_opts
                0x0000000000012924       0x34 miscutils/lib.a(hdparm.o)
 .text.parse_opts_0_1
                0x0000000000012958        0xc miscutils/lib.a(hdparm.o)
 .text.parse_opts_0_INTMAX
                0x0000000000012964        0xc miscutils/lib.a(hdparm.o)
 .text.translate_xfermode
                0x0000000000012970       0x88 miscutils/lib.a(hdparm.o)
 .text.read_big_block
                0x00000000000129f8       0x3c miscutils/lib.a(hdparm.o)
 .text.xprint_ascii
                0x0000000000012a34       0x90 miscutils/lib.a(hdparm.o)
 .text.mode_loop
                0x0000000000012ac4       0x88 miscutils/lib.a(hdparm.o)
 .text.print_flag
                0x0000000000012b4c       0x1c miscutils/lib.a(hdparm.o)
 .text.print_flag_on_off
                0x0000000000012b68       0x40 miscutils/lib.a(hdparm.o)
 .text.identify
                0x0000000000012ba8     0x1220 miscutils/lib.a(hdparm.o)
 .text.identify_from_stdin
                0x0000000000013dc8       0x8c miscutils/lib.a(hdparm.o)
 .text.dump_identity
                0x0000000000013e54      0x48c miscutils/lib.a(hdparm.o)
 .text.seek_to_zero
                0x00000000000142e0       0x28 miscutils/lib.a(hdparm.o)
 .text.flush_buffer_cache
                0x0000000000014308       0x74 miscutils/lib.a(hdparm.o)
 .text.do_time  0x000000000001437c      0x278 miscutils/lib.a(hdparm.o)
 .text.ioctl_alt_func.constprop.1
                0x00000000000145f4       0x4c miscutils/lib.a(hdparm.o)
 .text.print_value_on_off
                0x0000000000014640       0x44 miscutils/lib.a(hdparm.o)
 .text.process_dev
                0x0000000000014684     0x1248 miscutils/lib.a(hdparm.o)
 .text.hdparm_main
                0x00000000000158cc      0x824 miscutils/lib.a(hdparm.o)
                0x00000000000158cc                hdparm_main
 .text.last_main
                0x00000000000160f0      0x250 miscutils/lib.a(last.o)
                0x00000000000160f0                last_main
 .text.opp_bracket
                0x0000000000016340       0x60 miscutils/lib.a(less.o)
 .text.set_tty_cooked
                0x00000000000163a0       0x2c miscutils/lib.a(less.o)
 .text.clear_line
                0x00000000000163cc       0x2c miscutils/lib.a(less.o)
 .text.less_exit
                0x00000000000163f8       0x24 miscutils/lib.a(less.o)
 .text.sig_catcher
                0x000000000001641c        0xc miscutils/lib.a(less.o)
 .text.print_statusline
                0x0000000000016428       0x38 miscutils/lib.a(less.o)
 .text.m_status_print
                0x0000000000016460       0xfc miscutils/lib.a(less.o)
 .text.fill_match_lines
                0x000000000001655c       0xb8 miscutils/lib.a(less.o)
 .text.read_lines
                0x0000000000016614      0x360 miscutils/lib.a(less.o)
 .text.lineno_str
                0x0000000000016974       0x9c miscutils/lib.a(less.o)
 .text.status_print
                0x0000000000016a10       0xa8 miscutils/lib.a(less.o)
 .text.buffer_print
                0x0000000000016ab8      0x318 miscutils/lib.a(less.o)
 .text.buffer_fill_and_print
                0x0000000000016dd0       0x74 miscutils/lib.a(less.o)
 .text.reinitialize
                0x0000000000016e44       0xbc miscutils/lib.a(less.o)
 .text.change_file
                0x0000000000016f00       0x88 miscutils/lib.a(less.o)
 .text.buffer_down
                0x0000000000016f88       0x84 miscutils/lib.a(less.o)
 .text.buffer_up
                0x000000000001700c       0x34 miscutils/lib.a(less.o)
 .text.buffer_line
                0x0000000000017040       0x44 miscutils/lib.a(less.o)
 .text.goto_match
                0x0000000000017084       0x80 miscutils/lib.a(less.o)
 .text.getch_nowait
                0x0000000000017104      0x10c miscutils/lib.a(less.o)
 .text.less_getch
                0x0000000000017210       0x4c miscutils/lib.a(less.o)
 .text.less_gets
                0x000000000001725c       0xd4 miscutils/lib.a(less.o)
 .text.examine_file
                0x0000000000017330       0x90 miscutils/lib.a(less.o)
 .text.regex_process
                0x00000000000173c0      0x134 miscutils/lib.a(less.o)
 .text.less_main
                0x00000000000174f4      0x96c miscutils/lib.a(less.o)
                0x00000000000174f4                less_main
 .text.makedevs_main
                0x0000000000017e60      0x434 miscutils/lib.a(makedevs.o)
                0x0000000000017e60                makedevs_main
 .text.microcom_main
                0x0000000000018294      0x378 miscutils/lib.a(microcom.o)
                0x0000000000018294                microcom_main
 .text.mountpoint_main
                0x000000000001860c      0x22c miscutils/lib.a(mountpoint.o)
                0x000000000001860c                mountpoint_main
 .text.mt_main  0x0000000000018838      0x144 miscutils/lib.a(mt.o)
                0x0000000000018838                mt_main
 .text.runlevel_main
                0x000000000001897c       0x9c miscutils/lib.a(runlevel.o)
                0x000000000001897c                runlevel_main
 .text.index_in_strings_case_insensitive
                0x0000000000018a18       0x5c miscutils/lib.a(setserial.o)
 .text.get_numeric
                0x0000000000018a74       0x18 miscutils/lib.a(setserial.o)
 .text.serial_ctl
                0x0000000000018a8c       0xc4 miscutils/lib.a(setserial.o)
 .text.setserial_main
                0x0000000000018b50      0x5ec miscutils/lib.a(setserial.o)
                0x0000000000018b50                setserial_main
 .text.setsid_main
                0x000000000001913c       0x44 miscutils/lib.a(setsid.o)
                0x000000000001913c                setsid_main
 .text.strings_main
                0x0000000000019180      0x1d4 miscutils/lib.a(strings.o)
                0x0000000000019180                strings_main
 .text.ptok     0x0000000000019354       0x34 miscutils/lib.a(time.o)
 .text.run_command
                0x0000000000019388       0xe0 miscutils/lib.a(time.o)
 .text.time_main
                0x0000000000019468      0x63c miscutils/lib.a(time.o)
                0x0000000000019468                time_main
 .text.watchdog_shutdown
                0x0000000000019aa4       0x28 miscutils/lib.a(watchdog.o)
 .text.watchdog_main
                0x0000000000019acc      0x138 miscutils/lib.a(watchdog.o)
                0x0000000000019acc                watchdog_main
 .text.insmod_main
                0x0000000000019c04       0x54 modutils/lib.a(insmod.o)
                0x0000000000019c04                insmod_main
 .text.lsmod_main
                0x0000000000019c58      0x11c modutils/lib.a(lsmod.o)
                0x0000000000019c58                lsmod_main
 .text.read_config
                0x0000000000019d74       0x30 modutils/lib.a(modprobe.o)
 .text.helper_get_module
                0x0000000000019da4       0xb8 modutils/lib.a(modprobe.o)
 .text.add_probe
                0x0000000000019e5c       0x8c modutils/lib.a(modprobe.o)
 .text.gather_options_str
                0x0000000000019ee8       0x6c modutils/lib.a(modprobe.o)
 .text.config_file_action
                0x0000000000019f54      0x1b0 modutils/lib.a(modprobe.o)
 .text.load_modules_dep
                0x000000000001a104      0x118 modutils/lib.a(modprobe.o)
 .text.do_modprobe
                0x000000000001a21c      0x2cc modutils/lib.a(modprobe.o)
 .text.modprobe_main
                0x000000000001a4e8      0x33c modutils/lib.a(modprobe.o)
                0x000000000001a4e8                modprobe_main
 .text.replace  0x000000000001a824       0x1c modutils/lib.a(modutils.o)
                0x000000000001a824                replace
 .text.string_to_llist
                0x000000000001a840       0x68 modutils/lib.a(modutils.o)
                0x000000000001a840                string_to_llist
 .text.filename2modname
                0x000000000001a8a8       0x74 modutils/lib.a(modutils.o)
                0x000000000001a8a8                filename2modname
 .text.parse_cmdline_module_options
                0x000000000001a91c       0xc8 modutils/lib.a(modutils.o)
                0x000000000001a91c                parse_cmdline_module_options
 .text.bb_init_module
                0x000000000001a9e4       0x7c modutils/lib.a(modutils.o)
                0x000000000001a9e4                bb_init_module
 .text.bb_delete_module
                0x000000000001aa60       0x28 modutils/lib.a(modutils.o)
                0x000000000001aa60                bb_delete_module
 .text.moderror
                0x000000000001aa88       0x70 modutils/lib.a(modutils.o)
                0x000000000001aa88                moderror
 .text.rmmod_main
                0x000000000001aaf8       0xf0 modutils/lib.a(rmmod.o)
                0x000000000001aaf8                rmmod_main
 .text.finish   0x000000000001abe8      0x144 networking/lib.a(arping.o)
 .text.catcher  0x000000000001ad2c      0x2d8 networking/lib.a(arping.o)
 .text.arping_main
                0x000000000001b004      0xa90 networking/lib.a(arping.o)
                0x000000000001b004                arping_main
 .text.undot    0x000000000001ba94       0x38 networking/lib.a(dnsd.o)
 .text.dnsd_main
                0x000000000001bacc      0x684 networking/lib.a(dnsd.o)
                0x000000000001bacc                dnsd_main
 .text.ether_wake_main
                0x000000000001c150      0x2d8 networking/lib.a(ether-wake.o)
                0x000000000001c150                ether_wake_main
 .text.do_sethostname
                0x000000000001c428       0x90 networking/lib.a(hostname.o)
 .text.hostname_main
                0x000000000001c4b8      0x17c networking/lib.a(hostname.o)
                0x000000000001c4b8                hostname_main
 .text.ifconfig_main
                0x000000000001c634      0x3d8 networking/lib.a(ifconfig.o)
                0x000000000001c634                ifconfig_main
 .text.manual_up_down
                0x000000000001ca0c        0x8 networking/lib.a(ifupdown.o)
 .text.check    0x000000000001ca14        0xc networking/lib.a(ifupdown.o)
 .text.doit     0x000000000001ca20       0xdc networking/lib.a(ifupdown.o)
 .text.execute_all
                0x000000000001cafc       0x70 networking/lib.a(ifupdown.o)
 .text.setlocalenv
                0x000000000001cb6c       0x90 networking/lib.a(ifupdown.o)
 .text.set_environ
                0x000000000001cbfc      0x1c0 networking/lib.a(ifupdown.o)
 .text.iface_up
                0x000000000001cdbc       0xb8 networking/lib.a(ifupdown.o)
 .text.iface_down
                0x000000000001ce74       0xb8 networking/lib.a(ifupdown.o)
 .text.next_word
                0x000000000001cf2c       0x60 networking/lib.a(ifupdown.o)
 .text.strncmpz
                0x000000000001cf8c       0x24 networking/lib.a(ifupdown.o)
 .text.get_var  0x000000000001cfb0       0x94 networking/lib.a(ifupdown.o)
 .text.find_iface_state
                0x000000000001d044       0x5c networking/lib.a(ifupdown.o)
 .text.addstr   0x000000000001d0a0       0x5c networking/lib.a(ifupdown.o)
 .text.execute  0x000000000001d0fc      0x2c4 networking/lib.a(ifupdown.o)
 .text.loopback_down
                0x000000000001d3c0       0x50 networking/lib.a(ifupdown.o)
 .text.loopback_up
                0x000000000001d410       0x50 networking/lib.a(ifupdown.o)
 .text.dhcp_up  0x000000000001d460       0x44 networking/lib.a(ifupdown.o)
 .text.bootp_up
                0x000000000001d4a4       0x18 networking/lib.a(ifupdown.o)
 .text.static_down
                0x000000000001d4bc       0x50 networking/lib.a(ifupdown.o)
 .text.static_up
                0x000000000001d50c       0x68 networking/lib.a(ifupdown.o)
 .text.ppp_down
                0x000000000001d574       0x18 networking/lib.a(ifupdown.o)
 .text.ppp_up   0x000000000001d58c       0x18 networking/lib.a(ifupdown.o)
 .text.wvdial_down
                0x000000000001d5a4       0x18 networking/lib.a(ifupdown.o)
 .text.wvdial_up
                0x000000000001d5bc       0x18 networking/lib.a(ifupdown.o)
 .text.dhcp_down
                0x000000000001d5d4       0x54 networking/lib.a(ifupdown.o)
 .text.popen2   0x000000000001d628       0xb8 networking/lib.a(ifupdown.o)
 .text.read_iface_state
                0x000000000001d6e0       0x6c networking/lib.a(ifupdown.o)
 .text.read_interfaces
                0x000000000001d74c      0x59c networking/lib.a(ifupdown.o)
 .text.ifupdown_main
                0x000000000001dce8      0x510 networking/lib.a(ifupdown.o)
                0x000000000001dce8                ifupdown_main
 .text.remove_fd_from_set
                0x000000000001e1f8       0x74 networking/lib.a(inetd.o)
 .text.init_ring
                0x000000000001e26c       0x7c networking/lib.a(inetd.o)
 .text.discard_dg
                0x000000000001e2e8       0x24 networking/lib.a(inetd.o)
 .text.maybe_close
                0x000000000001e30c       0x14 networking/lib.a(inetd.o)
 .text.free_servtab_strings
                0x000000000001e320       0x60 networking/lib.a(inetd.o)
 .text.bump_nofile
                0x000000000001e380      0x120 networking/lib.a(inetd.o)
 .text.add_fd_to_set
                0x000000000001e4a0      0x11c networking/lib.a(inetd.o)
 .text.clean_up_and_exit
                0x000000000001e5bc       0x64 networking/lib.a(inetd.o)
 .text.reap_child
                0x000000000001e620       0xd0 networking/lib.a(inetd.o)
 .text.daytime_dg
                0x000000000001e6f0       0xb4 networking/lib.a(inetd.o)
 .text.daytime_stream
                0x000000000001e7a4       0x40 networking/lib.a(inetd.o)
 .text.machtime
                0x000000000001e7e4       0x44 networking/lib.a(inetd.o)
 .text.machtime_dg
                0x000000000001e828       0x88 networking/lib.a(inetd.o)
 .text.machtime_stream
                0x000000000001e8b0       0x2c networking/lib.a(inetd.o)
 .text.chargen_dg
                0x000000000001e8dc      0x198 networking/lib.a(inetd.o)
 .text.chargen_stream
                0x000000000001ea74       0xc4 networking/lib.a(inetd.o)
 .text.discard_stream
                0x000000000001eb38       0x30 networking/lib.a(inetd.o)
 .text.echo_stream
                0x000000000001eb68       0x40 networking/lib.a(inetd.o)
 .text.echo_dg  0x000000000001eba8       0x90 networking/lib.a(inetd.o)
 .text.xzalloc_lsa
                0x000000000001ec38       0x2c networking/lib.a(inetd.o)
 .text.block_CHLD_HUP_ALRM
                0x000000000001ec64       0x4c networking/lib.a(inetd.o)
 .text.restore_sigmask
                0x000000000001ecb0       0x1c networking/lib.a(inetd.o)
 .text.rearm_alarm
                0x000000000001eccc       0x50 networking/lib.a(inetd.o)
 .text.prepare_socket_fd
                0x000000000001ed1c       0xd4 networking/lib.a(inetd.o)
 .text.retry_network_setup
                0x000000000001edf0       0x78 networking/lib.a(inetd.o)
 .text.reread_config_file
                0x000000000001ee68      0xa14 networking/lib.a(inetd.o)
 .text.inetd_main
                0x000000000001f87c      0xb48 networking/lib.a(inetd.o)
                0x000000000001f87c                inetd_main
 .text.UNSPEC_print
                0x00000000000203c4       0x68 networking/lib.a(interface.o)
 .text.UNSPEC_sprint
                0x000000000002042c       0x24 networking/lib.a(interface.o)
 .text.INET_input
                0x0000000000020450       0x14 networking/lib.a(interface.o)
 .text.INET_sprint
                0x0000000000020464       0x54 networking/lib.a(interface.o)
 .text.ether_print
                0x00000000000204b8       0x5c networking/lib.a(interface.o)
 .text.in_ib    0x0000000000020514       0x2c networking/lib.a(interface.o)
                0x0000000000020514                in_ib
 .text.add_interface
                0x0000000000020540       0x94 networking/lib.a(interface.o)
 .text.if_readconf
                0x00000000000205d4       0xd4 networking/lib.a(interface.o)
 .text.if_readlist_proc
                0x00000000000206a8      0x288 networking/lib.a(interface.o)
 .text.do_if_fetch
                0x0000000000020930      0x304 networking/lib.a(interface.o)
 .text.print_bytes_scaled
                0x0000000000020c34       0xa0 networking/lib.a(interface.o)
 .text.get_hwntype
                0x0000000000020cd4       0x28 networking/lib.a(interface.o)
                0x0000000000020cd4                get_hwntype
 .text.ife_print
                0x0000000000020cfc      0x428 networking/lib.a(interface.o)
 .text.display_interfaces
                0x0000000000021124       0xe8 networking/lib.a(interface.o)
                0x0000000000021124                display_interfaces
 .text.ip_do    0x000000000002120c       0x20 networking/lib.a(ip.o)
 .text.ip_print_help
                0x000000000002122c        0x8 networking/lib.a(ip.o)
 .text.ipaddr_main
                0x0000000000021234        0xc networking/lib.a(ip.o)
                0x0000000000021234                ipaddr_main
 .text.iplink_main
                0x0000000000021240        0xc networking/lib.a(ip.o)
                0x0000000000021240                iplink_main
 .text.iproute_main
                0x000000000002124c        0xc networking/lib.a(ip.o)
                0x000000000002124c                iproute_main
 .text.iprule_main
                0x0000000000021258        0xc networking/lib.a(ip.o)
                0x0000000000021258                iprule_main
 .text.iptunnel_main
                0x0000000000021264        0xc networking/lib.a(ip.o)
                0x0000000000021264                iptunnel_main
 .text.ip_main  0x0000000000021270       0x50 networking/lib.a(ip.o)
                0x0000000000021270                ip_main
 .text.prepend_new_eth_table
                0x00000000000212c0       0xbc networking/lib.a(nameif.o)
 .text.nameif_main
                0x000000000002137c      0x298 networking/lib.a(nameif.o)
                0x000000000002137c                nameif_main
 .text.unix_do_one
                0x0000000000021614      0x24c networking/lib.a(netstat.o)
 .text.ip_port_str
                0x0000000000021860       0x94 networking/lib.a(netstat.o)
 .text.print_inet_line
                0x00000000000218f4       0xc0 networking/lib.a(netstat.o)
 .text.do_info  0x00000000000219b4       0x7c networking/lib.a(netstat.o)
 .text.scan_inet_proc_line
                0x0000000000021a30       0xb8 networking/lib.a(netstat.o)
 .text.raw_do_one
                0x0000000000021ae8       0x54 networking/lib.a(netstat.o)
 .text.udp_do_one
                0x0000000000021b3c       0x84 networking/lib.a(netstat.o)
 .text.tcp_do_one
                0x0000000000021bc0       0x68 networking/lib.a(netstat.o)
 .text.netstat_main
                0x0000000000021c28      0x1cc networking/lib.a(netstat.o)
                0x0000000000021c28                netstat_main
 .text.set_default_dns
                0x0000000000021df4       0x44 networking/lib.a(nslookup.o)
 .text.print_host
                0x0000000000021e38      0x104 networking/lib.a(nslookup.o)
 .text.nslookup_main
                0x0000000000021f3c       0x80 networking/lib.a(nslookup.o)
                0x0000000000021f3c                nslookup_main
 .text.print_stats_and_exit
                0x0000000000021fbc      0x260 networking/lib.a(ping.o)
 .text.sendping4
                0x000000000002221c      0x2d8 networking/lib.a(ping.o)
 .text.ping_main
                0x00000000000224f4      0x90c networking/lib.a(ping.o)
                0x00000000000224f4                ping_main
 .text.kw_lookup
                0x0000000000022e00       0x80 networking/lib.a(route.o)
 .text.INET_setroute
                0x0000000000022e80      0x3dc networking/lib.a(route.o)
 .text.bb_displayroutes
                0x000000000002325c      0x218 networking/lib.a(route.o)
                0x000000000002325c                bb_displayroutes
 .text.route_main
                0x0000000000023474      0x114 networking/lib.a(route.o)
                0x0000000000023474                route_main
 .text.put_iac  0x0000000000023588       0x50 networking/lib.a(telnet.o)
 .text.iac_flush
                0x00000000000235d8       0x50 networking/lib.a(telnet.o)
 .text.put_iac2
                0x0000000000023628       0x54 networking/lib.a(telnet.o)
 .text.rawmode  0x000000000002367c       0x2c networking/lib.a(telnet.o)
 .text.cookmode
                0x00000000000236a8       0x2c networking/lib.a(telnet.o)
 .text.setConMode
                0x00000000000236d4       0x80 networking/lib.a(telnet.o)
 .text.con_escape
                0x0000000000023754      0x148 networking/lib.a(telnet.o)
 .text.handle_net_output
                0x000000000002389c       0x98 networking/lib.a(telnet.o)
 .text.telnet_main
                0x0000000000023934      0x73c networking/lib.a(telnet.o)
                0x0000000000023934                telnet_main
 .text.tftp_blksize_check
                0x0000000000024070       0x68 networking/lib.a(tftp.o)
 .text.tftp_main
                0x00000000000240d8      0x77c networking/lib.a(tftp.o)
                0x00000000000240d8                tftp_main
 .text.traceroute_main
                0x0000000000024854      0x9a0 networking/lib.a(traceroute.o)
                0x0000000000024854                traceroute_main
 .text.xfind_str
                0x00000000000251f4       0x40 networking/lib.a(vconfig.o)
 .text.vconfig_main
                0x0000000000025234      0x134 networking/lib.a(vconfig.o)
                0x0000000000025234                vconfig_main
 .text.sanitize_string
                0x0000000000025368       0x24 networking/lib.a(wget.o)
 .text.alarm_handler
                0x000000000002538c       0x2c networking/lib.a(wget.o)
 .text.open_socket
                0x00000000000253b8       0x58 networking/lib.a(wget.o)
 .text.base64enc
                0x0000000000025410       0x4c networking/lib.a(wget.o)
 .text.fgets_and_trim
                0x000000000002545c       0x6c networking/lib.a(wget.o)
 .text.reset_beg_range_to_zero
                0x00000000000254c8       0x48 networking/lib.a(wget.o)
 .text.parse_url
                0x0000000000025510      0x1c4 networking/lib.a(wget.o)
 .text.gethdr   0x00000000000256d4       0xd4 networking/lib.a(wget.o)
 .text.progress_meter
                0x00000000000257a8       0xcc networking/lib.a(wget.o)
 .text.retrieve_file_data
                0x0000000000025874      0x244 networking/lib.a(wget.o)
 .text.ftpcmd   0x0000000000025ab8       0x88 networking/lib.a(wget.o)
 .text.wget_main
                0x0000000000025b40      0xb58 networking/lib.a(wget.o)
                0x0000000000025b40                wget_main
 .text.ip_parse_common_args
                0x0000000000026698      0x104 networking/libiproute/lib.a(ip_parse_common_args.o)
                0x0000000000026698                ip_parse_common_args
 .text.store_nlmsg
                0x000000000002679c       0x60 networking/libiproute/lib.a(ipaddress.o)
 .text.flush_update
                0x00000000000267fc       0x9c networking/libiproute/lib.a(ipaddress.o)
 .text.print_addrinfo
                0x0000000000026898      0x6d0 networking/libiproute/lib.a(ipaddress.o)
 .text.print_linkinfo
                0x0000000000026f68      0x400 networking/libiproute/lib.a(ipaddress.o)
 .text.ipaddr_modify
                0x0000000000027368      0x4fc networking/libiproute/lib.a(ipaddress.o)
 .text.ipaddr_list_or_flush
                0x0000000000027864      0x700 networking/libiproute/lib.a(ipaddress.o)
                0x0000000000027864                ipaddr_list_or_flush
 .text.do_ipaddr
                0x0000000000027f64       0x78 networking/libiproute/lib.a(ipaddress.o)
                0x0000000000027f64                do_ipaddr
 .text.get_ctl_fd
                0x0000000000027fdc       0x48 networking/libiproute/lib.a(iplink.o)
 .text.do_add_or_delete
                0x0000000000028024      0x514 networking/libiproute/lib.a(iplink.o)
 .text.do_iplink
                0x0000000000028538      0x568 networking/libiproute/lib.a(iplink.o)
                0x0000000000028538                do_iplink
 .text.iproute_reset_filter
                0x0000000000028aa0       0x38 networking/libiproute/lib.a(iproute.o)
 .text.flush_update
                0x0000000000028ad8       0x9c networking/libiproute/lib.a(iproute.o)
 .text.print_route
                0x0000000000028b74      0x900 networking/libiproute/lib.a(iproute.o)
 .text.iproute_get
                0x0000000000029474      0x3c4 networking/libiproute/lib.a(iproute.o)
 .text.iproute_list_or_flush
                0x0000000000029838      0x648 networking/libiproute/lib.a(iproute.o)
 .text.iproute_modify
                0x0000000000029e80      0x4b4 networking/libiproute/lib.a(iproute.o)
 .text.do_iproute
                0x000000000002a334       0xf0 networking/libiproute/lib.a(iproute.o)
                0x000000000002a334                do_iproute
 .text.iprule_modify
                0x000000000002a424      0x3cc networking/libiproute/lib.a(iprule.o)
 .text.print_rule
                0x000000000002a7f0      0x2c8 networking/libiproute/lib.a(iprule.o)
 .text.do_iprule
                0x000000000002aab8       0xcc networking/libiproute/lib.a(iprule.o)
                0x000000000002aab8                do_iprule
 .text.do_get_ioctl
                0x000000000002ab84       0x68 networking/libiproute/lib.a(iptunnel.o)
 .text.parse_args
                0x000000000002abec      0x658 networking/libiproute/lib.a(iptunnel.o)
 .text.do_add_ioctl
                0x000000000002b244       0x94 networking/libiproute/lib.a(iptunnel.o)
 .text.do_add   0x000000000002b2d8       0xa4 networking/libiproute/lib.a(iptunnel.o)
 .text.do_del_ioctl
                0x000000000002b37c       0x6c networking/libiproute/lib.a(iptunnel.o)
 .text.print_tunnel
                0x000000000002b3e8      0x2dc networking/libiproute/lib.a(iptunnel.o)
 .text.do_tunnels_list
                0x000000000002b6c4      0x2a0 networking/libiproute/lib.a(iptunnel.o)
 .text.do_iptunnel
                0x000000000002b964      0x180 networking/libiproute/lib.a(iptunnel.o)
                0x000000000002b964                do_iptunnel
 .text.xrtnl_open
                0x000000000002bae4       0x70 networking/libiproute/lib.a(libnetlink.o)
                0x000000000002bae4                xrtnl_open
 .text.rtnl_send
                0x000000000002bb54       0x54 networking/libiproute/lib.a(libnetlink.o)
                0x000000000002bb54                rtnl_send
 .text.xrtnl_wilddump_request
                0x000000000002bba8       0x54 networking/libiproute/lib.a(libnetlink.o)
                0x000000000002bba8                xrtnl_wilddump_request
 .text.xrtnl_dump_filter
                0x000000000002bbfc      0x1e8 networking/libiproute/lib.a(libnetlink.o)
                0x000000000002bbfc                xrtnl_dump_filter
 .text.rtnl_talk
                0x000000000002bde4      0x28c networking/libiproute/lib.a(libnetlink.o)
                0x000000000002bde4                rtnl_talk
 .text.addattr32
                0x000000000002c070       0x6c networking/libiproute/lib.a(libnetlink.o)
                0x000000000002c070                addattr32
 .text.addattr_l
                0x000000000002c0dc       0x68 networking/libiproute/lib.a(libnetlink.o)
                0x000000000002c0dc                addattr_l
 .text.rta_addattr32
                0x000000000002c144       0x6c networking/libiproute/lib.a(libnetlink.o)
                0x000000000002c144                rta_addattr32
 .text.parse_rtattr
                0x000000000002c1b0       0x68 networking/libiproute/lib.a(libnetlink.o)
                0x000000000002c1b0                parse_rtattr
 .text.ll_addr_n2a
                0x000000000002c218       0xbc networking/libiproute/lib.a(ll_addr.o)
                0x000000000002c218                ll_addr_n2a
 .text.ll_addr_a2n
                0x000000000002c2d4       0xec networking/libiproute/lib.a(ll_addr.o)
                0x000000000002c2d4                ll_addr_a2n
 .text.find_by_index
                0x000000000002c3c0       0x3c networking/libiproute/lib.a(ll_map.o)
 .text.ll_remember_index
                0x000000000002c3fc      0x130 networking/libiproute/lib.a(ll_map.o)
                0x000000000002c3fc                ll_remember_index
 .text.ll_idx_n2a
                0x000000000002c52c       0x4c networking/libiproute/lib.a(ll_map.o)
                0x000000000002c52c                ll_idx_n2a
 .text.ll_index_to_name
                0x000000000002c578        0xc networking/libiproute/lib.a(ll_map.o)
                0x000000000002c578                ll_index_to_name
 .text.ll_index_to_flags
                0x000000000002c584       0x24 networking/libiproute/lib.a(ll_map.o)
                0x000000000002c584                ll_index_to_flags
 .text.xll_name_to_index
                0x000000000002c5a8       0x88 networking/libiproute/lib.a(ll_map.o)
                0x000000000002c5a8                xll_name_to_index
 .text.ll_init_map
                0x000000000002c630       0x34 networking/libiproute/lib.a(ll_map.o)
                0x000000000002c630                ll_init_map
 .text.ll_type_n2a
                0x000000000002c664       0x68 networking/libiproute/lib.a(ll_types.o)
                0x000000000002c664                ll_type_n2a
 .text.rtnl_tab_initialize
                0x000000000002c6cc       0x98 networking/libiproute/lib.a(rt_names.o)
 .text.rtnl_rtprot_initialize
                0x000000000002c764       0x68 networking/libiproute/lib.a(rt_names.o)
 .text.rtnl_rtscope_initialize
                0x000000000002c7cc       0x84 networking/libiproute/lib.a(rt_names.o)
 .text.rtnl_rtrealm_initialize
                0x000000000002c850       0x50 networking/libiproute/lib.a(rt_names.o)
 .text.rtnl_rtdsfield_initialize
                0x000000000002c8a0       0x50 networking/libiproute/lib.a(rt_names.o)
 .text.rtnl_rttable_initialize
                0x000000000002c8f0       0x80 networking/libiproute/lib.a(rt_names.o)
 .text.rtnl_a2n
                0x000000000002c970       0xa4 networking/libiproute/lib.a(rt_names.o)
 .text.rtnl_rtprot_a2n
                0x000000000002ca14       0x30 networking/libiproute/lib.a(rt_names.o)
                0x000000000002ca14                rtnl_rtprot_a2n
 .text.rtnl_rtscope_n2a
                0x000000000002ca44       0x58 networking/libiproute/lib.a(rt_names.o)
                0x000000000002ca44                rtnl_rtscope_n2a
 .text.rtnl_rtscope_a2n
                0x000000000002ca9c       0x30 networking/libiproute/lib.a(rt_names.o)
                0x000000000002ca9c                rtnl_rtscope_a2n
 .text.rtnl_rtrealm_a2n
                0x000000000002cacc       0x30 networking/libiproute/lib.a(rt_names.o)
                0x000000000002cacc                rtnl_rtrealm_a2n
 .text.rtnl_rtrealm_n2a
                0x000000000002cafc       0x58 networking/libiproute/lib.a(rt_names.o)
                0x000000000002cafc                rtnl_rtrealm_n2a
 .text.rtnl_dsfield_n2a
                0x000000000002cb54       0x60 networking/libiproute/lib.a(rt_names.o)
                0x000000000002cb54                rtnl_dsfield_n2a
 .text.rtnl_dsfield_a2n
                0x000000000002cbb4       0x30 networking/libiproute/lib.a(rt_names.o)
                0x000000000002cbb4                rtnl_dsfield_a2n
 .text.rtnl_rttable_n2a
                0x000000000002cbe4       0x58 networking/libiproute/lib.a(rt_names.o)
                0x000000000002cbe4                rtnl_rttable_n2a
 .text.rtnl_rttable_a2n
                0x000000000002cc3c       0x30 networking/libiproute/lib.a(rt_names.o)
                0x000000000002cc3c                rtnl_rttable_a2n
 .text.rtnl_rtntype_n2a
                0x000000000002cc6c       0xf4 networking/libiproute/lib.a(rtm_map.o)
                0x000000000002cc6c                rtnl_rtntype_n2a
 .text.rtnl_rtntype_a2n
                0x000000000002cd60      0x11c networking/libiproute/lib.a(rtm_map.o)
                0x000000000002cd60                rtnl_rtntype_a2n
 .text.get_rt_realms
                0x000000000002ce7c       0xa8 networking/libiproute/lib.a(rtm_map.o)
                0x000000000002ce7c                get_rt_realms
 .text.get_addr_1
                0x000000000002cf24      0x164 networking/libiproute/lib.a(utils.o)
                0x000000000002cf24                get_addr_1
 .text.get_addr
                0x000000000002d088       0x4c networking/libiproute/lib.a(utils.o)
                0x000000000002d088                get_addr
 .text.get_prefix
                0x000000000002d0d4      0x1c0 networking/libiproute/lib.a(utils.o)
                0x000000000002d0d4                get_prefix
 .text.get_addr32
                0x000000000002d294       0x50 networking/libiproute/lib.a(utils.o)
                0x000000000002d294                get_addr32
 .text.incomplete_command
                0x000000000002d2e4       0x10 networking/libiproute/lib.a(utils.o)
                0x000000000002d2e4                incomplete_command
 .text.invarg   0x000000000002d2f4       0x1c networking/libiproute/lib.a(utils.o)
                0x000000000002d2f4                invarg
 .text.get_unsigned
                0x000000000002d310       0x4c networking/libiproute/lib.a(utils.o)
                0x000000000002d310                get_unsigned
 .text.get_u32  0x000000000002d35c       0x4c networking/libiproute/lib.a(utils.o)
                0x000000000002d35c                get_u32
 .text.get_u16  0x000000000002d3a8       0x5c networking/libiproute/lib.a(utils.o)
                0x000000000002d3a8                get_u16
 .text.duparg   0x000000000002d404       0x1c networking/libiproute/lib.a(utils.o)
                0x000000000002d404                duparg
 .text.duparg2  0x000000000002d420       0x1c networking/libiproute/lib.a(utils.o)
                0x000000000002d420                duparg2
 .text.inet_addr_match
                0x000000000002d43c       0x84 networking/libiproute/lib.a(utils.o)
                0x000000000002d43c                inet_addr_match
 .text.rt_addr_n2a
                0x000000000002d4c0       0x28 networking/libiproute/lib.a(utils.o)
                0x000000000002d4c0                rt_addr_n2a
 .text.alloc_dhcp_option
                0x000000000002d4e8       0x58 networking/udhcp/lib.a(dhcpc.o)
 .text.init_packet
                0x000000000002d540       0xcc networking/udhcp/lib.a(dhcpc.o)
 .text.add_client_options
                0x000000000002d60c      0x188 networking/udhcp/lib.a(dhcpc.o)
 .text.raw_bcast_from_client_config_ifindex
                0x000000000002d794       0x5c networking/udhcp/lib.a(dhcpc.o)
 .text.send_discover
                0x000000000002d7f0       0x5c networking/udhcp/lib.a(dhcpc.o)
 .text.send_select
                0x000000000002d84c       0x78 networking/udhcp/lib.a(dhcpc.o)
 .text.send_decline
                0x000000000002d8c4       0x5c networking/udhcp/lib.a(dhcpc.o)
 .text.send_renew
                0x000000000002d920       0x78 networking/udhcp/lib.a(dhcpc.o)
 .text.udhcp_recv_raw_packet
                0x000000000002d998      0x21c networking/udhcp/lib.a(dhcpc.o)
 .text.client_background
                0x000000000002dbb4       0x50 networking/udhcp/lib.a(dhcpc.o)
 .text.sprint_nip
                0x000000000002dc04       0x40 networking/udhcp/lib.a(dhcpc.o)
 .text.change_listen_mode
                0x000000000002dc44      0x120 networking/udhcp/lib.a(dhcpc.o)
 .text.xmalloc_optname_optval.isra.0
                0x000000000002dd64      0x3b0 networking/udhcp/lib.a(dhcpc.o)
 .text.udhcp_run_script
                0x000000000002e114      0x3cc networking/udhcp/lib.a(dhcpc.o)
 .text.send_release
                0x000000000002e4e0       0x78 networking/udhcp/lib.a(dhcpc.o)
 .text.perform_release
                0x000000000002e558       0x98 networking/udhcp/lib.a(dhcpc.o)
 .text.udhcpc_main
                0x000000000002e5f0      0xc28 networking/udhcp/lib.a(dhcpc.o)
                0x000000000002e5f0                udhcpc_main
 .text.udhcp_init_header
                0x000000000002f218       0x8c networking/udhcp/lib.a(packet.o)
                0x000000000002f218                udhcp_init_header
 .text.udhcp_recv_kernel_packet
                0x000000000002f2a4       0x7c networking/udhcp/lib.a(packet.o)
                0x000000000002f2a4                udhcp_recv_kernel_packet
 .text.udhcp_send_raw_packet
                0x000000000002f320      0x22c networking/udhcp/lib.a(packet.o)
                0x000000000002f320                udhcp_send_raw_packet
 .text.udhcp_send_kernel_packet
                0x000000000002f54c      0x148 networking/udhcp/lib.a(packet.o)
                0x000000000002f54c                udhcp_send_kernel_packet
 .text.signal_handler
                0x000000000002f694       0x3c networking/udhcp/lib.a(signalpipe.o)
 .text.udhcp_sp_setup
                0x000000000002f6d0       0x44 networking/udhcp/lib.a(signalpipe.o)
                0x000000000002f6d0                udhcp_sp_setup
 .text.udhcp_sp_fd_set
                0x000000000002f714       0x84 networking/udhcp/lib.a(signalpipe.o)
                0x000000000002f714                udhcp_sp_fd_set
 .text.udhcp_sp_read
                0x000000000002f798       0x50 networking/udhcp/lib.a(signalpipe.o)
                0x000000000002f798                udhcp_sp_read
 .text.udhcp_read_interface
                0x000000000002f7e8      0x120 networking/udhcp/lib.a(socket.o)
                0x000000000002f7e8                udhcp_read_interface
 .text.udhcp_listen_socket
                0x000000000002f908       0xc0 networking/udhcp/lib.a(socket.o)
                0x000000000002f908                udhcp_listen_socket
 .text.arpping  0x000000000002f9c8      0x200 networking/udhcp/lib.a(arpping.o)
                0x000000000002f9c8                arpping
 .text.udhcp_option_idx
                0x000000000002fbc8       0x74 networking/udhcp/lib.a(common.o)
                0x000000000002fbc8                udhcp_option_idx
 .text.udhcp_get_option
                0x000000000002fc3c       0xcc networking/udhcp/lib.a(common.o)
                0x000000000002fc3c                udhcp_get_option
 .text.udhcp_end_option
                0x000000000002fd08       0x34 networking/udhcp/lib.a(common.o)
                0x000000000002fd08                udhcp_end_option
 .text.udhcp_add_binary_option
                0x000000000002fd3c       0x5c networking/udhcp/lib.a(common.o)
                0x000000000002fd3c                udhcp_add_binary_option
 .text.udhcp_add_simple_option
                0x000000000002fd98       0x84 networking/udhcp/lib.a(common.o)
                0x000000000002fd98                udhcp_add_simple_option
 .text.udhcp_find_option
                0x000000000002fe1c       0x24 networking/udhcp/lib.a(common.o)
                0x000000000002fe1c                udhcp_find_option
 .text.attach_option
                0x000000000002fe40      0x174 networking/udhcp/lib.a(common.o)
 .text.udhcp_str2nip
                0x000000000002ffb4       0x4c networking/udhcp/lib.a(common.o)
                0x000000000002ffb4                udhcp_str2nip
 .text.udhcp_str2optset
                0x0000000000030000      0x2b8 networking/udhcp/lib.a(common.o)
                0x0000000000030000                udhcp_str2optset
 .text.sprint_nip6
                0x00000000000302b8       0x6c networking/udhcp/lib.a(common.o)
                0x00000000000302b8                sprint_nip6
 .text.free_main
                0x0000000000030324      0x354 procps/lib.a(free.o)
                0x0000000000030324                free_main
 .text.search_dev_inode
                0x0000000000030678       0x98 procps/lib.a(fuser.o)
 .text.add_inode
                0x0000000000030710       0xa8 procps/lib.a(fuser.o)
 .text.scan_proc_net_or_maps
                0x00000000000307b8      0x1b4 procps/lib.a(fuser.o)
 .text.scan_recursive
                0x000000000003096c      0x2bc procps/lib.a(fuser.o)
 .text.fuser_main
                0x0000000000030c28      0x1f8 procps/lib.a(fuser.o)
                0x0000000000030c28                fuser_main
 .text.kill_main
                0x0000000000030e20      0x498 procps/lib.a(kill.o)
                0x0000000000030e20                kill_main
 .text.lsof_main
                0x00000000000312b8       0xd8 procps/lib.a(lsof.o)
                0x00000000000312b8                lsof_main
 .text.pidof_main
                0x0000000000031390      0x148 procps/lib.a(pidof.o)
                0x0000000000031390                pidof_main
 .text.new_out_t
                0x00000000000314d8       0xb8 procps/lib.a(ps.o)
 .text.func_pgid
                0x0000000000031590       0x28 procps/lib.a(ps.o)
 .text.func_ppid
                0x00000000000315b8       0x28 procps/lib.a(ps.o)
 .text.func_pid
                0x00000000000315e0       0x28 procps/lib.a(ps.o)
 .text.find_out_spec
                0x0000000000031608       0x98 procps/lib.a(ps.o)
 .text.parse_o  0x00000000000316a0      0x12c procps/lib.a(ps.o)
 .text.put_lu   0x00000000000317cc       0x50 procps/lib.a(ps.o)
 .text.func_rss
                0x000000000003181c        0x8 procps/lib.a(ps.o)
 .text.func_vsz
                0x0000000000031824        0x8 procps/lib.a(ps.o)
 .text.func_state
                0x000000000003182c       0x1c procps/lib.a(ps.o)
 .text.func_comm
                0x0000000000031848       0x1c procps/lib.a(ps.o)
 .text.func_tty
                0x0000000000031864       0x40 procps/lib.a(ps.o)
 .text.func_args
                0x00000000000318a4       0x20 procps/lib.a(ps.o)
 .text.func_group
                0x00000000000318c4       0x2c procps/lib.a(ps.o)
 .text.func_user
                0x00000000000318f0       0x2c procps/lib.a(ps.o)
 .text.ps_main  0x000000000003191c      0x4d0 procps/lib.a(ps.o)
                0x000000000003191c                ps_main
 .text.renice_main
                0x0000000000031dec      0x19c procps/lib.a(renice.o)
                0x0000000000031dec                renice_main
 .text.sysctl_dots_to_slashes
                0x0000000000031f88       0x8c procps/lib.a(sysctl.o)
 .text.sysctl_act_recursive
                0x0000000000032014      0x2d4 procps/lib.a(sysctl.o)
 .text.sysctl_main
                0x00000000000322e8      0x124 procps/lib.a(sysctl.o)
                0x00000000000322e8                sysctl_main
 .text.pid_sort
                0x000000000003240c       0x10 procps/lib.a(top.o)
 .text.mem_sort
                0x000000000003241c       0x24 procps/lib.a(top.o)
 .text.pcpu_sort
                0x0000000000032440       0x10 procps/lib.a(top.o)
 .text.time_sort
                0x0000000000032450       0x24 procps/lib.a(top.o)
 .text.mult_lvl_cmp
                0x0000000000032474       0x90 procps/lib.a(top.o)
 .text.display_process_list
                0x0000000000032504      0x7c0 procps/lib.a(top.o)
 .text.clearmems
                0x0000000000032cc4       0x4c procps/lib.a(top.o)
 .text.reset_term
                0x0000000000032d10       0x54 procps/lib.a(top.o)
 .text.sig_catcher
                0x0000000000032d64       0x14 procps/lib.a(top.o)
 .text.handle_input
                0x0000000000032d78      0x400 procps/lib.a(top.o)
 .text.read_cpu_jiffy.constprop.0
                0x0000000000033178      0x314 procps/lib.a(top.o)
 .text.do_stats
                0x000000000003348c      0x23c procps/lib.a(top.o)
 .text.top_main
                0x00000000000336c8      0x494 procps/lib.a(top.o)
                0x00000000000336c8                top_main
 .text.uptime_main
                0x0000000000033b5c      0x144 procps/lib.a(uptime.o)
                0x0000000000033b5c                uptime_main
 .text.watch_main
                0x0000000000033ca0      0x11c procps/lib.a(watch.o)
                0x0000000000033ca0                watch_main
 .text.isdigit_str9
                0x0000000000033dbc       0x38 shell/lib.a(ash.o)
 .text.var_end  0x0000000000033df4       0x28 shell/lib.a(ash.o)
 .text.stunalloc
                0x0000000000033e1c       0x28 shell/lib.a(ash.o)
 .text.setstackmark
                0x0000000000033e44       0x34 shell/lib.a(ash.o)
 .text.prefix   0x0000000000033e78       0x28 shell/lib.a(ash.o)
 .text.varcmp   0x0000000000033ea0       0x44 shell/lib.a(ash.o)
 .text.hashvar  0x0000000000033ee4       0x48 shell/lib.a(ash.o)
 .text.vpcmp    0x0000000000033f2c        0xc shell/lib.a(ash.o)
 .text.findvar  0x0000000000033f38       0x3c shell/lib.a(ash.o)
 .text.lookupvar
                0x0000000000033f74       0x58 shell/lib.a(ash.o)
 .text.bltinlookup
                0x0000000000033fcc       0x50 shell/lib.a(ash.o)
 .text.set_curjob